12-29 16:01:28.813  2522  2792 E Err     : [ (DeviceUtil.java:36)#GetGimiPid ] getGimiPid = XGIMI0000333
12-29 16:01:30.146  2666 11290 E HttpPost: HCDN_LOG: LevelF [2018/12/29 16:01:30:146][tid:11290]:add job,http://msg.ptqy.gitv.tv/v5/ypt/cdns?p1=3_31_312&u=6b4imacxozevja5oxodw5frukentwtr3&v=10.2.53.18&rn=14367915&stcf=0&skcf=0&lrcf=0&cpcf=0&bfcf=0&pupf=0&openup=1&htaskr=0&cpucnt=4&memts=915&diskts=4076&sbfcf=0&dkioswh=1&dkioran=3&kpdldswh=0&kpdldras=0&stmode=0&upmemhit=0&iotmmed=0&iotmiqr=0&dbflsmed=0&dbflsiqr=0&appclup=0&onlyuc=0&diskinsuf=0&as_st_cnt=0&sc_st_cnt=0&sc_stop_c=0&sc_cmpl_c=0&st_code=0&sc_cost=0&free_spc=2968&app_sz=0&app_adv=0&app_cnt=0&stor_sz=0&stor_adv=0&stor_cnt=0&cl_alc=0&app_cl=0&stor_cl=0&cl_ct=0&app_exts=0&app_extc=0&mem_s=0&a_mem=0&e_mem=0 
12-29 16:01:30.911  2666 11296 E storage_operate: HCDN_LOG: LevelF [2018/12/29 16:01:30:911][tid:11296]:[func:GetPgfCapacityChange],[line:76],[oper:get pgf capacity change],[total_space:4076],[free_space:2984]
12-29 16:01:30.912  2666 11296 E storage_operate: HCDN_LOG: LevelF [2018/12/29 16:01:30:911][tid:11296]:[func:UpdatePgfCapacity],[line:1020],[oper:update pgf capacity],[state:1]
12-29 16:01:43.361 15515 15534 E DeviceLoadService: [ (DeviceLoadService.java:216)#HandleMessage ] CHECK_MOUNT_STATUS>>>>>>>>>>>>>>>>>>>>>>>>>>>>>>false
12-29 16:01:43.363 15515 15534 E DeviceLoadService: [ (DeviceLoadService.java:234)#CheckMountState ] mountPath/storage/emulated/0
12-29 16:01:43.366 15515 15534 E DeviceLoadService: [ (DeviceLoadService.java:258)#NotifyCheckChanged ] notifyCheckChanged>>>>>>>>>>>>>>>>>>>>>>
12-29 16:01:57.988  2666 11296 E storage_operate: HCDN_LOG: LevelF [2018/12/29 16:01:57:988][tid:11296]:[func:StatMemInfo],[line:625],[oper:stat_mem_info],[store:0],[avail:0],[extend:0]
12-29 16:02:00.913  2666 11296 E storage_operate: HCDN_LOG: LevelF [2018/12/29 16:02:00:913][tid:11296]:[func:GetPgfCapacityChange],[line:76],[oper:get pgf capacity change],[total_space:4076],[free_space:2984]
12-29 16:02:00.913  2666 11296 E storage_operate: HCDN_LOG: LevelF [2018/12/29 16:02:00:913][tid:11296]:[func:UpdatePgfCapacity],[line:1020],[oper:update pgf capacity],[state:1]
12-29 16:02:03.406 15515 15534 E DeviceLoadService: [ (DeviceLoadService.java:216)#HandleMessage ] CHECK_MOUNT_STATUS>>>>>>>>>>>>>>>>>>>>>>>>>>>>>>false
12-29 16:02:03.409 15515 15534 E DeviceLoadService: [ (DeviceLoadService.java:234)#CheckMountState ] mountPath/storage/emulated/0
12-29 16:02:03.411 15515 15534 E DeviceLoadService: [ (DeviceLoadService.java:258)#NotifyCheckChanged ] notifyCheckChanged>>>>>>>>>>>>>>>>>>>>>>
12-29 16:02:08.464  2666  2666 E ScreenSaverImageProvider: [TID 2666] readLocalScreenSaverModelList, read screen saver data failed
12-29 16:02:08.464  2666  2666 E ScreenSaverImageProvider: java.io.EOFException
12-29 16:02:08.464  2666  2666 E ScreenSaverImageProvider: 	at libcore.io.Streams.readFully(Streams.java:83)
12-29 16:02:08.464  2666  2666 E ScreenSaverImageProvider: 	at java.io.DataInputStream.readShort(DataInputStream.java:152)
12-29 16:02:08.464  2666  2666 E ScreenSaverImageProvider: 	at java.io.ObjectInputStream.readStreamHeader(ObjectInputStream.java:2061)
12-29 16:02:08.464  2666  2666 E ScreenSaverImageProvider: 	at java.io.ObjectInputStream.<init>(ObjectInputStream.java:371)
12-29 16:02:08.464  2666  2666 E ScreenSaverImageProvider: 	at com.gala.video.lib.framework.core.utils.SerializableUtils.read(SerializableUtils.java:71)
12-29 16:02:08.464  2666  2666 E ScreenSaverImageProvider: 	at com.gala.video.app.epg.k.g.h(ScreenSaverImageProvider.java:233)
12-29 16:02:08.464  2666  2666 E ScreenSaverImageProvider: 	at com.gala.video.app.epg.k.g.b(ScreenSaverImageProvider.java:68)
12-29 16:02:08.464  2666  2666 E ScreenSaverImageProvider: 	at com.gala.video.app.epg.k.g.e(ScreenSaverImageProvider.java:196)
12-29 16:02:08.464  2666  2666 E ScreenSaverImageProvider: 	at com.gala.video.app.epg.k.h$1.handleMessage(ScreenSaverOperator.java:74)
12-29 16:02:08.464  2666  2666 E ScreenSaverImageProvider: 	at android.os.Handler.dispatchMessage(Handler.java:102)
12-29 16:02:08.464  2666  2666 E ScreenSaverImageProvider: 	at android.os.Looper.loop(Looper.java:148)
12-29 16:02:08.464  2666  2666 E ScreenSaverImageProvider: 	at android.app.ActivityThread.main(ActivityThread.java:5417)
12-29 16:02:08.464  2666  2666 E ScreenSaverImageProvider: 	at java.lang.reflect.Method.invoke(Native Method)
12-29 16:02:08.464  2666  2666 E ScreenSaverImageProvider: 	at com.android.internal.os.ZygoteInit$MethodAndArgsCaller.run(ZygoteInit.java:731)
12-29 16:02:08.464  2666  2666 E ScreenSaverImageProvider: 	at com.android.internal.os.ZygoteInit.main(ZygoteInit.java:621)
12-29 16:02:18.374  2666  2666 E ScreenSaverImageProvider: [TID 2666] readLocalScreenSaverModelList, read screen saver data failed
12-29 16:02:18.374  2666  2666 E ScreenSaverImageProvider: java.io.EOFException
12-29 16:02:18.374  2666  2666 E ScreenSaverImageProvider: 	at libcore.io.Streams.readFully(Streams.java:83)
12-29 16:02:18.374  2666  2666 E ScreenSaverImageProvider: 	at java.io.DataInputStream.readShort(DataInputStream.java:152)
12-29 16:02:18.374  2666  2666 E ScreenSaverImageProvider: 	at java.io.ObjectInputStream.readStreamHeader(ObjectInputStream.java:2061)
12-29 16:02:18.374  2666  2666 E ScreenSaverImageProvider: 	at java.io.ObjectInputStream.<init>(ObjectInputStream.java:371)
12-29 16:02:18.374  2666  2666 E ScreenSaverImageProvider: 	at com.gala.video.lib.framework.core.utils.SerializableUtils.read(SerializableUtils.java:71)
12-29 16:02:18.374  2666  2666 E ScreenSaverImageProvider: 	at com.gala.video.app.epg.k.g.h(ScreenSaverImageProvider.java:233)
12-29 16:02:18.374  2666  2666 E ScreenSaverImageProvider: 	at com.gala.video.app.epg.k.g.b(ScreenSaverImageProvider.java:68)
12-29 16:02:18.374  2666  2666 E ScreenSaverImageProvider: 	at com.gala.video.app.epg.k.g.e(ScreenSaverImageProvider.java:196)
12-29 16:02:18.374  2666  2666 E ScreenSaverImageProvider: 	at com.gala.video.app.epg.k.h$1.handleMessage(ScreenSaverOperator.java:88)
12-29 16:02:18.374  2666  2666 E ScreenSaverImageProvider: 	at android.os.Handler.dispatchMessage(Handler.java:102)
12-29 16:02:18.374  2666  2666 E ScreenSaverImageProvider: 	at android.os.Looper.loop(Looper.java:148)
12-29 16:02:18.374  2666  2666 E ScreenSaverImageProvider: 	at android.app.ActivityThread.main(ActivityThread.java:5417)
12-29 16:02:18.374  2666  2666 E ScreenSaverImageProvider: 	at java.lang.reflect.Method.invoke(Native Method)
12-29 16:02:18.374  2666  2666 E ScreenSaverImageProvider: 	at com.android.internal.os.ZygoteInit$MethodAndArgsCaller.run(ZygoteInit.java:731)
12-29 16:02:18.374  2666  2666 E ScreenSaverImageProvider: 	at com.android.internal.os.ZygoteInit.main(ZygoteInit.java:621)
12-29 16:02:23.452 15515 15534 E DeviceLoadService: [ (DeviceLoadService.java:216)#HandleMessage ] CHECK_MOUNT_STATUS>>>>>>>>>>>>>>>>>>>>>>>>>>>>>>false
12-29 16:02:23.455 15515 15534 E DeviceLoadService: [ (DeviceLoadService.java:234)#CheckMountState ] mountPath/storage/emulated/0
12-29 16:02:23.457 15515 15534 E DeviceLoadService: [ (DeviceLoadService.java:258)#NotifyCheckChanged ] notifyCheckChanged>>>>>>>>>>>>>>>>>>>>>>
12-29 16:02:28.668  2666  2666 E home/DataRefreshPeriodism: [TID 2666] read data request periodism exception : null
12-29 16:02:28.672  2666  2666 E home/DataRefreshPeriodism: [TID 2666] read data request periodism exception : null
12-29 16:02:28.677  2666  2666 E home/DataRefreshPeriodism: [TID 2666] read data request periodism exception : null
12-29 16:02:28.681  2666  2666 E home/DataRefreshPeriodism: [TID 2666] read data request periodism exception : null
12-29 16:02:30.913  2666 11296 E storage_operate: HCDN_LOG: LevelF [2018/12/29 16:02:30:913][tid:11296]:[func:GetPgfCapacityChange],[line:76],[oper:get pgf capacity change],[total_space:4076],[free_space:2984]
12-29 16:02:30.913  2666 11296 E storage_operate: HCDN_LOG: LevelF [2018/12/29 16:02:30:913][tid:11296]:[func:UpdatePgfCapacity],[line:1020],[oper:update pgf capacity],[state:1]
12-29 16:02:43.498 15515 15534 E DeviceLoadService: [ (DeviceLoadService.java:216)#HandleMessage ] CHECK_MOUNT_STATUS>>>>>>>>>>>>>>>>>>>>>>>>>>>>>>false
12-29 16:02:43.501 15515 15534 E DeviceLoadService: [ (DeviceLoadService.java:234)#CheckMountState ] mountPath/storage/emulated/0
12-29 16:02:43.503 15515 15534 E DeviceLoadService: [ (DeviceLoadService.java:258)#NotifyCheckChanged ] notifyCheckChanged>>>>>>>>>>>>>>>>>>>>>>
12-29 16:03:00.913  2666 11296 E storage_operate: HCDN_LOG: LevelF [2018/12/29 16:03:00:913][tid:11296]:[func:GetPgfCapacityChange],[line:76],[oper:get pgf capacity change],[total_space:4076],[free_space:2984]
12-29 16:03:00.913  2666 11296 E storage_operate: HCDN_LOG: LevelF [2018/12/29 16:03:00:913][tid:11296]:[func:UpdatePgfCapacity],[line:1020],[oper:update pgf capacity],[state:1]
12-29 16:03:03.541 15515 15534 E DeviceLoadService: [ (DeviceLoadService.java:216)#HandleMessage ] CHECK_MOUNT_STATUS>>>>>>>>>>>>>>>>>>>>>>>>>>>>>>false
12-29 16:03:03.544 15515 15534 E DeviceLoadService: [ (DeviceLoadService.java:234)#CheckMountState ] mountPath/storage/emulated/0
12-29 16:03:03.547 15515 15534 E DeviceLoadService: [ (DeviceLoadService.java:258)#NotifyCheckChanged ] notifyCheckChanged>>>>>>>>>>>>>>>>>>>>>>
12-29 16:03:23.581 15515 15534 E DeviceLoadService: [ (DeviceLoadService.java:216)#HandleMessage ] CHECK_MOUNT_STATUS>>>>>>>>>>>>>>>>>>>>>>>>>>>>>>false
12-29 16:03:23.584 15515 15534 E DeviceLoadService: [ (DeviceLoadService.java:234)#CheckMountState ] mountPath/storage/emulated/0
12-29 16:03:23.586 15515 15534 E DeviceLoadService: [ (DeviceLoadService.java:258)#NotifyCheckChanged ] notifyCheckChanged>>>>>>>>>>>>>>>>>>>>>>
12-29 16:03:30.913  2666 11296 E storage_operate: HCDN_LOG: LevelF [2018/12/29 16:03:30:913][tid:11296]:[func:GetPgfCapacityChange],[line:76],[oper:get pgf capacity change],[total_space:4076],[free_space:2984]
12-29 16:03:30.913  2666 11296 E storage_operate: HCDN_LOG: LevelF [2018/12/29 16:03:30:913][tid:11296]:[func:UpdatePgfCapacity],[line:1020],[oper:update pgf capacity],[state:1]
12-29 16:03:43.626 15515 15534 E DeviceLoadService: [ (DeviceLoadService.java:216)#HandleMessage ] CHECK_MOUNT_STATUS>>>>>>>>>>>>>>>>>>>>>>>>>>>>>>false
12-29 16:03:43.629 15515 15534 E DeviceLoadService: [ (DeviceLoadService.java:234)#CheckMountState ] mountPath/storage/emulated/0
12-29 16:03:43.632 15515 15534 E DeviceLoadService: [ (DeviceLoadService.java:258)#NotifyCheckChanged ] notifyCheckChanged>>>>>>>>>>>>>>>>>>>>>>
12-29 16:04:00.913  2666 11296 E storage_operate: HCDN_LOG: LevelF [2018/12/29 16:04:00:913][tid:11296]:[func:GetPgfCapacityChange],[line:76],[oper:get pgf capacity change],[total_space:4076],[free_space:2984]
12-29 16:04:00.913  2666 11296 E storage_operate: HCDN_LOG: LevelF [2018/12/29 16:04:00:913][tid:11296]:[func:UpdatePgfCapacity],[line:1020],[oper:update pgf capacity],[state:1]
12-29 16:04:03.672 15515 15534 E DeviceLoadService: [ (DeviceLoadService.java:216)#HandleMessage ] CHECK_MOUNT_STATUS>>>>>>>>>>>>>>>>>>>>>>>>>>>>>>false
12-29 16:04:03.674 15515 15534 E DeviceLoadService: [ (DeviceLoadService.java:234)#CheckMountState ] mountPath/storage/emulated/0
12-29 16:04:03.677 15515 15534 E DeviceLoadService: [ (DeviceLoadService.java:258)#NotifyCheckChanged ] notifyCheckChanged>>>>>>>>>>>>>>>>>>>>>>
12-29 16:04:23.718 15515 15534 E DeviceLoadService: [ (DeviceLoadService.java:216)#HandleMessage ] CHECK_MOUNT_STATUS>>>>>>>>>>>>>>>>>>>>>>>>>>>>>>false
12-29 16:04:23.721 15515 15534 E DeviceLoadService: [ (DeviceLoadService.java:234)#CheckMountState ] mountPath/storage/emulated/0
12-29 16:04:23.723 15515 15534 E DeviceLoadService: [ (DeviceLoadService.java:258)#NotifyCheckChanged ] notifyCheckChanged>>>>>>>>>>>>>>>>>>>>>>
12-29 16:04:28.914  2522  2792 E ContentHelper: getLocalInfo:count==1
12-29 16:04:28.914  2522  2792 E ContentHelper: getLocalInfo:config==null
12-29 16:04:28.915  2522  2792 E ContentHelper: getLocalInfo:count==1
12-29 16:04:28.915  2522  2792 E ContentHelper: getLocalInfo:config==null
12-29 16:04:28.927  2522  2792 E Err     : [ (DeviceUtil.java:36)#GetGimiPid ] getGimiPid = XGIMI0000333
12-29 16:04:29.138  2522  2522 E LocalReporter: [ (StringUploader.java:94)#_onSuccess ] upload Success = []
12-29 16:04:30.914  2666 11296 E storage_operate: HCDN_LOG: LevelF [2018/12/29 16:04:30:914][tid:11296]:[func:GetPgfCapacityChange],[line:76],[oper:get pgf capacity change],[total_space:4076],[free_space:2984]
12-29 16:04:30.914  2666 11296 E storage_operate: HCDN_LOG: LevelF [2018/12/29 16:04:30:914][tid:11296]:[func:UpdatePgfCapacity],[line:1020],[oper:update pgf capacity],[state:1]
12-29 16:04:43.764 15515 15534 E DeviceLoadService: [ (DeviceLoadService.java:216)#HandleMessage ] CHECK_MOUNT_STATUS>>>>>>>>>>>>>>>>>>>>>>>>>>>>>>false
12-29 16:04:43.767 15515 15534 E DeviceLoadService: [ (DeviceLoadService.java:234)#CheckMountState ] mountPath/storage/emulated/0
12-29 16:04:43.770 15515 15534 E DeviceLoadService: [ (DeviceLoadService.java:258)#NotifyCheckChanged ] notifyCheckChanged>>>>>>>>>>>>>>>>>>>>>>
12-29 16:05:00.915  2666 11296 E storage_operate: HCDN_LOG: LevelF [2018/12/29 16:05:00:915][tid:11296]:[func:GetPgfCapacityChange],[line:76],[oper:get pgf capacity change],[total_space:4076],[free_space:2984]
12-29 16:05:00.915  2666 11296 E storage_operate: HCDN_LOG: LevelF [2018/12/29 16:05:00:915][tid:11296]:[func:UpdatePgfCapacity],[line:1020],[oper:update pgf capacity],[state:1]
12-29 16:05:01.416  2666 11293 E MutiHost: HCDN_LOG: LevelF [2018/12/29 16:05:01:416][tid:11293]:SetNodeString,65  GetHostByName() success domain:flux.hcdn.ptqy.gitv.tv 
12-29 16:05:01.418  2666 11293 E MutiHost: HCDN_LOG: LevelF [2018/12/29 16:05:01:418][tid:11293]:SetNodeString,65  GetHostByName() success domain:flux.hcdn.ptqy.gitv.tv 
12-29 16:05:03.809 15515 15534 E DeviceLoadService: [ (DeviceLoadService.java:216)#HandleMessage ] CHECK_MOUNT_STATUS>>>>>>>>>>>>>>>>>>>>>>>>>>>>>>false
12-29 16:05:03.811 15515 15534 E DeviceLoadService: [ (DeviceLoadService.java:234)#CheckMountState ] mountPath/storage/emulated/0
12-29 16:05:03.814 15515 15534 E DeviceLoadService: [ (DeviceLoadService.java:258)#NotifyCheckChanged ] notifyCheckChanged>>>>>>>>>>>>>>>>>>>>>>
12-29 16:05:23.853 15515 15534 E DeviceLoadService: [ (DeviceLoadService.java:216)#HandleMessage ] CHECK_MOUNT_STATUS>>>>>>>>>>>>>>>>>>>>>>>>>>>>>>false
12-29 16:05:23.856 15515 15534 E DeviceLoadService: [ (DeviceLoadService.java:234)#CheckMountState ] mountPath/storage/emulated/0
12-29 16:05:23.859 15515 15534 E DeviceLoadService: [ (DeviceLoadService.java:258)#NotifyCheckChanged ] notifyCheckChanged>>>>>>>>>>>>>>>>>>>>>>
12-29 16:05:30.916  2666 11296 E storage_operate: HCDN_LOG: LevelF [2018/12/29 16:05:30:916][tid:11296]:[func:GetPgfCapacityChange],[line:76],[oper:get pgf capacity change],[total_space:4076],[free_space:2984]
12-29 16:05:30.916  2666 11296 E storage_operate: HCDN_LOG: LevelF [2018/12/29 16:05:30:916][tid:11296]:[func:UpdatePgfCapacity],[line:1020],[oper:update pgf capacity],[state:1]
12-29 16:05:43.899 15515 15534 E DeviceLoadService: [ (DeviceLoadService.java:216)#HandleMessage ] CHECK_MOUNT_STATUS>>>>>>>>>>>>>>>>>>>>>>>>>>>>>>false
12-29 16:05:43.902 15515 15534 E DeviceLoadService: [ (DeviceLoadService.java:234)#CheckMountState ] mountPath/storage/emulated/0
12-29 16:05:43.905 15515 15534 E DeviceLoadService: [ (DeviceLoadService.java:258)#NotifyCheckChanged ] notifyCheckChanged>>>>>>>>>>>>>>>>>>>>>>
12-29 16:06:00.311  2666 11290 E DE_FLUX_STAT: HCDN_LOG: LevelF [2018/12/29 16:06:00:311][tid:11290]:GetSendData,219     version:10.2.53.18 device_type:12 p2p_up:0 fp2p_up:0 l_p2p_down:0 l_fp2p_down:0 l_cdn_down:0 l_icdn_down:0 l_ds_down:0 u_p2p_down:0 u_fp2p_down:0 u_cdn_down:0 u_icdn_down:0 u_ds_down:0 a_p2p_down:0 a_ds_down:0 s_i_s_p_d0 s_i_d_p_d:0 d_s_d:0 u_i_p_d:0 upload_pc:0 upload_mobile:0 upload_unknown:0 p2p_or_flashp2p_flux_LessThan_500rate:0 pps_ppsp2p_or_flashp2p_flux_500_1024rate:0 pps_ppsp2p_or_flashp2p_flux_1024_2048rate:0 pps_ppsp2p_or_flashp2p_flux_MoreThan_2048rate:0 pps_total_flux_LessThan_500rate:0 pps_total_flux_500_1024rate:0 pps_total_flux_1024_2048rate:0 pps_total_flux_MoreThan_2048rate:0 volume_total_size:4076 volume_free_size:2968 p2p_flux_of_play_task:0 p2p_flux_of_download_task:0 CDN_flux_of_play_task:0 CDN_flux_of_download_task:0 net_type:12 directional_flux_of_play_task:0 directional_flux_of_download_task:0 connect_type:0
12-29 16:06:00.311  2666 11290 E DE_FLUX_STAT: HCDN_LOG: LevelF [2018/12/29 16:06:00:311][tid:11290]:GetSendData,235     is_vip:0 tracket_limited:0 p2p_limited:0 upload_memory_hit:0 app_close_upload:0 open_upload:1
12-29 16:06:00.311  2666 11290 E HttpPost: HCDN_LOG: LevelF [2018/12/29 16:06:00:311][tid:11290]:add job,http://msg.ptqy.gitv.tv/b?t=11&ct=hcdn140224&methodtp=HCDNDLRATIO&platform=pc&deviceid=6b4imacxozevja5oxodw5frukentwtr3&pf=3&p=31&p1=312&u=6b4imacxozevja5oxodw5frukentwtr3&pu=&rn=14638080&version=10.2.53.18&p2p=0&http=0&ts=0&up=0&dcdn=0&icdnds=-1&p2pds=-1&p2pus=304&localup=0&directional=0
12-29 16:06:00.498  2666 11294 E p2pnetwork: HCDN_LOG: LevelF [2018/12/29 16:06:00:498][tid:11294]:未处理的消息from 600ce365:8822,datalen:19!
12-29 16:06:00.917  2666 11296 E storage_operate: HCDN_LOG: LevelF [2018/12/29 16:06:00:917][tid:11296]:[func:GetPgfCapacityChange],[line:76],[oper:get pgf capacity change],[total_space:4076],[free_space:2984]
12-29 16:06:00.917  2666 11296 E storage_operate: HCDN_LOG: LevelF [2018/12/29 16:06:00:917][tid:11296]:[func:UpdatePgfCapacity],[line:1020],[oper:update pgf capacity],[state:1]
12-29 16:06:03.315  2666 11290 E hcdn_downloadengine: HCDN_LOG: LevelE [2018/12/29 16:06:03:315][tid:11290]:OnRecvGetStoreDataSizeResponse,1815     store data size:0 MB,max date size:1258MB,volume total size:4076MB!
12-29 16:06:03.941 15515 15534 E DeviceLoadService: [ (DeviceLoadService.java:216)#HandleMessage ] CHECK_MOUNT_STATUS>>>>>>>>>>>>>>>>>>>>>>>>>>>>>>false
12-29 16:06:03.944 15515 15534 E DeviceLoadService: [ (DeviceLoadService.java:234)#CheckMountState ] mountPath/storage/emulated/0
12-29 16:06:03.946 15515 15534 E DeviceLoadService: [ (DeviceLoadService.java:258)#NotifyCheckChanged ] notifyCheckChanged>>>>>>>>>>>>>>>>>>>>>>
12-29 16:06:08.476  2666  2666 E ScreenSaverImageProvider: [TID 2666] readLocalScreenSaverModelList, read screen saver data failed
12-29 16:06:08.476  2666  2666 E ScreenSaverImageProvider: java.io.EOFException
12-29 16:06:08.476  2666  2666 E ScreenSaverImageProvider: 	at libcore.io.Streams.readFully(Streams.java:83)
12-29 16:06:08.476  2666  2666 E ScreenSaverImageProvider: 	at java.io.DataInputStream.readShort(DataInputStream.java:152)
12-29 16:06:08.476  2666  2666 E ScreenSaverImageProvider: 	at java.io.ObjectInputStream.readStreamHeader(ObjectInputStream.java:2061)
12-29 16:06:08.476  2666  2666 E ScreenSaverImageProvider: 	at java.io.ObjectInputStream.<init>(ObjectInputStream.java:371)
12-29 16:06:08.476  2666  2666 E ScreenSaverImageProvider: 	at com.gala.video.lib.framework.core.utils.SerializableUtils.read(SerializableUtils.java:71)
12-29 16:06:08.476  2666  2666 E ScreenSaverImageProvider: 	at com.gala.video.app.epg.k.g.h(ScreenSaverImageProvider.java:233)
12-29 16:06:08.476  2666  2666 E ScreenSaverImageProvider: 	at com.gala.video.app.epg.k.g.b(ScreenSaverImageProvider.java:68)
12-29 16:06:08.476  2666  2666 E ScreenSaverImageProvider: 	at com.gala.video.app.epg.k.g.e(ScreenSaverImageProvider.java:196)
12-29 16:06:08.476  2666  2666 E ScreenSaverImageProvider: 	at com.gala.video.app.epg.k.h$1.handleMessage(ScreenSaverOperator.java:74)
12-29 16:06:08.476  2666  2666 E ScreenSaverImageProvider: 	at android.os.Handler.dispatchMessage(Handler.java:102)
12-29 16:06:08.476  2666  2666 E ScreenSaverImageProvider: 	at android.os.Looper.loop(Looper.java:148)
12-29 16:06:08.476  2666  2666 E ScreenSaverImageProvider: 	at android.app.ActivityThread.main(ActivityThread.java:5417)
12-29 16:06:08.476  2666  2666 E ScreenSaverImageProvider: 	at java.lang.reflect.Method.invoke(Native Method)
12-29 16:06:08.476  2666  2666 E ScreenSaverImageProvider: 	at com.android.internal.os.ZygoteInit$MethodAndArgsCaller.run(ZygoteInit.java:731)
12-29 16:06:08.476  2666  2666 E ScreenSaverImageProvider: 	at com.android.internal.os.ZygoteInit.main(ZygoteInit.java:621)
12-29 16:06:18.387  2666  2666 E ScreenSaverImageProvider: [TID 2666] readLocalScreenSaverModelList, read screen saver data failed
12-29 16:06:18.387  2666  2666 E ScreenSaverImageProvider: java.io.EOFException
12-29 16:06:18.387  2666  2666 E ScreenSaverImageProvider: 	at libcore.io.Streams.readFully(Streams.java:83)
12-29 16:06:18.387  2666  2666 E ScreenSaverImageProvider: 	at java.io.DataInputStream.readShort(DataInputStream.java:152)
12-29 16:06:18.387  2666  2666 E ScreenSaverImageProvider: 	at java.io.ObjectInputStream.readStreamHeader(ObjectInputStream.java:2061)
12-29 16:06:18.387  2666  2666 E ScreenSaverImageProvider: 	at java.io.ObjectInputStream.<init>(ObjectInputStream.java:371)
12-29 16:06:18.387  2666  2666 E ScreenSaverImageProvider: 	at com.gala.video.lib.framework.core.utils.SerializableUtils.read(SerializableUtils.java:71)
12-29 16:06:18.387  2666  2666 E ScreenSaverImageProvider: 	at com.gala.video.app.epg.k.g.h(ScreenSaverImageProvider.java:233)
12-29 16:06:18.387  2666  2666 E ScreenSaverImageProvider: 	at com.gala.video.app.epg.k.g.b(ScreenSaverImageProvider.java:68)
12-29 16:06:18.387  2666  2666 E ScreenSaverImageProvider: 	at com.gala.video.app.epg.k.g.e(ScreenSaverImageProvider.java:196)
12-29 16:06:18.387  2666  2666 E ScreenSaverImageProvider: 	at com.gala.video.app.epg.k.h$1.handleMessage(ScreenSaverOperator.java:88)
12-29 16:06:18.387  2666  2666 E ScreenSaverImageProvider: 	at android.os.Handler.dispatchMessage(Handler.java:102)
12-29 16:06:18.387  2666  2666 E ScreenSaverImageProvider: 	at android.os.Looper.loop(Looper.java:148)
12-29 16:06:18.387  2666  2666 E ScreenSaverImageProvider: 	at android.app.ActivityThread.main(ActivityThread.java:5417)
12-29 16:06:18.387  2666  2666 E ScreenSaverImageProvider: 	at java.lang.reflect.Method.invoke(Native Method)
12-29 16:06:18.387  2666  2666 E ScreenSaverImageProvider: 	at com.android.internal.os.ZygoteInit$MethodAndArgsCaller.run(ZygoteInit.java:731)
12-29 16:06:18.387  2666  2666 E ScreenSaverImageProvider: 	at com.android.internal.os.ZygoteInit.main(ZygoteInit.java:621)
12-29 16:06:23.986 15515 15534 E DeviceLoadService: [ (DeviceLoadService.java:216)#HandleMessage ] CHECK_MOUNT_STATUS>>>>>>>>>>>>>>>>>>>>>>>>>>>>>>false
12-29 16:06:23.989 15515 15534 E DeviceLoadService: [ (DeviceLoadService.java:234)#CheckMountState ] mountPath/storage/emulated/0
12-29 16:06:23.992 15515 15534 E DeviceLoadService: [ (DeviceLoadService.java:258)#NotifyCheckChanged ] notifyCheckChanged>>>>>>>>>>>>>>>>>>>>>>
12-29 16:06:30.328  2666 11290 E HttpPost: HCDN_LOG: LevelF [2018/12/29 16:06:30:328][tid:11290]:add job,http://msg.ptqy.gitv.tv/v5/ypt/cdns?p1=3_31_312&u=6b4imacxozevja5oxodw5frukentwtr3&v=10.2.53.18&rn=14668097&stcf=0&skcf=0&lrcf=0&cpcf=0&bfcf=0&pupf=0&openup=1&htaskr=0&cpucnt=4&memts=915&diskts=4076&sbfcf=0&dkioswh=1&dkioran=3&kpdldswh=0&kpdldras=0&stmode=0&upmemhit=0&iotmmed=0&iotmiqr=0&dbflsmed=0&dbflsiqr=0&appclup=0&onlyuc=0&diskinsuf=0&as_st_cnt=0&sc_st_cnt=0&sc_stop_c=0&sc_cmpl_c=0&st_code=0&sc_cost=0&free_spc=2968&app_sz=0&app_adv=0&app_cnt=0&stor_sz=0&stor_adv=0&stor_cnt=0&cl_alc=0&app_cl=0&stor_cl=0&cl_ct=0&app_exts=0&app_extc=0&mem_s=0&a_mem=0&e_mem=0 
12-29 16:06:30.918  2666 11296 E storage_operate: HCDN_LOG: LevelF [2018/12/29 16:06:30:918][tid:11296]:[func:GetPgfCapacityChange],[line:76],[oper:get pgf capacity change],[total_space:4076],[free_space:2984]
12-29 16:06:30.918  2666 11296 E storage_operate: HCDN_LOG: LevelF [2018/12/29 16:06:30:918][tid:11296]:[func:UpdatePgfCapacity],[line:1020],[oper:update pgf capacity],[state:1]
12-29 16:06:44.033 15515 15534 E DeviceLoadService: [ (DeviceLoadService.java:216)#HandleMessage ] CHECK_MOUNT_STATUS>>>>>>>>>>>>>>>>>>>>>>>>>>>>>>false
12-29 16:06:44.037 15515 15534 E DeviceLoadService: [ (DeviceLoadService.java:234)#CheckMountState ] mountPath/storage/emulated/0
12-29 16:06:44.040 15515 15534 E DeviceLoadService: [ (DeviceLoadService.java:258)#NotifyCheckChanged ] notifyCheckChanged>>>>>>>>>>>>>>>>>>>>>>
12-29 16:07:00.803  2666 11296 E storage_operate: HCDN_LOG: LevelF [2018/12/29 16:07:00:803][tid:11296]:[func:UpdateWriteBlockCount],[line:901],[oper:update write count],[new write:0]
12-29 16:07:00.918  2666 11296 E storage_operate: HCDN_LOG: LevelF [2018/12/29 16:07:00:918][tid:11296]:[func:GetPgfCapacityChange],[line:76],[oper:get pgf capacity change],[total_space:4076],[free_space:2984]
12-29 16:07:00.918  2666 11296 E storage_operate: HCDN_LOG: LevelF [2018/12/29 16:07:00:918][tid:11296]:[func:UpdatePgfCapacity],[line:1020],[oper:update pgf capacity],[state:1]
12-29 16:07:00.999  2666 11296 E storage_operate: HCDN_LOG: LevelF [2018/12/29 16:07:00:999][tid:11296]:[func:StatMemInfo],[line:625],[oper:stat_mem_info],[store:0],[avail:0],[extend:0]
12-29 16:07:04.081 15515 15534 E DeviceLoadService: [ (DeviceLoadService.java:216)#HandleMessage ] CHECK_MOUNT_STATUS>>>>>>>>>>>>>>>>>>>>>>>>>>>>>>false
12-29 16:07:04.084 15515 15534 E DeviceLoadService: [ (DeviceLoadService.java:234)#CheckMountState ] mountPath/storage/emulated/0
12-29 16:07:04.087 15515 15534 E DeviceLoadService: [ (DeviceLoadService.java:258)#NotifyCheckChanged ] notifyCheckChanged>>>>>>>>>>>>>>>>>>>>>>
12-29 16:07:24.126 15515 15534 E DeviceLoadService: [ (DeviceLoadService.java:216)#HandleMessage ] CHECK_MOUNT_STATUS>>>>>>>>>>>>>>>>>>>>>>>>>>>>>>false
12-29 16:07:24.129 15515 15534 E DeviceLoadService: [ (DeviceLoadService.java:234)#CheckMountState ] mountPath/storage/emulated/0
12-29 16:07:24.132 15515 15534 E DeviceLoadService: [ (DeviceLoadService.java:258)#NotifyCheckChanged ] notifyCheckChanged>>>>>>>>>>>>>>>>>>>>>>
12-29 16:07:29.153  2522  2792 E ContentHelper: getLocalInfo:count==1
12-29 16:07:29.153  2522  2792 E ContentHelper: getLocalInfo:config==null
12-29 16:07:29.154  2522  2792 E ContentHelper: getLocalInfo:count==1
12-29 16:07:29.154  2522  2792 E ContentHelper: getLocalInfo:config==null
12-29 16:07:29.163  2522  2792 E Err     : [ (DeviceUtil.java:36)#GetGimiPid ] getGimiPid = XGIMI0000333
12-29 16:07:30.918  2666 11296 E storage_operate: HCDN_LOG: LevelF [2018/12/29 16:07:30:918][tid:11296]:[func:GetPgfCapacityChange],[line:76],[oper:get pgf capacity change],[total_space:4076],[free_space:2984]
12-29 16:07:30.918  2666 11296 E storage_operate: HCDN_LOG: LevelF [2018/12/29 16:07:30:918][tid:11296]:[func:UpdatePgfCapacity],[line:1020],[oper:update pgf capacity],[state:1]
12-29 16:07:39.185  2522 16329 E LocalReporter: [ (RetryWithDelay.java:37)#Apply ] retry count = 1
12-29 16:07:44.172 15515 15534 E DeviceLoadService: [ (DeviceLoadService.java:216)#HandleMessage ] CHECK_MOUNT_STATUS>>>>>>>>>>>>>>>>>>>>>>>>>>>>>>false
12-29 16:07:44.175 15515 15534 E DeviceLoadService: [ (DeviceLoadService.java:234)#CheckMountState ] mountPath/storage/emulated/0
12-29 16:07:44.177 15515 15534 E DeviceLoadService: [ (DeviceLoadService.java:258)#NotifyCheckChanged ] notifyCheckChanged>>>>>>>>>>>>>>>>>>>>>>
12-29 16:07:54.199  2522  3964 E LocalReporter: [ (RetryWithDelay.java:37)#Apply ] retry count = 2
12-29 16:07:59.396  2522  2522 E LocalReporter: [ (StringUploader.java:94)#_onSuccess ] upload Success = []
12-29 16:08:00.918  2666 11296 E storage_operate: HCDN_LOG: LevelF [2018/12/29 16:08:00:918][tid:11296]:[func:GetPgfCapacityChange],[line:76],[oper:get pgf capacity change],[total_space:4076],[free_space:2984]
12-29 16:08:00.918  2666 11296 E storage_operate: HCDN_LOG: LevelF [2018/12/29 16:08:00:918][tid:11296]:[func:UpdatePgfCapacity],[line:1020],[oper:update pgf capacity],[state:1]
12-29 16:08:04.218 15515 15534 E DeviceLoadService: [ (DeviceLoadService.java:216)#HandleMessage ] CHECK_MOUNT_STATUS>>>>>>>>>>>>>>>>>>>>>>>>>>>>>>false
12-29 16:08:04.221 15515 15534 E DeviceLoadService: [ (DeviceLoadService.java:234)#CheckMountState ] mountPath/storage/emulated/0
12-29 16:08:04.224 15515 15534 E DeviceLoadService: [ (DeviceLoadService.java:258)#NotifyCheckChanged ] notifyCheckChanged>>>>>>>>>>>>>>>>>>>>>>
12-29 16:08:24.266 15515 15534 E DeviceLoadService: [ (DeviceLoadService.java:216)#HandleMessage ] CHECK_MOUNT_STATUS>>>>>>>>>>>>>>>>>>>>>>>>>>>>>>false
12-29 16:08:24.269 15515 15534 E DeviceLoadService: [ (DeviceLoadService.java:234)#CheckMountState ] mountPath/storage/emulated/0
12-29 16:08:24.271 15515 15534 E DeviceLoadService: [ (DeviceLoadService.java:258)#NotifyCheckChanged ] notifyCheckChanged>>>>>>>>>>>>>>>>>>>>>>
12-29 16:08:30.918  2666 11296 E storage_operate: HCDN_LOG: LevelF [2018/12/29 16:08:30:918][tid:11296]:[func:GetPgfCapacityChange],[line:76],[oper:get pgf capacity change],[total_space:4076],[free_space:2984]
12-29 16:08:30.918  2666 11296 E storage_operate: HCDN_LOG: LevelF [2018/12/29 16:08:30:918][tid:11296]:[func:UpdatePgfCapacity],[line:1020],[oper:update pgf capacity],[state:1]
12-29 16:08:44.312 15515 15534 E DeviceLoadService: [ (DeviceLoadService.java:216)#HandleMessage ] CHECK_MOUNT_STATUS>>>>>>>>>>>>>>>>>>>>>>>>>>>>>>false
12-29 16:08:44.315 15515 15534 E DeviceLoadService: [ (DeviceLoadService.java:234)#CheckMountState ] mountPath/storage/emulated/0
12-29 16:08:44.335 15515 15534 E DeviceLoadService: [ (DeviceLoadService.java:258)#NotifyCheckChanged ] notifyCheckChanged>>>>>>>>>>>>>>>>>>>>>>
12-29 16:09:00.918  2666 11296 E storage_operate: HCDN_LOG: LevelF [2018/12/29 16:09:00:918][tid:11296]:[func:GetPgfCapacityChange],[line:76],[oper:get pgf capacity change],[total_space:4076],[free_space:2984]
12-29 16:09:00.918  2666 11296 E storage_operate: HCDN_LOG: LevelF [2018/12/29 16:09:00:918][tid:11296]:[func:UpdatePgfCapacity],[line:1020],[oper:update pgf capacity],[state:1]
12-29 16:09:04.379 15515 15534 E DeviceLoadService: [ (DeviceLoadService.java:216)#HandleMessage ] CHECK_MOUNT_STATUS>>>>>>>>>>>>>>>>>>>>>>>>>>>>>>false
12-29 16:09:04.382 15515 15534 E DeviceLoadService: [ (DeviceLoadService.java:234)#CheckMountState ] mountPath/storage/emulated/0
12-29 16:09:04.385 15515 15534 E DeviceLoadService: [ (DeviceLoadService.java:258)#NotifyCheckChanged ] notifyCheckChanged>>>>>>>>>>>>>>>>>>>>>>
12-29 16:09:24.425 15515 15534 E DeviceLoadService: [ (DeviceLoadService.java:216)#HandleMessage ] CHECK_MOUNT_STATUS>>>>>>>>>>>>>>>>>>>>>>>>>>>>>>false
12-29 16:09:24.428 15515 15534 E DeviceLoadService: [ (DeviceLoadService.java:234)#CheckMountState ] mountPath/storage/emulated/0
12-29 16:09:24.431 15515 15534 E DeviceLoadService: [ (DeviceLoadService.java:258)#NotifyCheckChanged ] notifyCheckChanged>>>>>>>>>>>>>>>>>>>>>>
12-29 16:09:30.919  2666 11296 E storage_operate: HCDN_LOG: LevelF [2018/12/29 16:09:30:919][tid:11296]:[func:GetPgfCapacityChange],[line:76],[oper:get pgf capacity change],[total_space:4076],[free_space:2984]
12-29 16:09:30.919  2666 11296 E storage_operate: HCDN_LOG: LevelF [2018/12/29 16:09:30:919][tid:11296]:[func:UpdatePgfCapacity],[line:1020],[oper:update pgf capacity],[state:1]
12-29 16:09:44.473 15515 15534 E DeviceLoadService: [ (DeviceLoadService.java:216)#HandleMessage ] CHECK_MOUNT_STATUS>>>>>>>>>>>>>>>>>>>>>>>>>>>>>>false
12-29 16:09:44.476 15515 15534 E DeviceLoadService: [ (DeviceLoadService.java:234)#CheckMountState ] mountPath/storage/emulated/0
12-29 16:09:44.479 15515 15534 E DeviceLoadService: [ (DeviceLoadService.java:258)#NotifyCheckChanged ] notifyCheckChanged>>>>>>>>>>>>>>>>>>>>>>
12-29 16:10:00.920  2666 11296 E storage_operate: HCDN_LOG: LevelF [2018/12/29 16:10:00:920][tid:11296]:[func:GetPgfCapacityChange],[line:76],[oper:get pgf capacity change],[total_space:4076],[free_space:2984]
12-29 16:10:00.920  2666 11296 E storage_operate: HCDN_LOG: LevelF [2018/12/29 16:10:00:920][tid:11296]:[func:UpdatePgfCapacity],[line:1020],[oper:update pgf capacity],[state:1]
12-29 16:10:04.518 15515 15534 E DeviceLoadService: [ (DeviceLoadService.java:216)#HandleMessage ] CHECK_MOUNT_STATUS>>>>>>>>>>>>>>>>>>>>>>>>>>>>>>false
12-29 16:10:04.522 15515 15534 E DeviceLoadService: [ (DeviceLoadService.java:234)#CheckMountState ] mountPath/storage/emulated/0
12-29 16:10:04.524 15515 15534 E DeviceLoadService: [ (DeviceLoadService.java:258)#NotifyCheckChanged ] notifyCheckChanged>>>>>>>>>>>>>>>>>>>>>>
12-29 16:10:08.489  2666  2666 E ScreenSaverImageProvider: [TID 2666] readLocalScreenSaverModelList, read screen saver data failed
12-29 16:10:08.489  2666  2666 E ScreenSaverImageProvider: java.io.EOFException
12-29 16:10:08.489  2666  2666 E ScreenSaverImageProvider: 	at libcore.io.Streams.readFully(Streams.java:83)
12-29 16:10:08.489  2666  2666 E ScreenSaverImageProvider: 	at java.io.DataInputStream.readShort(DataInputStream.java:152)
12-29 16:10:08.489  2666  2666 E ScreenSaverImageProvider: 	at java.io.ObjectInputStream.readStreamHeader(ObjectInputStream.java:2061)
12-29 16:10:08.489  2666  2666 E ScreenSaverImageProvider: 	at java.io.ObjectInputStream.<init>(ObjectInputStream.java:371)
12-29 16:10:08.489  2666  2666 E ScreenSaverImageProvider: 	at com.gala.video.lib.framework.core.utils.SerializableUtils.read(SerializableUtils.java:71)
12-29 16:10:08.489  2666  2666 E ScreenSaverImageProvider: 	at com.gala.video.app.epg.k.g.h(ScreenSaverImageProvider.java:233)
12-29 16:10:08.489  2666  2666 E ScreenSaverImageProvider: 	at com.gala.video.app.epg.k.g.b(ScreenSaverImageProvider.java:68)
12-29 16:10:08.489  2666  2666 E ScreenSaverImageProvider: 	at com.gala.video.app.epg.k.g.e(ScreenSaverImageProvider.java:196)
12-29 16:10:08.489  2666  2666 E ScreenSaverImageProvider: 	at com.gala.video.app.epg.k.h$1.handleMessage(ScreenSaverOperator.java:74)
12-29 16:10:08.489  2666  2666 E ScreenSaverImageProvider: 	at android.os.Handler.dispatchMessage(Handler.java:102)
12-29 16:10:08.489  2666  2666 E ScreenSaverImageProvider: 	at android.os.Looper.loop(Looper.java:148)
12-29 16:10:08.489  2666  2666 E ScreenSaverImageProvider: 	at android.app.ActivityThread.main(ActivityThread.java:5417)
12-29 16:10:08.489  2666  2666 E ScreenSaverImageProvider: 	at java.lang.reflect.Method.invoke(Native Method)
12-29 16:10:08.489  2666  2666 E ScreenSaverImageProvider: 	at com.android.internal.os.ZygoteInit$MethodAndArgsCaller.run(ZygoteInit.java:731)
12-29 16:10:08.489  2666  2666 E ScreenSaverImageProvider: 	at com.android.internal.os.ZygoteInit.main(ZygoteInit.java:621)
12-29 16:10:18.401  2666  2666 E ScreenSaverImageProvider: [TID 2666] readLocalScreenSaverModelList, read screen saver data failed
12-29 16:10:18.401  2666  2666 E ScreenSaverImageProvider: java.io.EOFException
12-29 16:10:18.401  2666  2666 E ScreenSaverImageProvider: 	at libcore.io.Streams.readFully(Streams.java:83)
12-29 16:10:18.401  2666  2666 E ScreenSaverImageProvider: 	at java.io.DataInputStream.readShort(DataInputStream.java:152)
12-29 16:10:18.401  2666  2666 E ScreenSaverImageProvider: 	at java.io.ObjectInputStream.readStreamHeader(ObjectInputStream.java:2061)
12-29 16:10:18.401  2666  2666 E ScreenSaverImageProvider: 	at java.io.ObjectInputStream.<init>(ObjectInputStream.java:371)
12-29 16:10:18.401  2666  2666 E ScreenSaverImageProvider: 	at com.gala.video.lib.framework.core.utils.SerializableUtils.read(SerializableUtils.java:71)
12-29 16:10:18.401  2666  2666 E ScreenSaverImageProvider: 	at com.gala.video.app.epg.k.g.h(ScreenSaverImageProvider.java:233)
12-29 16:10:18.401  2666  2666 E ScreenSaverImageProvider: 	at com.gala.video.app.epg.k.g.b(ScreenSaverImageProvider.java:68)
12-29 16:10:18.401  2666  2666 E ScreenSaverImageProvider: 	at com.gala.video.app.epg.k.g.e(ScreenSaverImageProvider.java:196)
12-29 16:10:18.401  2666  2666 E ScreenSaverImageProvider: 	at com.gala.video.app.epg.k.h$1.handleMessage(ScreenSaverOperator.java:88)
12-29 16:10:18.401  2666  2666 E ScreenSaverImageProvider: 	at android.os.Handler.dispatchMessage(Handler.java:102)
12-29 16:10:18.401  2666  2666 E ScreenSaverImageProvider: 	at android.os.Looper.loop(Looper.java:148)
12-29 16:10:18.401  2666  2666 E ScreenSaverImageProvider: 	at android.app.ActivityThread.main(ActivityThread.java:5417)
12-29 16:10:18.401  2666  2666 E ScreenSaverImageProvider: 	at java.lang.reflect.Method.invoke(Native Method)
12-29 16:10:18.401  2666  2666 E ScreenSaverImageProvider: 	at com.android.internal.os.ZygoteInit$MethodAndArgsCaller.run(ZygoteInit.java:731)
12-29 16:10:18.401  2666  2666 E ScreenSaverImageProvider: 	at com.android.internal.os.ZygoteInit.main(ZygoteInit.java:621)
12-29 16:10:24.565 15515 15534 E DeviceLoadService: [ (DeviceLoadService.java:216)#HandleMessage ] CHECK_MOUNT_STATUS>>>>>>>>>>>>>>>>>>>>>>>>>>>>>>false
12-29 16:10:24.568 15515 15534 E DeviceLoadService: [ (DeviceLoadService.java:234)#CheckMountState ] mountPath/storage/emulated/0
12-29 16:10:24.570 15515 15534 E DeviceLoadService: [ (DeviceLoadService.java:258)#NotifyCheckChanged ] notifyCheckChanged>>>>>>>>>>>>>>>>>>>>>>
12-29 16:10:30.921  2666 11296 E storage_operate: HCDN_LOG: LevelF [2018/12/29 16:10:30:921][tid:11296]:[func:GetPgfCapacityChange],[line:76],[oper:get pgf capacity change],[total_space:4076],[free_space:2984]
12-29 16:10:30.921  2666 11296 E storage_operate: HCDN_LOG: LevelF [2018/12/29 16:10:30:921][tid:11296]:[func:UpdatePgfCapacity],[line:1020],[oper:update pgf capacity],[state:1]
12-29 16:10:44.611 15515 15534 E DeviceLoadService: [ (DeviceLoadService.java:216)#HandleMessage ] CHECK_MOUNT_STATUS>>>>>>>>>>>>>>>>>>>>>>>>>>>>>>false
12-29 16:10:44.614 15515 15534 E DeviceLoadService: [ (DeviceLoadService.java:234)#CheckMountState ] mountPath/storage/emulated/0
12-29 16:10:44.617 15515 15534 E DeviceLoadService: [ (DeviceLoadService.java:258)#NotifyCheckChanged ] notifyCheckChanged>>>>>>>>>>>>>>>>>>>>>>
12-29 16:10:59.502  2522  2792 E ContentHelper: getLocalInfo:count==1
12-29 16:10:59.502  2522  2792 E ContentHelper: getLocalInfo:config==null
12-29 16:10:59.503  2522  2792 E ContentHelper: getLocalInfo:count==1
12-29 16:10:59.503  2522  2792 E ContentHelper: getLocalInfo:config==null
12-29 16:10:59.512  2522  2792 E Err     : [ (DeviceUtil.java:36)#GetGimiPid ] getGimiPid = XGIMI0000333
12-29 16:11:00.489  2666 11290 E DE_FLUX_STAT: HCDN_LOG: LevelF [2018/12/29 16:11:00:488][tid:11290]:GetSendData,219     version:10.2.53.18 device_type:12 p2p_up:0 fp2p_up:0 l_p2p_down:0 l_fp2p_down:0 l_cdn_down:0 l_icdn_down:0 l_ds_down:0 u_p2p_down:0 u_fp2p_down:0 u_cdn_down:0 u_icdn_down:0 u_ds_down:0 a_p2p_down:0 a_ds_down:0 s_i_s_p_d0 s_i_d_p_d:0 d_s_d:0 u_i_p_d:0 upload_pc:0 upload_mobile:0 upload_unknown:0 p2p_or_flashp2p_flux_LessThan_500rate:0 pps_ppsp2p_or_flashp2p_flux_500_1024rate:0 pps_ppsp2p_or_flashp2p_flux_1024_2048rate:0 pps_ppsp2p_or_flashp2p_flux_MoreThan_2048rate:0 pps_total_flux_LessThan_500rate:0 pps_total_flux_500_1024rate:0 pps_total_flux_1024_2048rate:0 pps_total_flux_MoreThan_2048rate:0 volume_total_size:4076 volume_free_size:2968 p2p_flux_of_play_task:0 p2p_flux_of_download_task:0 CDN_flux_of_play_task:0 CDN_flux_of_download_task:0 net_type:12 directional_flux_of_play_task:0 directional_flux_of_download_task:0 connect_type:0
12-29 16:11:00.489  2666 11290 E DE_FLUX_STAT: HCDN_LOG: LevelF [2018/12/29 16:11:00:489][tid:11290]:GetSendData,235     is_vip:0 tracket_limited:0 p2p_limited:0 upload_memory_hit:0 app_close_upload:0 open_upload:1
12-29 16:11:00.489  2666 11290 E HttpPost: HCDN_LOG: LevelF [2018/12/29 16:11:00:489][tid:11290]:add job,http://msg.ptqy.gitv.tv/b?t=11&ct=hcdn140224&methodtp=HCDNDLRATIO&platform=pc&deviceid=6b4imacxozevja5oxodw5frukentwtr3&pf=3&p=31&p1=312&u=6b4imacxozevja5oxodw5frukentwtr3&pu=&rn=14938258&version=10.2.53.18&p2p=0&http=0&ts=0&up=0&dcdn=0&icdnds=-1&p2pds=-1&p2pus=304&localup=0&directional=0
12-29 16:11:00.544  2666 11294 E p2pnetwork: HCDN_LOG: LevelF [2018/12/29 16:11:00:544][tid:11294]:未处理的消息from 600ce365:8822,datalen:19!
12-29 16:11:00.922  2666 11296 E storage_operate: HCDN_LOG: LevelF [2018/12/29 16:11:00:922][tid:11296]:[func:GetPgfCapacityChange],[line:76],[oper:get pgf capacity change],[total_space:4076],[free_space:2984]
12-29 16:11:00.922  2666 11296 E storage_operate: HCDN_LOG: LevelF [2018/12/29 16:11:00:922][tid:11296]:[func:UpdatePgfCapacity],[line:1020],[oper:update pgf capacity],[state:1]
12-29 16:11:03.493  2666 11290 E hcdn_downloadengine: HCDN_LOG: LevelE [2018/12/29 16:11:03:493][tid:11290]:OnRecvGetStoreDataSizeResponse,1815     store data size:0 MB,max date size:1258MB,volume total size:4076MB!
12-29 16:11:04.658 15515 15534 E DeviceLoadService: [ (DeviceLoadService.java:216)#HandleMessage ] CHECK_MOUNT_STATUS>>>>>>>>>>>>>>>>>>>>>>>>>>>>>>false
12-29 16:11:04.661 15515 15534 E DeviceLoadService: [ (DeviceLoadService.java:234)#CheckMountState ] mountPath/storage/emulated/0
12-29 16:11:04.664 15515 15534 E DeviceLoadService: [ (DeviceLoadService.java:258)#NotifyCheckChanged ] notifyCheckChanged>>>>>>>>>>>>>>>>>>>>>>
12-29 16:11:24.704 15515 15534 E DeviceLoadService: [ (DeviceLoadService.java:216)#HandleMessage ] CHECK_MOUNT_STATUS>>>>>>>>>>>>>>>>>>>>>>>>>>>>>>false
12-29 16:11:24.707 15515 15534 E DeviceLoadService: [ (DeviceLoadService.java:234)#CheckMountState ] mountPath/storage/emulated/0
12-29 16:11:24.710 15515 15534 E DeviceLoadService: [ (DeviceLoadService.java:258)#NotifyCheckChanged ] notifyCheckChanged>>>>>>>>>>>>>>>>>>>>>>
12-29 16:11:30.508  2666 11290 E HttpPost: HCDN_LOG: LevelF [2018/12/29 16:11:30:507][tid:11290]:add job,http://msg.ptqy.gitv.tv/v5/ypt/cdns?p1=3_31_312&u=6b4imacxozevja5oxodw5frukentwtr3&v=10.2.53.18&rn=14968276&stcf=0&skcf=0&lrcf=0&cpcf=0&bfcf=0&pupf=0&openup=1&htaskr=0&cpucnt=4&memts=915&diskts=4076&sbfcf=0&dkioswh=1&dkioran=3&kpdldswh=0&kpdldras=0&stmode=0&upmemhit=0&iotmmed=0&iotmiqr=0&dbflsmed=0&dbflsiqr=0&appclup=0&onlyuc=0&diskinsuf=0&as_st_cnt=0&sc_st_cnt=0&sc_stop_c=0&sc_cmpl_c=0&st_code=0&sc_cost=0&free_spc=2968&app_sz=0&app_adv=0&app_cnt=0&stor_sz=0&stor_adv=0&stor_cnt=0&cl_alc=0&app_cl=0&stor_cl=0&cl_ct=0&app_exts=0&app_extc=0&mem_s=0&a_mem=0&e_mem=0 
12-29 16:11:30.923  2666 11296 E storage_operate: HCDN_LOG: LevelF [2018/12/29 16:11:30:923][tid:11296]:[func:GetPgfCapacityChange],[line:76],[oper:get pgf capacity change],[total_space:4076],[free_space:2984]
12-29 16:11:30.923  2666 11296 E storage_operate: HCDN_LOG: LevelF [2018/12/29 16:11:30:923][tid:11296]:[func:UpdatePgfCapacity],[line:1020],[oper:update pgf capacity],[state:1]
12-29 16:11:44.751 15515 15534 E DeviceLoadService: [ (DeviceLoadService.java:216)#HandleMessage ] CHECK_MOUNT_STATUS>>>>>>>>>>>>>>>>>>>>>>>>>>>>>>false
12-29 16:11:44.754 15515 15534 E DeviceLoadService: [ (DeviceLoadService.java:234)#CheckMountState ] mountPath/storage/emulated/0
12-29 16:11:44.757 15515 15534 E DeviceLoadService: [ (DeviceLoadService.java:258)#NotifyCheckChanged ] notifyCheckChanged>>>>>>>>>>>>>>>>>>>>>>
12-29 16:12:00.924  2666 11296 E storage_operate: HCDN_LOG: LevelF [2018/12/29 16:12:00:924][tid:11296]:[func:GetPgfCapacityChange],[line:76],[oper:get pgf capacity change],[total_space:4076],[free_space:2984]
12-29 16:12:00.924  2666 11296 E storage_operate: HCDN_LOG: LevelF [2018/12/29 16:12:00:924][tid:11296]:[func:UpdatePgfCapacity],[line:1020],[oper:update pgf capacity],[state:1]
12-29 16:12:01.008  2666 11296 E storage_operate: HCDN_LOG: LevelF [2018/12/29 16:12:01:008][tid:11296]:[func:StatMemInfo],[line:625],[oper:stat_mem_info],[store:0],[avail:0],[extend:0]
12-29 16:12:04.797 15515 15534 E DeviceLoadService: [ (DeviceLoadService.java:216)#HandleMessage ] CHECK_MOUNT_STATUS>>>>>>>>>>>>>>>>>>>>>>>>>>>>>>false
12-29 16:12:04.799 15515 15534 E DeviceLoadService: [ (DeviceLoadService.java:234)#CheckMountState ] mountPath/storage/emulated/0
12-29 16:12:04.802 15515 15534 E DeviceLoadService: [ (DeviceLoadService.java:258)#NotifyCheckChanged ] notifyCheckChanged>>>>>>>>>>>>>>>>>>>>>>
12-29 16:12:24.841 15515 15534 E DeviceLoadService: [ (DeviceLoadService.java:216)#HandleMessage ] CHECK_MOUNT_STATUS>>>>>>>>>>>>>>>>>>>>>>>>>>>>>>false
12-29 16:12:24.844 15515 15534 E DeviceLoadService: [ (DeviceLoadService.java:234)#CheckMountState ] mountPath/storage/emulated/0
12-29 16:12:24.847 15515 15534 E DeviceLoadService: [ (DeviceLoadService.java:258)#NotifyCheckChanged ] notifyCheckChanged>>>>>>>>>>>>>>>>>>>>>>
12-29 16:12:30.924  2666 11296 E storage_operate: HCDN_LOG: LevelF [2018/12/29 16:12:30:924][tid:11296]:[func:GetPgfCapacityChange],[line:76],[oper:get pgf capacity change],[total_space:4076],[free_space:2984]
12-29 16:12:30.924  2666 11296 E storage_operate: HCDN_LOG: LevelF [2018/12/29 16:12:30:924][tid:11296]:[func:UpdatePgfCapacity],[line:1020],[oper:update pgf capacity],[state:1]
12-29 16:12:44.888 15515 15534 E DeviceLoadService: [ (DeviceLoadService.java:216)#HandleMessage ] CHECK_MOUNT_STATUS>>>>>>>>>>>>>>>>>>>>>>>>>>>>>>false
12-29 16:12:44.891 15515 15534 E DeviceLoadService: [ (DeviceLoadService.java:234)#CheckMountState ] mountPath/storage/emulated/0
12-29 16:12:44.894 15515 15534 E DeviceLoadService: [ (DeviceLoadService.java:258)#NotifyCheckChanged ] notifyCheckChanged>>>>>>>>>>>>>>>>>>>>>>
12-29 16:13:00.924  2666 11296 E storage_operate: HCDN_LOG: LevelF [2018/12/29 16:13:00:924][tid:11296]:[func:GetPgfCapacityChange],[line:76],[oper:get pgf capacity change],[total_space:4076],[free_space:2984]
12-29 16:13:00.924  2666 11296 E storage_operate: HCDN_LOG: LevelF [2018/12/29 16:13:00:924][tid:11296]:[func:UpdatePgfCapacity],[line:1020],[oper:update pgf capacity],[state:1]
12-29 16:13:04.934 15515 15534 E DeviceLoadService: [ (DeviceLoadService.java:216)#HandleMessage ] CHECK_MOUNT_STATUS>>>>>>>>>>>>>>>>>>>>>>>>>>>>>>false
12-29 16:13:04.937 15515 15534 E DeviceLoadService: [ (DeviceLoadService.java:234)#CheckMountState ] mountPath/storage/emulated/0
12-29 16:13:04.940 15515 15534 E DeviceLoadService: [ (DeviceLoadService.java:258)#NotifyCheckChanged ] notifyCheckChanged>>>>>>>>>>>>>>>>>>>>>>
12-29 16:13:24.978 15515 15534 E DeviceLoadService: [ (DeviceLoadService.java:216)#HandleMessage ] CHECK_MOUNT_STATUS>>>>>>>>>>>>>>>>>>>>>>>>>>>>>>false
12-29 16:13:24.982 15515 15534 E DeviceLoadService: [ (DeviceLoadService.java:234)#CheckMountState ] mountPath/storage/emulated/0
12-29 16:13:24.984 15515 15534 E DeviceLoadService: [ (DeviceLoadService.java:258)#NotifyCheckChanged ] notifyCheckChanged>>>>>>>>>>>>>>>>>>>>>>
12-29 16:13:30.924  2666 11296 E storage_operate: HCDN_LOG: LevelF [2018/12/29 16:13:30:924][tid:11296]:[func:GetPgfCapacityChange],[line:76],[oper:get pgf capacity change],[total_space:4076],[free_space:2984]
12-29 16:13:30.924  2666 11296 E storage_operate: HCDN_LOG: LevelF [2018/12/29 16:13:30:924][tid:11296]:[func:UpdatePgfCapacity],[line:1020],[oper:update pgf capacity],[state:1]
12-29 16:13:45.025 15515 15534 E DeviceLoadService: [ (DeviceLoadService.java:216)#HandleMessage ] CHECK_MOUNT_STATUS>>>>>>>>>>>>>>>>>>>>>>>>>>>>>>false
12-29 16:13:45.028 15515 15534 E DeviceLoadService: [ (DeviceLoadService.java:234)#CheckMountState ] mountPath/storage/emulated/0
12-29 16:13:45.031 15515 15534 E DeviceLoadService: [ (DeviceLoadService.java:258)#NotifyCheckChanged ] notifyCheckChanged>>>>>>>>>>>>>>>>>>>>>>
12-29 16:13:59.609  2522  2792 E ContentHelper: getLocalInfo:count==1
12-29 16:13:59.609  2522  2792 E ContentHelper: getLocalInfo:config==null
12-29 16:13:59.610  2522  2792 E ContentHelper: getLocalInfo:count==1
12-29 16:13:59.610  2522  2792 E ContentHelper: getLocalInfo:config==null
12-29 16:13:59.619  2522  2792 E Err     : [ (DeviceUtil.java:36)#GetGimiPid ] getGimiPid = XGIMI0000333
12-29 16:14:00.924  2666 11296 E storage_operate: HCDN_LOG: LevelF [2018/12/29 16:14:00:924][tid:11296]:[func:GetPgfCapacityChange],[line:76],[oper:get pgf capacity change],[total_space:4076],[free_space:2984]
12-29 16:14:00.924  2666 11296 E storage_operate: HCDN_LOG: LevelF [2018/12/29 16:14:00:924][tid:11296]:[func:UpdatePgfCapacity],[line:1020],[oper:update pgf capacity],[state:1]
12-29 16:14:03.352 15911 16390 E Err     : [ (HttpsUtil.java:-1)#CheckServerTrusted ] checkServerTrusted: SignatureException:null
12-29 16:14:03.358 15911 16390 E Err     : [ (HttpsUtil.java:-1)#CheckServerTrusted ] checkServerTrusted: SignatureException:null
12-29 16:14:03.364 15911 16390 E Err     : [ (HttpsUtil.java:-1)#CheckServerTrusted ] checkServerTrusted: SignatureException:null
12-29 16:14:03.694 15911 15911 E Err     : [ (HttpUtils.java:-1)#_onSuccess ] method:getOperateBeanInfo
12-29 16:14:03.694 15911 15911 E Err     : time:449
12-29 16:14:03.694 15911 15911 E Err     : [ (BackgroundService.java:-1)#_onSuccess ] update = com.xgimi.home.bean.OperateBean@d2ad651
12-29 16:14:03.694 15911 15911 E Err     : [ (BackgroundService.java:-1)#_onSuccess ] update UI data
12-29 16:14:03.807 15911 15911 E launcher3.0 CenterFragment.java: [ (CenterFragment.java:-1)#OnEventDataUpdated ] onEventDataUpdated
12-29 16:14:03.909 15911 15911 E Err     : [ (CenterFragment.java:-1)#OnEventDataUpdated ] pageItem has updated
12-29 16:14:03.910 15911 15911 E Err     : [ (CenterFragment.java:-1)#OnEventDataUpdated ] pageItem has updated
12-29 16:14:03.910 15911 15911 E Err     : [ (CenterFragment.java:-1)#OnEventDataUpdated ] pageItem has updated
12-29 16:14:03.910 15911 15911 E Err     : [ (CenterFragment.java:-1)#OnEventDataUpdated ] pageItem has updated
12-29 16:14:03.910 15911 15911 E Err     : [ (CenterFragment.java:-1)#OnEventDataUpdated ] pageItem has updated
12-29 16:14:03.911 15911 15911 E Err     : [ (CenterFragment.java:-1)#OnEventDataUpdated ] pageItem has updated
12-29 16:14:03.911 15911 15911 E Err     : [ (CenterFragment.java:-1)#OnEventDataUpdated ] pageItem has updated
