12-29 16:19:00.930  2666 11296 E storage_operate: HCDN_LOG: LevelF [2018/12/29 16:19:00:930][tid:11296]:[func:UpdatePgfCapacity],[line:1020],[oper:update pgf capacity],[state:1]
12-29 16:19:05.494  1287  1875 E audio_hw_primary: Yasin common_pcm_open enchancevolume_enable == 0
12-29 16:19:05.494  1287  1875 E AUDIO   : [Utopia]MDrv_AUDIO_PCM_Open: Open PCM device
12-29 16:19:05.494  1287  1875 E AUDIO   : [Utopia]HAL_AUDIO_PCM_HwDma_Reader1_Open: Open HW DMA Reader1
12-29 16:19:05.494  1287  1875 E AUDIO   : [Utopia]MDrv_AUDIO_PCM_Open: return device-id 0
12-29 16:19:05.494  1287  1875 E audio_hw_primary: pcm output open ok,  device_id:0
12-29 16:19:05.494  1287  1875 E AUDIO   : [Utopia]MDrv_AUDIO_PCM_Start: Start PCM device-id 0
12-29 16:19:05.494  1287  1875 E AUDIO   : [Utopia]HAL_AUDIO_PCM_HwDma_Reader1_Start: Start HW DMA Reader1
12-29 16:19:05.494  1287  1875 E AUDIO   : [Utopia]HAL_AUDIO_PCM_HwDma_Reader1_Write: Warning! PCM buffer empty!
12-29 16:19:05.494  1287  1875 E AUDIO   : [Utopia]HAL_AUDIO_PCM_HwDma_Reader1_Stop: Stop HW DMA Reader1
12-29 16:19:05.494  1287  1875 E AUDIO   : [Utopia]HAL_AUDIO_PCM_HwDma_Reader1_Start: Start HW DMA Reader1
12-29 16:19:05.536  1287  1875 E AudioFlinger: PlaybackThread::Track::getNextBuffer:There is not enough data from AudioTrack!!!
12-29 16:19:05.654 11652 11652 E RecyclerView: No adapter attached; skipping layout
12-29 16:19:05.689 11652 11652 E RecyclerView: No adapter attached; skipping layout
12-29 16:19:07.848  1287  1875 E AudioFlinger: PlaybackThread::Track::getNextBuffer:There is not enough data from AudioTrack!!!
12-29 16:19:08.253  1287  1875 E AudioFlinger: PlaybackThread::Track::getNextBuffer:There is not enough data from AudioTrack!!!
12-29 16:19:08.424  1287  1875 E AudioFlinger: PlaybackThread::Track::getNextBuffer:There is not enough data from AudioTrack!!!
12-29 16:19:08.659  1287  1875 E AudioFlinger: PlaybackThread::Track::getNextBuffer:There is not enough data from AudioTrack!!!
12-29 16:19:09.085  1287  1875 E AudioFlinger: PlaybackThread::Track::getNextBuffer:There is not enough data from AudioTrack!!!
12-29 16:19:09.256  1287  1875 E AudioFlinger: PlaybackThread::Track::getNextBuffer:There is not enough data from AudioTrack!!!
12-29 16:19:09.427  1287  1875 E AudioFlinger: PlaybackThread::Track::getNextBuffer:There is not enough data from AudioTrack!!!
12-29 16:19:10.643  1287  1875 E AudioFlinger: PlaybackThread::Track::getNextBuffer:There is not enough data from AudioTrack!!!
12-29 16:19:10.813  1287  1875 E AudioFlinger: PlaybackThread::Track::getNextBuffer:There is not enough data from AudioTrack!!!
12-29 16:19:11.240  1287  1875 E AudioFlinger: PlaybackThread::Track::getNextBuffer:There is not enough data from AudioTrack!!!
12-29 16:19:11.538  1287  1875 E AudioFlinger: PlaybackThread::Track::getNextBuffer:There is not enough data from AudioTrack!!!
12-29 16:19:11.709  1287  1875 E AudioFlinger: PlaybackThread::Track::getNextBuffer:There is not enough data from AudioTrack!!!
12-29 16:19:11.901  1287  1875 E AudioFlinger: PlaybackThread::Track::getNextBuffer:There is not enough data from AudioTrack!!!
12-29 16:19:12.029  1287  1875 E AudioFlinger: PlaybackThread::Track::getNextBuffer:There is not enough data from AudioTrack!!!
12-29 16:19:12.221  1287  1875 E AudioFlinger: PlaybackThread::Track::getNextBuffer:There is not enough data from AudioTrack!!!
12-29 16:19:13.053  1287  1875 E AudioFlinger: PlaybackThread::Track::getNextBuffer:There is not enough data from AudioTrack!!!
12-29 16:19:13.437  1287  1875 E AudioFlinger: PlaybackThread::Track::getNextBuffer:There is not enough data from AudioTrack!!!
12-29 16:19:13.651  1287  1875 E AudioFlinger: PlaybackThread::Track::getNextBuffer:There is not enough data from AudioTrack!!!
12-29 16:19:13.885  1287  1875 E AudioFlinger: PlaybackThread::Track::getNextBuffer:There is not enough data from AudioTrack!!!
12-29 16:19:14.120  1287  1875 E AudioFlinger: PlaybackThread::Track::getNextBuffer:There is not enough data from AudioTrack!!!
12-29 16:19:14.376  1287  1875 E AudioFlinger: PlaybackThread::Track::getNextBuffer:There is not enough data from AudioTrack!!!
12-29 16:19:16.253  1287  1875 E AudioFlinger: PlaybackThread::Track::getNextBuffer:There is not enough data from AudioTrack!!!
12-29 16:19:16.756 11652 16665 E IJKMEDIA: Option ijkiomanager not found.
12-29 16:19:16.810 15911 15911 E Err     : [ (XgimiMusicReceiver.java:-1)#OnReceive ] name = Is You,singer = 에일리,pkgName = hk.reco.qqmusic,coverPath = http://y.gtimg.cn/music/photo_new/T002R300x300M00000284lSn41cZrl.jpg  ,status = 2
12-29 16:19:16.820  2455  2455 E XgimiMusicReceiver: (XgimiMusicReceiver.java:59).onReceive():name = Is You,singer = 에일리,pkgName = hk.reco.qqmusic,coverPath = http://y.gtimg.cn/music/photo_new/T002R300x300M00000284lSn41cZrl.jpg  ,status = 2
12-29 16:19:16.890 16673 16679 E art     : Failed sending reply to debugger: Broken pipe
12-29 16:19:17.104 16673 16673 E lcs     : MusicCommonReceiver
12-29 16:19:17.108 16673 16673 E lcs     : MusicCommonReceiver_PlayStatus2  package:hk.reco.qqmusic
12-29 16:19:18.575  2666 11294 E p2p_limit: HCDN_LOG: LevelE [2018/12/29 16:19:18:575][tid:11294]:UploadLimitByCPU,p2p download limit speed 1024 kb 
12-29 16:19:18.940 16544 16560 E DeviceLoadService: [ (DeviceLoadService.java:216)#HandleMessage ] CHECK_MOUNT_STATUS>>>>>>>>>>>>>>>>>>>>>>>>>>>>>>false
12-29 16:19:18.945 16544 16560 E DeviceLoadService: [ (DeviceLoadService.java:234)#CheckMountState ] mountPath/storage/emulated/0
12-29 16:19:18.950 16544 16560 E DeviceLoadService: [ (DeviceLoadService.java:258)#NotifyCheckChanged ] notifyCheckChanged>>>>>>>>>>>>>>>>>>>>>>
12-29 16:19:29.160  1287  1875 E AudioFlinger: PlaybackThread::Track::getNextBuffer:There is not enough data from AudioTrack!!!
12-29 16:19:30.461  1287  1875 E AudioFlinger: PlaybackThread::Track::getNextBuffer:There is not enough data from AudioTrack!!!
12-29 16:19:30.658  1801  2578 E ActivityManager: Yasin-dropcaches
12-29 16:19:30.885  1801  1901 E ConnectivityService: RemoteException caught trying to send a callback msg for NetworkRequest [ id=13, legacyType=-1, [ Capabilities: INTERNET&NOT_RESTRICTED&TRUSTED&NOT_VPN] ]
12-29 16:19:30.908  1801  2401 E ActivityManager: Yasin-dropcaches
12-29 16:19:30.931  2666 11296 E storage_operate: HCDN_LOG: LevelF [2018/12/29 16:19:30:931][tid:11296]:[func:GetPgfCapacityChange],[line:76],[oper:get pgf capacity change],[total_space:4076],[free_space:2984]
12-29 16:19:30.931  2666 11296 E storage_operate: HCDN_LOG: LevelF [2018/12/29 16:19:30:931][tid:11296]:[func:UpdatePgfCapacity],[line:1020],[oper:update pgf capacity],[state:1]
12-29 16:19:30.954  1801  3186 E ActivityManager: Yasin-dropcaches
12-29 16:19:31.003  1801  2054 E ActivityManager: Yasin-dropcaches
12-29 16:19:31.074  1801  2581 E ActivityManager: Yasin-dropcaches
12-29 16:19:31.129  1801  1812 E ActivityManager: Yasin-dropcaches
12-29 16:19:31.180  1801  2563 E ActivityManager: Yasin-dropcaches
12-29 16:19:31.273 16718 16718 E Err     : [ (App.java:48)#OnCreate ] ErrLogService App onCreate
12-29 16:19:31.308 16718 16718 E Err     : [ (ErrLogUploadService.java:177)#OnCreate ] ErrLogUploadService onCreate
12-29 16:19:31.329 16718 16718 E Err     : [ (ErrLogUploadService.java:232)#OnStartCommand ] onStartCommand
12-29 16:19:31.338 16718 16718 E Err     : [ (NetWorkChangeReceiver.java:51)#OnReceive ] NetWorkChangeReceiver action = android.net.conn.CONNECTIVITY_CHANGE
12-29 16:19:31.347 16718 16718 E Err     : [ (NetWorkUtils.java:86)#IsNetworkAvailable ] info.state = CONNECTED
12-29 16:19:31.348 16718 16718 E Err     : [ (ErrLogUploadService.java:420)#OnNetworkEnabled ] onNetworkEnabled
12-29 16:19:31.355 16736 16736 E ActivityThread: Failed to find provider info for com.xgimi.usercenter
12-29 16:19:31.373 16736 16736 E App     : (App.java:64).onCreate():onReceive: install VControl
12-29 16:19:31.373 16736 16736 E App     : (App.java:65).onCreate():App: start ActionService
12-29 16:19:31.378  2455  2455 E ActionService: (ActionService.java:111).onStartCommand():ActionService.onStartCommand
12-29 16:19:31.378  2455  2455 E onStartCommand: webServer.Alive>>>>>>
12-29 16:19:31.379  1287  1875 E AudioFlinger: PlaybackThread::Track::getNextBuffer:There is not enough data from AudioTrack!!!
12-29 16:19:31.507 16736 16736 E DownloadService: (DownloadService.java:88).onStartCommand():onStartCommand: android.uid.system:1000
12-29 16:19:32.390 16718 16718 E Err     : [ (ErrLogUploadService.java:436)#DealLogFile ] 4,logDir = /sdcard/syslog/zip/
12-29 16:19:32.418 16718 16718 E Err     : [ (ErrLogUploadService.java:436)#DealLogFile ] 3,logDir = /sdcard/syslog/zip/
12-29 16:19:32.421 16718 16718 E Err     : [ (ErrLogUploadService.java:436)#DealLogFile ] 1,logDir = /sdcard/syslog/zip/
12-29 16:19:32.422 16718 16767 E Err     : [ (ErrLogUploadService.java:444)#Subscribe ] list = [Ljava.io.File;@7419c1e
12-29 16:19:32.424 16718 16768 E Err     : [ (ErrLogUploadService.java:444)#Subscribe ] list = [Ljava.io.File;@1b4ccff
12-29 16:19:32.428 16718 16769 E Err     : [ (ErrLogUploadService.java:444)#Subscribe ] list = [Ljava.io.File;@cab2acc
12-29 16:19:32.430 16718 16718 E Err     : [ (RxExecutorUtil.java:47)#Accept ] RxExecutorUtil err = java.lang.NullPointerException: onNext called with null. Null values are generally not allowed in 2.x operators and sources.
12-29 16:19:32.430 16718 16718 E Err     : [ (RxExecutorUtil.java:47)#Accept ] RxExecutorUtil err = java.lang.NullPointerException: onNext called with null. Null values are generally not allowed in 2.x operators and sources.
12-29 16:19:32.430 16718 16718 E Err     : [ (RxExecutorUtil.java:47)#Accept ] RxExecutorUtil err = java.lang.NullPointerException: onNext called with null. Null values are generally not allowed in 2.x operators and sources.
12-29 16:19:32.584  2666 11294 E p2p_limit: HCDN_LOG: LevelE [2018/12/29 16:19:32:584][tid:11294]:UploadLimitByCPU,p2p download limit speed 1024 kb 
12-29 16:19:33.171  1287  1875 E AudioFlinger: PlaybackThread::Track::getNextBuffer:There is not enough data from AudioTrack!!!
12-29 16:19:33.555  1287  1875 E AudioFlinger: PlaybackThread::Track::getNextBuffer:There is not enough data from AudioTrack!!!
12-29 16:19:34.387  1287  1875 E AudioFlinger: PlaybackThread::Track::getNextBuffer:There is not enough data from AudioTrack!!!
12-29 16:19:36.285  1287  1875 E AudioFlinger: PlaybackThread::Track::getNextBuffer:There is not enough data from AudioTrack!!!
12-29 16:19:36.733  1287  1875 E AudioFlinger: PlaybackThread::Track::getNextBuffer:There is not enough data from AudioTrack!!!
12-29 16:19:37.394 11652 11652 E ViewRootImpl: FATAL EXCEPTION when attempting to play sound effect: java.lang.IllegalStateException: getAudioManager called when there is no mView
12-29 16:19:39.955  1287  1875 E AudioFlinger: PlaybackThread::Track::getNextBuffer:There is not enough data from AudioTrack!!!
12-29 16:19:40.125  1287  1875 E AudioFlinger: PlaybackThread::Track::getNextBuffer:There is not enough data from AudioTrack!!!
12-29 16:19:40.595  1287  1875 E AudioFlinger: PlaybackThread::Track::getNextBuffer:There is not enough data from AudioTrack!!!
12-29 16:19:41.725  1287  1875 E AudioFlinger: PlaybackThread::Track::getNextBuffer:There is not enough data from AudioTrack!!!
12-29 16:19:42.558 11652 11652 E ViewRootImpl: FATAL EXCEPTION when attempting to play sound effect: java.lang.IllegalStateException: getAudioManager called when there is no mView
12-29 16:19:45.565  1287  1875 E AudioFlinger: PlaybackThread::Track::getNextBuffer:There is not enough data from AudioTrack!!!
12-29 16:19:51.249 16791 16791 E DeviceLoadService: [ (DeviceLoadService.java:191)#OnStartCommand ] ===========================isBootFirst:true
12-29 16:19:51.249 16791 16807 E DeviceLoadService: [ (DeviceLoadService.java:216)#HandleMessage ] CHECK_MOUNT_STATUS>>>>>>>>>>>>>>>>>>>>>>>>>>>>>>false
12-29 16:19:51.256 16791 16807 E DeviceLoadService: [ (DeviceLoadService.java:234)#CheckMountState ] mountPath/storage/emulated/0
12-29 16:19:51.266 16791 16791 E SambaServerService: onStartCommand>>>>>>>>>>>>>>>>>>>>>>>>onStartCommand
12-29 16:19:51.270 16791 16807 E addNewTask : [ (DeviceLoadService.java:313)#AddNewTask ] UsbMountTaskUsbMountTask [rootPath=/storage/emulated/0, scanPath=/storage/emulated/0, mountStatus=0, eventHandlerStat=1]
12-29 16:19:51.271 16791 16807 E ResourceHelper: saveDeviceInfo
12-29 16:19:51.283 16791 16807 E DeviceLoadService: [ (DeviceLoadService.java:295)#SendTask ] sendTask >>>>>>>
12-29 16:19:51.285 16791 16807 E DeviceLoadService: [ (DeviceLoadService.java:258)#NotifyCheckChanged ] notifyCheckChanged>>>>>>>>>>>>>>>>>>>>>>
12-29 16:19:51.816  1287  1875 E AudioFlinger: PlaybackThread::Track::getNextBuffer:There is not enough data from AudioTrack!!!
12-29 16:19:51.823 16791 16807 E DeviceLoadService: [ (DeviceLoadService.java:207)#HandleMessage ] HANDLE_TASK>>>>>>>>>>>>>>>>>>>>>>>>>>>>>>>>>>>>>>
12-29 16:19:51.824 16791 16807 E DeviceLoadService: [ (DeviceLoadService.java:402)#StartScan ] MOUNTED>>>>mmmmmmmmmmm
12-29 16:19:52.000 16791 16807 E DeviceLoadService: [ (DeviceLoadService.java:211)#HandleMessage ] SearchLocalFileDone>>>>>>>>>>>>>>>>>>>>>>>>>>>>>
12-29 16:19:52.000 16791 16807 E DeviceLoadService: [ (DeviceLoadService.java:427)#OnSearchLocalFileDone ] SearchLocalFileDone>>>>>>mmmmmmmmmmm/storage/emulated/0
12-29 16:19:52.003 16791 16807 E DeviceLoadService: [ (DeviceLoadService.java:207)#HandleMessage ] HANDLE_TASK>>>>>>>>>>>>>>>>>>>>>>>>>>>>>>>>>>>>>>
12-29 16:19:52.003 16791 16807 E DeviceLoadService: [ (DeviceLoadService.java:258)#NotifyCheckChanged ] notifyCheckChanged>>>>>>>>>>>>>>>>>>>>>>
12-29 16:19:52.029  1287  1875 E AudioFlinger: PlaybackThread::Track::getNextBuffer:There is not enough data from AudioTrack!!!
12-29 16:19:52.328  1287  1875 E AudioFlinger: PlaybackThread::Track::getNextBuffer:There is not enough data from AudioTrack!!!
12-29 16:19:57.725  1287  1875 E AudioFlinger: PlaybackThread::Track::getNextBuffer:There is not enough data from AudioTrack!!!
12-29 16:19:58.728  1287  1875 E AudioFlinger: PlaybackThread::Track::getNextBuffer:There is not enough data from AudioTrack!!!
12-29 16:19:59.005  1287  1875 E AudioFlinger: PlaybackThread::Track::getNextBuffer:There is not enough data from AudioTrack!!!
12-29 16:20:00.627  1287  1875 E AudioFlinger: PlaybackThread::Track::getNextBuffer:There is not enough data from AudioTrack!!!
12-29 16:20:00.932  2666 11296 E storage_operate: HCDN_LOG: LevelF [2018/12/29 16:20:00:932][tid:11296]:[func:GetPgfCapacityChange],[line:76],[oper:get pgf capacity change],[total_space:4076],[free_space:2984]
12-29 16:20:00.932  2666 11296 E storage_operate: HCDN_LOG: LevelF [2018/12/29 16:20:00:932][tid:11296]:[func:UpdatePgfCapacity],[line:1020],[oper:update pgf capacity],[state:1]
12-29 16:20:01.075  1287  1875 E AudioFlinger: PlaybackThread::Track::getNextBuffer:There is not enough data from AudioTrack!!!
12-29 16:20:01.224  1287  1875 E AudioFlinger: PlaybackThread::Track::getNextBuffer:There is not enough data from AudioTrack!!!
12-29 16:20:01.459  1287  1875 E AudioFlinger: PlaybackThread::Track::getNextBuffer:There is not enough data from AudioTrack!!!
12-29 16:20:01.928  1287  1875 E AudioFlinger: PlaybackThread::Track::getNextBuffer:There is not enough data from AudioTrack!!!
12-29 16:20:02.419  1287  1875 E AudioFlinger: PlaybackThread::Track::getNextBuffer:There is not enough data from AudioTrack!!!
12-29 16:20:02.588  2666 11294 E p2p_limit: HCDN_LOG: LevelE [2018/12/29 16:20:02:588][tid:11294]:UploadLimitByCPU,p2p download limit speed 1024 kb 
12-29 16:20:02.952  1287  1875 E AudioFlinger: PlaybackThread::Track::getNextBuffer:There is not enough data from AudioTrack!!!
12-29 16:20:03.571  1287  1875 E AudioFlinger: PlaybackThread::Track::getNextBuffer:There is not enough data from AudioTrack!!!
12-29 16:20:03.588  2666 11294 E p2p_limit: HCDN_LOG: LevelE [2018/12/29 16:20:03:588][tid:11294]:UploadLimitByCPU,p2p download limit speed 1024 kb 
12-29 16:20:03.976  1287  1875 E AudioFlinger: PlaybackThread::Track::getNextBuffer:There is not enough data from AudioTrack!!!
12-29 16:20:05.213  1287  1875 E AudioFlinger: PlaybackThread::Track::getNextBuffer:There is not enough data from AudioTrack!!!
12-29 16:20:06.365  1287  1875 E AudioFlinger: PlaybackThread::Track::getNextBuffer:There is not enough data from AudioTrack!!!
12-29 16:20:06.707  1287  1875 E AudioFlinger: PlaybackThread::Track::getNextBuffer:There is not enough data from AudioTrack!!!
12-29 16:20:07.091  1287  1875 E AudioFlinger: PlaybackThread::Track::getNextBuffer:There is not enough data from AudioTrack!!!
12-29 16:20:08.433 11652 11652 E ViewRootImpl: FATAL EXCEPTION when attempting to play sound effect: java.lang.IllegalStateException: getAudioManager called when there is no mView
12-29 16:20:09.587  1287  1875 E AudioFlinger: PlaybackThread::Track::getNextBuffer:There is not enough data from AudioTrack!!!
12-29 16:20:10.035  1287  1875 E AudioFlinger: PlaybackThread::Track::getNextBuffer:There is not enough data from AudioTrack!!!
12-29 16:20:10.611  1287  1875 E AudioFlinger: PlaybackThread::Track::getNextBuffer:There is not enough data from AudioTrack!!!
12-29 16:20:11.247 11652 11652 E ViewRootImpl: FATAL EXCEPTION when attempting to play sound effect: java.lang.IllegalStateException: getAudioManager called when there is no mView
12-29 16:20:11.763  1287  1875 E AudioFlinger: PlaybackThread::Track::getNextBuffer:There is not enough data from AudioTrack!!!
12-29 16:20:12.044 16791 16807 E DeviceLoadService: [ (DeviceLoadService.java:216)#HandleMessage ] CHECK_MOUNT_STATUS>>>>>>>>>>>>>>>>>>>>>>>>>>>>>>false
12-29 16:20:12.052 16791 16807 E DeviceLoadService: [ (DeviceLoadService.java:234)#CheckMountState ] mountPath/storage/emulated/0
12-29 16:20:12.055 16791 16807 E DeviceLoadService: [ (DeviceLoadService.java:258)#NotifyCheckChanged ] notifyCheckChanged>>>>>>>>>>>>>>>>>>>>>>
12-29 16:20:17.651  1287  1875 E AudioFlinger: PlaybackThread::Track::getNextBuffer:There is not enough data from AudioTrack!!!
12-29 16:20:18.077  1287  1875 E AudioFlinger: PlaybackThread::Track::getNextBuffer:There is not enough data from AudioTrack!!!
12-29 16:20:18.483  1287  1875 E AudioFlinger: PlaybackThread::Track::getNextBuffer:There is not enough data from AudioTrack!!!
12-29 16:20:19.565  2007  2007 E vol.VolumeDialog: stream:3
12-29 16:20:20.378  7004  7017 E TvUserSettingProvider: updating content://mstar.tv.usersetting/soundsetting, value = Volume=6
12-29 16:20:21.319 11652 11652 E ViewRootImpl: FATAL EXCEPTION when attempting to play sound effect: java.lang.IllegalStateException: getAudioManager called when there is no mView
12-29 16:20:21.353  2007  2007 E vol.VolumeDialog: stream:3
12-29 16:20:30.643  1287  1875 E AudioFlinger: PlaybackThread::Track::getNextBuffer:There is not enough data from AudioTrack!!!
12-29 16:20:30.933  2666 11296 E storage_operate: HCDN_LOG: LevelF [2018/12/29 16:20:30:933][tid:11296]:[func:GetPgfCapacityChange],[line:76],[oper:get pgf capacity change],[total_space:4076],[free_space:2984]
12-29 16:20:30.933  2666 11296 E storage_operate: HCDN_LOG: LevelF [2018/12/29 16:20:30:933][tid:11296]:[func:UpdatePgfCapacity],[line:1020],[oper:update pgf capacity],[state:1]
12-29 16:20:32.062 16791 16807 E DeviceLoadService: [ (DeviceLoadService.java:216)#HandleMessage ] CHECK_MOUNT_STATUS>>>>>>>>>>>>>>>>>>>>>>>>>>>>>>false
12-29 16:20:32.066 16791 16807 E DeviceLoadService: [ (DeviceLoadService.java:234)#CheckMountState ] mountPath/storage/emulated/0
12-29 16:20:32.070 16791 16807 E DeviceLoadService: [ (DeviceLoadService.java:258)#NotifyCheckChanged ] notifyCheckChanged>>>>>>>>>>>>>>>>>>>>>>
12-29 16:20:33.245  1287  1875 E AudioFlinger: PlaybackThread::Track::getNextBuffer:There is not enough data from AudioTrack!!!
12-29 16:20:33.355 11652 11652 E RecyclerView: No adapter attached; skipping layout
12-29 16:20:33.414 11652 11652 E RecyclerView: No adapter attached; skipping layout
12-29 16:20:34.595  2666 11294 E p2p_limit: HCDN_LOG: LevelE [2018/12/29 16:20:34:595][tid:11294]:UploadLimitByCPU,p2p download limit speed 1024 kb 
12-29 16:20:36.808  1287  1875 E AudioFlinger: PlaybackThread::Track::getNextBuffer:There is not enough data from AudioTrack!!!
12-29 16:20:37.043  1287  1875 E AudioFlinger: PlaybackThread::Track::getNextBuffer:There is not enough data from AudioTrack!!!
12-29 16:20:37.363  1287  1875 E AudioFlinger: PlaybackThread::Track::getNextBuffer:There is not enough data from AudioTrack!!!
12-29 16:20:37.704  1287  1875 E AudioFlinger: PlaybackThread::Track::getNextBuffer:There is not enough data from AudioTrack!!!
12-29 16:20:37.706  2455  2455 E XgimiMusicReceiver: (XgimiMusicReceiver.java:59).onReceive():name = Everything I Need,singer = Skylar Grey,pkgName = hk.reco.qqmusic,coverPath =   ,status = 3
12-29 16:20:37.706 15911 15911 E Err     : [ (XgimiMusicReceiver.java:-1)#OnReceive ] name = Everything I Need,singer = Skylar Grey,pkgName = hk.reco.qqmusic,coverPath =   ,status = 3
12-29 16:20:37.962 16901 16901 E lcs     : MusicCommonReceiver
12-29 16:20:37.964 11652 16925 E IJKMEDIA: Option ijkiomanager not found.
12-29 16:20:37.967 16901 16901 E lcs     : MusicCommonReceiver_PlayStatus3  package:
12-29 16:20:37.997  2455  2455 E XgimiMusicReceiver: (XgimiMusicReceiver.java:59).onReceive():name = Everything I Need,singer = Skylar Grey,pkgName = hk.reco.qqmusic,coverPath = http://y.gtimg.cn/music/photo_new/T002R300x300M000003S6RA721MVTr.jpg  ,status = 2
12-29 16:20:37.999 15911 15911 E Err     : [ (XgimiMusicReceiver.java:-1)#OnReceive ] name = Everything I Need,singer = Skylar Grey,pkgName = hk.reco.qqmusic,coverPath = http://y.gtimg.cn/music/photo_new/T002R300x300M000003S6RA721MVTr.jpg  ,status = 2
12-29 16:20:38.003 16901 16901 E lcs     : MusicCommonReceiver
12-29 16:20:38.012 16901 16901 E lcs     : MusicCommonReceiver_PlayStatus2  package:hk.reco.qqmusic
12-29 16:20:39.598  2666 11294 E p2p_limit: HCDN_LOG: LevelE [2018/12/29 16:20:39:598][tid:11294]:UploadLimitByCPU,p2p download limit speed 1024 kb 
12-29 16:20:40.497  2007  2007 E vol.VolumeDialog: stream:3
12-29 16:20:41.302  7004  7017 E TvUserSettingProvider: updating content://mstar.tv.usersetting/soundsetting, value = Volume=8
12-29 16:20:42.280  2007  2007 E vol.VolumeDialog: stream:3
12-29 16:20:42.284  2007  2007 E vol.VolumeDialog: stream:3
12-29 16:20:43.088  7004  7017 E TvUserSettingProvider: updating content://mstar.tv.usersetting/soundsetting, value = Volume=10
12-29 16:20:44.265  7004  7017 E TvUserSettingProvider: updating content://mstar.tv.usersetting/soundsetting, value = Volume=12
12-29 16:20:45.237  2007  2007 E vol.VolumeDialog: stream:3
12-29 16:20:45.587  2007  2007 E vol.VolumeDialog: stream:3
12-29 16:20:46.392  7004  7017 E TvUserSettingProvider: updating content://mstar.tv.usersetting/soundsetting, value = Volume=10
12-29 16:20:47.353  2007  2007 E vol.VolumeDialog: stream:3
12-29 16:20:52.103 16791 16807 E DeviceLoadService: [ (DeviceLoadService.java:216)#HandleMessage ] CHECK_MOUNT_STATUS>>>>>>>>>>>>>>>>>>>>>>>>>>>>>>false
12-29 16:20:52.107 16791 16807 E DeviceLoadService: [ (DeviceLoadService.java:234)#CheckMountState ] mountPath/storage/emulated/0
12-29 16:20:52.110 16791 16807 E DeviceLoadService: [ (DeviceLoadService.java:258)#NotifyCheckChanged ] notifyCheckChanged>>>>>>>>>>>>>>>>>>>>>>
12-29 16:20:59.287  2522  2792 E ContentHelper: getLocalInfo:count==1
12-29 16:20:59.287  2522  2792 E ContentHelper: getLocalInfo:config==null
12-29 16:20:59.288  2522  2792 E ContentHelper: getLocalInfo:count==1
12-29 16:20:59.289  2522  2792 E ContentHelper: getLocalInfo:config==null
12-29 16:20:59.307  2522  2792 E Err     : [ (DeviceUtil.java:36)#GetGimiPid ] getGimiPid = XGIMI0000333
12-29 16:21:00.860  2666 11290 E DE_FLUX_STAT: HCDN_LOG: LevelF [2018/12/29 16:21:00:860][tid:11290]:GetSendData,219     version:10.2.53.18 device_type:12 p2p_up:0 fp2p_up:0 l_p2p_down:0 l_fp2p_down:0 l_cdn_down:0 l_icdn_down:0 l_ds_down:0 u_p2p_down:0 u_fp2p_down:0 u_cdn_down:0 u_icdn_down:0 u_ds_down:0 a_p2p_down:0 a_ds_down:0 s_i_s_p_d0 s_i_d_p_d:0 d_s_d:0 u_i_p_d:0 upload_pc:0 upload_mobile:0 upload_unknown:0 p2p_or_flashp2p_flux_LessThan_500rate:0 pps_ppsp2p_or_flashp2p_flux_500_1024rate:0 pps_ppsp2p_or_flashp2p_flux_1024_2048rate:0 pps_ppsp2p_or_flashp2p_flux_MoreThan_2048rate:0 pps_total_flux_LessThan_500rate:0 pps_total_flux_500_1024rate:0 pps_total_flux_1024_2048rate:0 pps_total_flux_MoreThan_2048rate:0 volume_total_size:4076 volume_free_size:2968 p2p_flux_of_play_task:0 p2p_flux_of_download_task:0 CDN_flux_of_play_task:0 CDN_flux_of_download_task:0 net_type:12 directional_flux_of_play_task:0 directional_flux_of_download_task:0 connect_type:0
12-29 16:21:00.860  2666 11290 E DE_FLUX_STAT: HCDN_LOG: LevelF [2018/12/29 16:21:00:860][tid:11290]:GetSendData,235     is_vip:0 tracket_limited:0 p2p_limited:0 upload_memory_hit:0 app_close_upload:0 open_upload:1
12-29 16:21:00.860  2666 11290 E HttpPost: HCDN_LOG: LevelF [2018/12/29 16:21:00:860][tid:11290]:add job,http://msg.ptqy.gitv.tv/b?t=11&ct=hcdn140224&methodtp=HCDNDLRATIO&platform=pc&deviceid=6b4imacxozevja5oxodw5frukentwtr3&pf=3&p=31&p1=312&u=6b4imacxozevja5oxodw5frukentwtr3&pu=&rn=15538629&version=10.2.53.18&p2p=0&http=0&ts=0&up=0&dcdn=0&icdnds=-1&p2pds=-1&p2pus=304&localup=0&directional=0
12-29 16:21:00.917  2666 11294 E p2pnetwork: HCDN_LOG: LevelF [2018/12/29 16:21:00:917][tid:11294]:未处理的消息from 600ce365:8822,datalen:19!
12-29 16:21:00.934  2666 11296 E storage_operate: HCDN_LOG: LevelF [2018/12/29 16:21:00:933][tid:11296]:[func:GetPgfCapacityChange],[line:76],[oper:get pgf capacity change],[total_space:4076],[free_space:2984]
12-29 16:21:00.934  2666 11296 E storage_operate: HCDN_LOG: LevelF [2018/12/29 16:21:00:934][tid:11296]:[func:UpdatePgfCapacity],[line:1020],[oper:update pgf capacity],[state:1]
12-29 16:21:03.866  2666 11290 E hcdn_downloadengine: HCDN_LOG: LevelE [2018/12/29 16:21:03:866][tid:11290]:OnRecvGetStoreDataSizeResponse,1815     store data size:0 MB,max date size:1258MB,volume total size:4076MB!
12-29 16:21:09.337  2522 16959 E LocalReporter: [ (RetryWithDelay.java:37)#Apply ] retry count = 1
12-29 16:21:12.133 16791 16807 E DeviceLoadService: [ (DeviceLoadService.java:216)#HandleMessage ] CHECK_MOUNT_STATUS>>>>>>>>>>>>>>>>>>>>>>>>>>>>>>false
12-29 16:21:12.137 16791 16807 E DeviceLoadService: [ (DeviceLoadService.java:234)#CheckMountState ] mountPath/storage/emulated/0
12-29 16:21:12.140 16791 16807 E DeviceLoadService: [ (DeviceLoadService.java:258)#NotifyCheckChanged ] notifyCheckChanged>>>>>>>>>>>>>>>>>>>>>>
12-29 16:21:24.352  2522  3670 E LocalReporter: [ (RetryWithDelay.java:37)#Apply ] retry count = 2
12-29 16:21:30.878  2666 11290 E HttpPost: HCDN_LOG: LevelF [2018/12/29 16:21:30:878][tid:11290]:add job,http://msg.ptqy.gitv.tv/v5/ypt/cdns?p1=3_31_312&u=6b4imacxozevja5oxodw5frukentwtr3&v=10.2.53.18&rn=15568646&stcf=0&skcf=0&lrcf=0&cpcf=0&bfcf=0&pupf=0&openup=1&htaskr=0&cpucnt=4&memts=915&diskts=4076&sbfcf=0&dkioswh=1&dkioran=3&kpdldswh=0&kpdldras=0&stmode=0&upmemhit=0&iotmmed=0&iotmiqr=0&dbflsmed=0&dbflsiqr=0&appclup=0&onlyuc=0&diskinsuf=0&as_st_cnt=0&sc_st_cnt=0&sc_stop_c=0&sc_cmpl_c=0&st_code=0&sc_cost=0&free_spc=2968&app_sz=0&app_adv=0&app_cnt=0&stor_sz=0&stor_adv=0&stor_cnt=0&cl_alc=0&app_cl=0&stor_cl=0&cl_ct=0&app_exts=0&app_extc=0&mem_s=0&a_mem=0&e_mem=0 
12-29 16:21:30.934  2666 11296 E storage_operate: HCDN_LOG: LevelF [2018/12/29 16:21:30:934][tid:11296]:[func:GetPgfCapacityChange],[line:76],[oper:get pgf capacity change],[total_space:4076],[free_space:2984]
12-29 16:21:30.935  2666 11296 E storage_operate: HCDN_LOG: LevelF [2018/12/29 16:21:30:935][tid:11296]:[func:UpdatePgfCapacity],[line:1020],[oper:update pgf capacity],[state:1]
12-29 16:21:31.765  2007  2007 E vol.VolumeDialog: stream:3
12-29 16:21:32.180 16791 16807 E DeviceLoadService: [ (DeviceLoadService.java:216)#HandleMessage ] CHECK_MOUNT_STATUS>>>>>>>>>>>>>>>>>>>>>>>>>>>>>>false
12-29 16:21:32.183 16791 16807 E DeviceLoadService: [ (DeviceLoadService.java:234)#CheckMountState ] mountPath/storage/emulated/0
12-29 16:21:32.186 16791 16807 E DeviceLoadService: [ (DeviceLoadService.java:258)#NotifyCheckChanged ] notifyCheckChanged>>>>>>>>>>>>>>>>>>>>>>
12-29 16:21:32.570  7004  7017 E TvUserSettingProvider: updating content://mstar.tv.usersetting/soundsetting, value = Volume=8
12-29 16:21:33.537  2007  2007 E vol.VolumeDialog: stream:3
12-29 16:21:36.618  2522  2522 E LocalReporter: [ (StringUploader.java:94)#_onSuccess ] upload Success = []
12-29 16:21:52.226 16791 16807 E DeviceLoadService: [ (DeviceLoadService.java:216)#HandleMessage ] CHECK_MOUNT_STATUS>>>>>>>>>>>>>>>>>>>>>>>>>>>>>>false
12-29 16:21:52.230 16791 16807 E DeviceLoadService: [ (DeviceLoadService.java:234)#CheckMountState ] mountPath/storage/emulated/0
12-29 16:21:52.234 16791 16807 E DeviceLoadService: [ (DeviceLoadService.java:258)#NotifyCheckChanged ] notifyCheckChanged>>>>>>>>>>>>>>>>>>>>>>
12-29 16:22:00.936  2666 11296 E storage_operate: HCDN_LOG: LevelF [2018/12/29 16:22:00:936][tid:11296]:[func:GetPgfCapacityChange],[line:76],[oper:get pgf capacity change],[total_space:4076],[free_space:2984]
12-29 16:22:00.936  2666 11296 E storage_operate: HCDN_LOG: LevelF [2018/12/29 16:22:00:936][tid:11296]:[func:UpdatePgfCapacity],[line:1020],[oper:update pgf capacity],[state:1]
12-29 16:22:07.034  2666 11296 E storage_operate: HCDN_LOG: LevelF [2018/12/29 16:22:07:034][tid:11296]:[func:StatMemInfo],[line:625],[oper:stat_mem_info],[store:0],[avail:0],[extend:0]
12-29 16:22:08.530  2666  2666 E ScreenSaverImageProvider: [TID 2666] readLocalScreenSaverModelList, read screen saver data failed
12-29 16:22:08.530  2666  2666 E ScreenSaverImageProvider: java.io.EOFException
12-29 16:22:08.530  2666  2666 E ScreenSaverImageProvider: 	at libcore.io.Streams.readFully(Streams.java:83)
12-29 16:22:08.530  2666  2666 E ScreenSaverImageProvider: 	at java.io.DataInputStream.readShort(DataInputStream.java:152)
12-29 16:22:08.530  2666  2666 E ScreenSaverImageProvider: 	at java.io.ObjectInputStream.readStreamHeader(ObjectInputStream.java:2061)
12-29 16:22:08.530  2666  2666 E ScreenSaverImageProvider: 	at java.io.ObjectInputStream.<init>(ObjectInputStream.java:371)
12-29 16:22:08.530  2666  2666 E ScreenSaverImageProvider: 	at com.gala.video.lib.framework.core.utils.SerializableUtils.read(SerializableUtils.java:71)
12-29 16:22:08.530  2666  2666 E ScreenSaverImageProvider: 	at com.gala.video.app.epg.k.g.h(ScreenSaverImageProvider.java:233)
12-29 16:22:08.530  2666  2666 E ScreenSaverImageProvider: 	at com.gala.video.app.epg.k.g.b(ScreenSaverImageProvider.java:68)
12-29 16:22:08.530  2666  2666 E ScreenSaverImageProvider: 	at com.gala.video.app.epg.k.g.e(ScreenSaverImageProvider.java:196)
12-29 16:22:08.530  2666  2666 E ScreenSaverImageProvider: 	at com.gala.video.app.epg.k.h$1.handleMessage(ScreenSaverOperator.java:74)
12-29 16:22:08.530  2666  2666 E ScreenSaverImageProvider: 	at android.os.Handler.dispatchMessage(Handler.java:102)
12-29 16:22:08.530  2666  2666 E ScreenSaverImageProvider: 	at android.os.Looper.loop(Looper.java:148)
12-29 16:22:08.530  2666  2666 E ScreenSaverImageProvider: 	at android.app.ActivityThread.main(ActivityThread.java:5417)
12-29 16:22:08.530  2666  2666 E ScreenSaverImageProvider: 	at java.lang.reflect.Method.invoke(Native Method)
12-29 16:22:08.530  2666  2666 E ScreenSaverImageProvider: 	at com.android.internal.os.ZygoteInit$MethodAndArgsCaller.run(ZygoteInit.java:731)
12-29 16:22:08.530  2666  2666 E ScreenSaverImageProvider: 	at com.android.internal.os.ZygoteInit.main(ZygoteInit.java:621)
12-29 16:22:12.274 16791 16807 E DeviceLoadService: [ (DeviceLoadService.java:216)#HandleMessage ] CHECK_MOUNT_STATUS>>>>>>>>>>>>>>>>>>>>>>>>>>>>>>false
12-29 16:22:12.279 16791 16807 E DeviceLoadService: [ (DeviceLoadService.java:234)#CheckMountState ] mountPath/storage/emulated/0
12-29 16:22:12.283 16791 16807 E DeviceLoadService: [ (DeviceLoadService.java:258)#NotifyCheckChanged ] notifyCheckChanged>>>>>>>>>>>>>>>>>>>>>>
12-29 16:22:13.209  2249  2312 E BluetoothRemoteDevices: state12newState1
12-29 16:22:13.211 15911 15911 E Err     : [ (BluetoothReceiver.java:-1)#OnReceive ] bluetooth action = android.bluetooth.device.action.ACL_DISCONNECTED
12-29 16:22:13.572 15911 15911 E Err     : [ (BluetoothReceiver.java:-1)#OnReceive ] bluetooth action = android.bluetooth.input.profile.action.CONNECTION_STATE_CHANGED
12-29 16:22:13.586 15911 15911 E Err     : [ (BluetoothReceiver.java:-1)#OnReceive ] bluetooth action = android.bluetooth.adapter.action.CONNECTION_STATE_CHANGED
12-29 16:22:13.602  2399  2399 E wpa_supplicant: wpa_driver_nl80211_driver_cmd: failed to issue private command: BTCOEXSCAN-STOP
12-29 16:22:14.599 15911 16992 E Err     : [ (MiddleWareUtils.java:-1)#Call ] bondDevices = [name::BLuetooth 4.0 RC  address::8B:67:5B:32:4D:8A  pro_type::3  statue_type::0  bt_type::8]
12-29 16:22:14.600 15911 15911 E Err     : [ (MiddleWareUtils.java:-1)#Call ] result = []
12-29 16:22:14.619 15911 16992 E Err     : [ (MiddleWareUtils.java:-1)#Call ] bondDevices = [name::BLuetooth 4.0 RC  address::8B:67:5B:32:4D:8A  pro_type::3  statue_type::0  bt_type::8]
12-29 16:22:14.621 15911 15911 E Err     : [ (MiddleWareUtils.java:-1)#Call ] result = []
12-29 16:22:18.440  2666  2666 E ScreenSaverImageProvider: [TID 2666] readLocalScreenSaverModelList, read screen saver data failed
12-29 16:22:18.440  2666  2666 E ScreenSaverImageProvider: java.io.EOFException
12-29 16:22:18.440  2666  2666 E ScreenSaverImageProvider: 	at libcore.io.Streams.readFully(Streams.java:83)
12-29 16:22:18.440  2666  2666 E ScreenSaverImageProvider: 	at java.io.DataInputStream.readShort(DataInputStream.java:152)
12-29 16:22:18.440  2666  2666 E ScreenSaverImageProvider: 	at java.io.ObjectInputStream.readStreamHeader(ObjectInputStream.java:2061)
12-29 16:22:18.440  2666  2666 E ScreenSaverImageProvider: 	at java.io.ObjectInputStream.<init>(ObjectInputStream.java:371)
12-29 16:22:18.440  2666  2666 E ScreenSaverImageProvider: 	at com.gala.video.lib.framework.core.utils.SerializableUtils.read(SerializableUtils.java:71)
12-29 16:22:18.440  2666  2666 E ScreenSaverImageProvider: 	at com.gala.video.app.epg.k.g.h(ScreenSaverImageProvider.java:233)
12-29 16:22:18.440  2666  2666 E ScreenSaverImageProvider: 	at com.gala.video.app.epg.k.g.b(ScreenSaverImageProvider.java:68)
12-29 16:22:18.440  2666  2666 E ScreenSaverImageProvider: 	at com.gala.video.app.epg.k.g.e(ScreenSaverImageProvider.java:196)
12-29 16:22:18.440  2666  2666 E ScreenSaverImageProvider: 	at com.gala.video.app.epg.k.h$1.handleMessage(ScreenSaverOperator.java:88)
12-29 16:22:18.440  2666  2666 E ScreenSaverImageProvider: 	at android.os.Handler.dispatchMessage(Handler.java:102)
12-29 16:22:18.440  2666  2666 E ScreenSaverImageProvider: 	at android.os.Looper.loop(Looper.java:148)
12-29 16:22:18.440  2666  2666 E ScreenSaverImageProvider: 	at android.app.ActivityThread.main(ActivityThread.java:5417)
12-29 16:22:18.440  2666  2666 E ScreenSaverImageProvider: 	at java.lang.reflect.Method.invoke(Native Method)
12-29 16:22:18.440  2666  2666 E ScreenSaverImageProvider: 	at com.android.internal.os.ZygoteInit$MethodAndArgsCaller.run(ZygoteInit.java:731)
12-29 16:22:18.440  2666  2666 E ScreenSaverImageProvider: 	at com.android.internal.os.ZygoteInit.main(ZygoteInit.java:621)
12-29 16:22:26.214 15911 15911 E Err     : [ (MyApp.java:-1)#OnLowMemory ] onLowMemory 
12-29 16:22:26.214 15911 15911 E Err     : [ (MyApp.java:-1)#OnLowMemory ] onLowMemory 
12-29 16:22:30.937  2666 11296 E storage_operate: HCDN_LOG: LevelF [2018/12/29 16:22:30:937][tid:11296]:[func:GetPgfCapacityChange],[line:76],[oper:get pgf capacity change],[total_space:4076],[free_space:2984]
12-29 16:22:30.937  2666 11296 E storage_operate: HCDN_LOG: LevelF [2018/12/29 16:22:30:937][tid:11296]:[func:UpdatePgfCapacity],[line:1020],[oper:update pgf capacity],[state:1]
12-29 16:22:32.322 16791 16807 E DeviceLoadService: [ (DeviceLoadService.java:216)#HandleMessage ] CHECK_MOUNT_STATUS>>>>>>>>>>>>>>>>>>>>>>>>>>>>>>false
12-29 16:22:32.325 16791 16807 E DeviceLoadService: [ (DeviceLoadService.java:234)#CheckMountState ] mountPath/storage/emulated/0
12-29 16:22:32.329 16791 16807 E DeviceLoadService: [ (DeviceLoadService.java:258)#NotifyCheckChanged ] notifyCheckChanged>>>>>>>>>>>>>>>>>>>>>>
12-29 16:22:52.371 16791 16807 E DeviceLoadService: [ (DeviceLoadService.java:216)#HandleMessage ] CHECK_MOUNT_STATUS>>>>>>>>>>>>>>>>>>>>>>>>>>>>>>false
12-29 16:22:52.374 16791 16807 E DeviceLoadService: [ (DeviceLoadService.java:234)#CheckMountState ] mountPath/storage/emulated/0
12-29 16:22:52.377 16791 16807 E DeviceLoadService: [ (DeviceLoadService.java:258)#NotifyCheckChanged ] notifyCheckChanged>>>>>>>>>>>>>>>>>>>>>>
12-29 16:23:00.938  2666 11296 E storage_operate: HCDN_LOG: LevelF [2018/12/29 16:23:00:938][tid:11296]:[func:GetPgfCapacityChange],[line:76],[oper:get pgf capacity change],[total_space:4076],[free_space:2984]
12-29 16:23:00.938  2666 11296 E storage_operate: HCDN_LOG: LevelF [2018/12/29 16:23:00:938][tid:11296]:[func:UpdatePgfCapacity],[line:1020],[oper:update pgf capacity],[state:1]
12-29 16:23:12.417 16791 16807 E DeviceLoadService: [ (DeviceLoadService.java:216)#HandleMessage ] CHECK_MOUNT_STATUS>>>>>>>>>>>>>>>>>>>>>>>>>>>>>>false
12-29 16:23:12.424 16791 16807 E DeviceLoadService: [ (DeviceLoadService.java:234)#CheckMountState ] mountPath/storage/emulated/0
12-29 16:23:12.428 16791 16807 E DeviceLoadService: [ (DeviceLoadService.java:258)#NotifyCheckChanged ] notifyCheckChanged>>>>>>>>>>>>>>>>>>>>>>
12-29 16:23:30.938  2666 11296 E storage_operate: HCDN_LOG: LevelF [2018/12/29 16:23:30:938][tid:11296]:[func:GetPgfCapacityChange],[line:76],[oper:get pgf capacity change],[total_space:4076],[free_space:2984]
12-29 16:23:30.938  2666 11296 E storage_operate: HCDN_LOG: LevelF [2018/12/29 16:23:30:938][tid:11296]:[func:UpdatePgfCapacity],[line:1020],[oper:update pgf capacity],[state:1]
12-29 16:23:32.461 16791 16807 E DeviceLoadService: [ (DeviceLoadService.java:216)#HandleMessage ] CHECK_MOUNT_STATUS>>>>>>>>>>>>>>>>>>>>>>>>>>>>>>false
12-29 16:23:32.466 16791 16807 E DeviceLoadService: [ (DeviceLoadService.java:234)#CheckMountState ] mountPath/storage/emulated/0
12-29 16:23:32.469 16791 16807 E DeviceLoadService: [ (DeviceLoadService.java:258)#NotifyCheckChanged ] notifyCheckChanged>>>>>>>>>>>>>>>>>>>>>>
12-29 16:23:52.511 16791 16807 E DeviceLoadService: [ (DeviceLoadService.java:216)#HandleMessage ] CHECK_MOUNT_STATUS>>>>>>>>>>>>>>>>>>>>>>>>>>>>>>false
12-29 16:23:52.514 16791 16807 E DeviceLoadService: [ (DeviceLoadService.java:234)#CheckMountState ] mountPath/storage/emulated/0
12-29 16:23:52.517 16791 16807 E DeviceLoadService: [ (DeviceLoadService.java:258)#NotifyCheckChanged ] notifyCheckChanged>>>>>>>>>>>>>>>>>>>>>>
12-29 16:23:54.226  1287  1875 E AudioFlinger: PlaybackThread::Track::getNextBuffer:There is not enough data from AudioTrack!!!
12-29 16:23:54.607 11652 17025 E IJKMEDIA: Option ijkiomanager not found.
12-29 16:23:54.641 15911 15911 E Err     : [ (XgimiMusicReceiver.java:-1)#OnReceive ] name = 别再闹了,singer = 毛不易,pkgName = hk.reco.qqmusic,coverPath = http://y.gtimg.cn/music/photo_new/T002R300x300M000000DPVOS47frP1.jpg  ,status = 2
12-29 16:23:54.641  2455  2455 E XgimiMusicReceiver: (XgimiMusicReceiver.java:59).onReceive():name = 别再闹了,singer = 毛不易,pkgName = hk.reco.qqmusic,coverPath = http://y.gtimg.cn/music/photo_new/T002R300x300M000000DPVOS47frP1.jpg  ,status = 2
12-29 16:23:54.643 16901 16901 E lcs     : MusicCommonReceiver
12-29 16:23:54.651 16901 16901 E lcs     : MusicCommonReceiver_PlayStatus2  package:hk.reco.qqmusic
12-29 16:24:00.939  2666 11296 E storage_operate: HCDN_LOG: LevelF [2018/12/29 16:24:00:938][tid:11296]:[func:GetPgfCapacityChange],[line:76],[oper:get pgf capacity change],[total_space:4076],[free_space:2984]
12-29 16:24:00.939  2666 11296 E storage_operate: HCDN_LOG: LevelF [2018/12/29 16:24:00:939][tid:11296]:[func:UpdatePgfCapacity],[line:1020],[oper:update pgf capacity],[state:1]
12-29 16:24:12.557 16791 16807 E DeviceLoadService: [ (DeviceLoadService.java:216)#HandleMessage ] CHECK_MOUNT_STATUS>>>>>>>>>>>>>>>>>>>>>>>>>>>>>>false
12-29 16:24:12.563 16791 16807 E DeviceLoadService: [ (DeviceLoadService.java:234)#CheckMountState ] mountPath/storage/emulated/0
12-29 16:24:12.567 16791 16807 E DeviceLoadService: [ (DeviceLoadService.java:258)#NotifyCheckChanged ] notifyCheckChanged>>>>>>>>>>>>>>>>>>>>>>
12-29 16:24:30.939  2666 11296 E storage_operate: HCDN_LOG: LevelF [2018/12/29 16:24:30:939][tid:11296]:[func:GetPgfCapacityChange],[line:76],[oper:get pgf capacity change],[total_space:4076],[free_space:2984]
12-29 16:24:30.939  2666 11296 E storage_operate: HCDN_LOG: LevelF [2018/12/29 16:24:30:939][tid:11296]:[func:UpdatePgfCapacity],[line:1020],[oper:update pgf capacity],[state:1]
12-29 16:24:32.581 16791 16807 E DeviceLoadService: [ (DeviceLoadService.java:216)#HandleMessage ] CHECK_MOUNT_STATUS>>>>>>>>>>>>>>>>>>>>>>>>>>>>>>false
12-29 16:24:32.584 16791 16807 E DeviceLoadService: [ (DeviceLoadService.java:234)#CheckMountState ] mountPath/storage/emulated/0
12-29 16:24:32.587 16791 16807 E DeviceLoadService: [ (DeviceLoadService.java:258)#NotifyCheckChanged ] notifyCheckChanged>>>>>>>>>>>>>>>>>>>>>>
12-29 16:24:36.731  2522  2792 E ContentHelper: getLocalInfo:count==1
12-29 16:24:36.732  2522  2792 E ContentHelper: getLocalInfo:config==null
12-29 16:24:36.733  2522  2792 E ContentHelper: getLocalInfo:count==1
12-29 16:24:36.733  2522  2792 E ContentHelper: getLocalInfo:config==null
12-29 16:24:36.752  2522  2792 E Err     : [ (DeviceUtil.java:36)#GetGimiPid ] getGimiPid = XGIMI0000333
12-29 16:24:46.774  2522 17045 E LocalReporter: [ (RetryWithDelay.java:37)#Apply ] retry count = 1
12-29 16:24:52.626 16791 16807 E DeviceLoadService: [ (DeviceLoadService.java:216)#HandleMessage ] CHECK_MOUNT_STATUS>>>>>>>>>>>>>>>>>>>>>>>>>>>>>>false
12-29 16:24:52.629 16791 16807 E DeviceLoadService: [ (DeviceLoadService.java:234)#CheckMountState ] mountPath/storage/emulated/0
12-29 16:24:52.632 16791 16807 E DeviceLoadService: [ (DeviceLoadService.java:258)#NotifyCheckChanged ] notifyCheckChanged>>>>>>>>>>>>>>>>>>>>>>
12-29 16:24:58.979  2522  2522 E LocalReporter: [ (StringUploader.java:94)#_onSuccess ] upload Success = []
12-29 16:25:00.939  2666 11296 E storage_operate: HCDN_LOG: LevelF [2018/12/29 16:25:00:939][tid:11296]:[func:GetPgfCapacityChange],[line:76],[oper:get pgf capacity change],[total_space:4076],[free_space:2984]
12-29 16:25:00.939  2666 11296 E storage_operate: HCDN_LOG: LevelF [2018/12/29 16:25:00:939][tid:11296]:[func:UpdatePgfCapacity],[line:1020],[oper:update pgf capacity],[state:1]
12-29 16:25:12.673 16791 16807 E DeviceLoadService: [ (DeviceLoadService.java:216)#HandleMessage ] CHECK_MOUNT_STATUS>>>>>>>>>>>>>>>>>>>>>>>>>>>>>>false
12-29 16:25:12.677 16791 16807 E DeviceLoadService: [ (DeviceLoadService.java:234)#CheckMountState ] mountPath/storage/emulated/0
12-29 16:25:12.680 16791 16807 E DeviceLoadService: [ (DeviceLoadService.java:258)#NotifyCheckChanged ] notifyCheckChanged>>>>>>>>>>>>>>>>>>>>>>
12-29 16:25:26.668  9367 10795 E xgimiAd : 30分钟轮训一次
12-29 16:25:26.718  9367 10795 E xgimiAd : 本地有json数据downloadIndex:0
12-29 16:25:26.718  9367 10795 E xgimiAd : 请求状态接口triggerI: c9246ca33caca260763b0f7ca9426219  curId: 770
12-29 16:25:26.719  9367 10795 E xgimiAd : getAdStatus_paramsMwMRRcZcECuCqBYvozHs2tBYwggVoZoztNhiAN4rKH46PmCsRBa+ROkvyYZJhYabydnOFnc8BQWYRmk9NjFMDQ==
12-29 16:25:27.285  9367 17054 E xgimiAd : AdStatusBean:{"code":200,"data":{"status":1},"message":"SUCCESS"}
12-29 16:25:27.285  9367 17054 E xgimiAd : 广告生效中
12-29 16:25:27.288  9367 17054 E xgimiAd : g_triggerID:c9246ca33caca260763b0f7ca9426219
12-29 16:25:27.290  9367 17054 E xgimiAd : g_ID:770
12-29 16:25:27.292  9367 17054 E xgimiAd : g_play_s:0
12-29 16:25:27.292  9367 17054 E xgimiAd : 广告生效中_已经存在此广告，此广告还没有播放成功过_return
12-29 16:25:30.940  2666 11296 E storage_operate: HCDN_LOG: LevelF [2018/12/29 16:25:30:940][tid:11296]:[func:GetPgfCapacityChange],[line:76],[oper:get pgf capacity change],[total_space:4076],[free_space:2984]
12-29 16:25:30.940  2666 11296 E storage_operate: HCDN_LOG: LevelF [2018/12/29 16:25:30:940][tid:11296]:[func:UpdatePgfCapacity],[line:1020],[oper:update pgf capacity],[state:1]
12-29 16:25:32.721 16791 16807 E DeviceLoadService: [ (DeviceLoadService.java:216)#HandleMessage ] CHECK_MOUNT_STATUS>>>>>>>>>>>>>>>>>>>>>>>>>>>>>>false
12-29 16:25:32.725 16791 16807 E DeviceLoadService: [ (DeviceLoadService.java:234)#CheckMountState ] mountPath/storage/emulated/0
12-29 16:25:32.728 16791 16807 E DeviceLoadService: [ (DeviceLoadService.java:258)#NotifyCheckChanged ] notifyCheckChanged>>>>>>>>>>>>>>>>>>>>>>
12-29 16:25:52.770 16791 16807 E DeviceLoadService: [ (DeviceLoadService.java:216)#HandleMessage ] CHECK_MOUNT_STATUS>>>>>>>>>>>>>>>>>>>>>>>>>>>>>>false
12-29 16:25:52.773 16791 16807 E DeviceLoadService: [ (DeviceLoadService.java:234)#CheckMountState ] mountPath/storage/emulated/0
12-29 16:25:52.777 16791 16807 E DeviceLoadService: [ (DeviceLoadService.java:258)#NotifyCheckChanged ] notifyCheckChanged>>>>>>>>>>>>>>>>>>>>>>
12-29 16:26:00.049  2666 11290 E DE_FLUX_STAT: HCDN_LOG: LevelF [2018/12/29 16:26:00:049][tid:11290]:GetSendData,219     version:10.2.53.18 device_type:12 p2p_up:0 fp2p_up:0 l_p2p_down:0 l_fp2p_down:0 l_cdn_down:0 l_icdn_down:0 l_ds_down:0 u_p2p_down:0 u_fp2p_down:0 u_cdn_down:0 u_icdn_down:0 u_ds_down:0 a_p2p_down:0 a_ds_down:0 s_i_s_p_d0 s_i_d_p_d:0 d_s_d:0 u_i_p_d:0 upload_pc:0 upload_mobile:0 upload_unknown:0 p2p_or_flashp2p_flux_LessThan_500rate:0 pps_ppsp2p_or_flashp2p_flux_500_1024rate:0 pps_ppsp2p_or_flashp2p_flux_1024_2048rate:0 pps_ppsp2p_or_flashp2p_flux_MoreThan_2048rate:0 pps_total_flux_LessThan_500rate:0 pps_total_flux_500_1024rate:0 pps_total_flux_1024_2048rate:0 pps_total_flux_MoreThan_2048rate:0 volume_total_size:4076 volume_free_size:2968 p2p_flux_of_play_task:0 p2p_flux_of_download_task:0 CDN_flux_of_play_task:0 CDN_flux_of_download_task:0 net_type:12 directional_flux_of_play_task:0 directional_flux_of_download_task:0 connect_type:0
12-29 16:26:00.049  2666 11290 E DE_FLUX_STAT: HCDN_LOG: LevelF [2018/12/29 16:26:00:049][tid:11290]:GetSendData,235     is_vip:0 tracket_limited:0 p2p_limited:0 upload_memory_hit:0 app_close_upload:0 open_upload:1
12-29 16:26:00.049  2666 11290 E HttpPost: HCDN_LOG: LevelF [2018/12/29 16:26:00:049][tid:11290]:add job,http://msg.ptqy.gitv.tv/b?t=11&ct=hcdn140224&methodtp=HCDNDLRATIO&platform=pc&deviceid=6b4imacxozevja5oxodw5frukentwtr3&pf=3&p=31&p1=312&u=6b4imacxozevja5oxodw5frukentwtr3&pu=&rn=15837818&version=10.2.53.18&p2p=0&http=0&ts=0&up=0&dcdn=0&icdnds=-1&p2pds=-1&p2pus=304&localup=0&directional=0
12-29 16:26:00.233  2666 11294 E p2pnetwork: HCDN_LOG: LevelF [2018/12/29 16:26:00:233][tid:11294]:未处理的消息from 600ce365:8822,datalen:19!
12-29 16:26:00.940  2666 11296 E storage_operate: HCDN_LOG: LevelF [2018/12/29 16:26:00:940][tid:11296]:[func:GetPgfCapacityChange],[line:76],[oper:get pgf capacity change],[total_space:4076],[free_space:2984]
12-29 16:26:00.940  2666 11296 E storage_operate: HCDN_LOG: LevelF [2018/12/29 16:26:00:940][tid:11296]:[func:UpdatePgfCapacity],[line:1020],[oper:update pgf capacity],[state:1]
12-29 16:26:01.425  2666 11293 E hcdn_downloadengine: HCDN_LOG: LevelF [2018/12/29 16:26:01:425][tid:11293]:HttpDownFile,317     request_url[http://data.video.ptqy.gitv.tv/v.f4v]
12-29 16:26:01.527  2666 11293 E hcdn_downloadengine: HCDN_LOG: LevelF [2018/12/29 16:26:01:527][tid:11293]:GetIspProvince,214     http json : {"t":"CNC|SiChuan_ChengDu-101.204.79.180","z":"wangsucdn_cnc","mrc":"3","time":"1546071961","v":"2018-12-27 v18.52.1","l":"http://wangsucdncnc.inter.ptqy.gitv.tv/v.f4v?uuid=65cc4fb4-5c272f99-10e","abs_speed":5208}
12-29 16:26:01.527  2666 11293 E hcdn_downloadengine: HCDN_LOG: LevelE [2018/12/29 16:26:01:527][tid:11293]:GetData,142,	wstrSaveFile is /storage/emulated/0/qcache/config/hcdn/vodservercfg.blf,
12-29 16:26:01.527  2666 11293 E hcdn_downloadengine: HCDN_LOG: LevelF [2018/12/29 16:26:01:527][tid:11293]:HttpDownFile,190     request_url[http://policy.video.ptqy.gitv.tv/vodservercfg.blf?su=6b4imacxozevja5oxodw5frukentwtr3]
12-29 16:26:01.538  2666 11293 E hcdn_downloadengine: HCDN_LOG: LevelF [2018/12/29 16:26:01:538][tid:11293]:HttpDownFile,217    http return code[304]
12-29 16:26:01.538  2666 11293 E hcdn_downloadengine: HCDN_LOG: LevelF [2018/12/29 16:26:01:538][tid:11293]:HttpDownFile,242 szFileSavePath = /storage/emulated/0/qcache/config/hcdn/vodservercfg.blf, httpclient.GetDataLength() = 0
12-29 16:26:01.538  2666 11293 E hcdn_downloadengine: HCDN_LOG: LevelF [2018/12/29 16:26:01:538][tid:11293]:CHttpDownloadFile http download ok!
12-29 16:26:01.538  2666 11293 E hcdn_downloadengine: HCDN_LOG: LevelF [2018/12/29 16:26:01:538][tid:11293]:HttpDownDcdnConfigFile,357     request_url[http://static.ptqy.gitv.tv/ext/common/hcdncfg.tv.json ]
12-29 16:26:01.681  2666 11293 E hcdn_downloadengine: HCDN_LOG: LevelF [2018/12/29 16:26:01:681][tid:11293]:HttpDownDcdnConfigFile,387    http return code[304]
12-29 16:26:02.014  2666 11297 E cdnspeedup: HCDN_LOG: LevelE [2018/12/29 16:26:02:014][tid:11297]:GetCDNSpeedUpCtrl,103.hcdn_downlad_policy_url:http://policy.video.ptqy.gitv.tv/policy.hcdnclient.android.tv.blf
12-29 16:26:02.026  2666 11297 E cdnspeedup: HCDN_LOG: LevelE [2018/12/29 16:26:02:026][tid:11297]:HcbOnGetCDNSpeedUpCtrlEx,210, Get Data from Server is NULL!
