12-29 16:26:02.030  2666 11297 E cdnetwork_tcpclient: HCDN_LOG: LevelE [2018/12/29 16:26:02:030][tid:11297]:ParseCDNSpeedUpXML m_bNdCollectStat: 0
12-29 16:26:02.030  2666 11290 E hcdn_downloadengine: HCDN_LOG: LevelE [2018/12/29 16:26:02:030][tid:11290]:OnRecvDcdnPolicyConfigNotify,1969     offline download use dcdn:0 !
12-29 16:26:02.030  2666 11290 E hcdn_downloadengine: HCDN_LOG: LevelE [2018/12/29 16:26:02:030][tid:11290]:OnRecvDcdnPolicyConfigNotify,1988     all seg try use dcdn:0 !
12-29 16:26:02.030  2666 11290 E hcdn_downloadengine: HCDN_LOG: LevelE [2018/12/29 16:26:02:030][tid:11290]:OnRecvDcdnPolicyConfigNotify,2005     dcdn do not start!
12-29 16:26:02.031  2666 11290 E hcdn_downloadengine: HCDN_LOG: LevelE [2018/12/29 16:26:02:031][tid:11290]:OnRecvIsCDNSpeedUp,1174     recv hcdn download policy!
12-29 16:26:02.031  2666 11290 E hcdn_downloadengine: HCDN_LOG: LevelE [2018/12/29 16:26:02:031][tid:11290]:OnRecvIsCDNSpeedUp,1227     seek try p2p : 1 !
12-29 16:26:02.031  2666 11290 E hcdn_downloadengine: HCDN_LOG: LevelE [2018/12/29 16:26:02:031][tid:11290]:OnRecvIsCDNSpeedUp,1297  open upload,cl_conn_type:mobile;immobile;,conn_type:,mobile_conn_type:0,cl_m_l:128,m:915,cl_c_l:1,c:4,cl_v_o:1
12-29 16:26:02.031  2666 11290 E hcdn_downloadengine: HCDN_LOG: LevelE [2018/12/29 16:26:02:031][tid:11290]:OnRecvIsCDNSpeedUp,1459    speed_limit_for_storage : 10240 KBps 
12-29 16:26:02.031  2666 11290 E hcdn_downloadengine: HCDN_LOG: LevelE [2018/12/29 16:26:02:031][tid:11290]:OnRecvIsCDNSpeedUp,1550    mobile upload conn_power:1,lock_screen:1,no_task:1,battery:40,speed:2048 kbps
12-29 16:26:02.031  2666 11290 E hcdn_downloadengine: HCDN_LOG: LevelE [2018/12/29 16:26:02:031][tid:11290]:OnRecvIsCDNSpeedUp,1568   upload start_time=193000,end_time=233000 
12-29 16:26:02.031  2666 11290 E hcdn_downloadengine: HCDN_LOG: LevelE [2018/12/29 16:26:02:031][tid:11290]:OnRecvIsCDNSpeedUp,1687    MSG_DE2P2P_Offline_P2PQuality_Weight_Report
12-29 16:26:02.031  2666 11294 E p2pnetwork: HCDN_LOG: LevelF [2018/12/29 16:26:02:031][tid:11294]:Set_p2p_quality_weight,2374. 1,3,1,4,48,1,64,50,1,80,10,0.750000,0.750000,10,6,0
12-29 16:26:02.031  2666 11290 E hcdn_downloadengine: HCDN_LOG: LevelE [2018/12/29 16:26:02:031][tid:11290]:OnRecvIsCDNSpeedUp,1712    predeploy main switch:1 
12-29 16:26:02.031  2666 11294 E p2pnetwork: HCDN_LOG: LevelF [2018/12/29 16:26:02:031][tid:11294]:Set_p2p_quality_weight_for_offline,2416. 1,3,1,4,48,1,64,50,1,80,20,0.750000,0.750000,10,6,0
12-29 16:26:02.031  2666 11290 E hcdn_downloadengine: HCDN_LOG: LevelE [2018/12/29 16:26:02:031][tid:11290]:LoadPreDeployMOdule,4473     predeploy load begine 
12-29 16:26:02.035  2666 11296 E storage_operate: HCDN_LOG: LevelF [2018/12/29 16:26:02:035][tid:11296]:[func:SetPredeploySaveDiskOnly],[line:1162],[oper:cloud_param],[PredeploySaveDiskOnly:0]
12-29 16:26:02.039  2666 11296 E storage_operate: HCDN_LOG: LevelF [2018/12/29 16:26:02:039][tid:11296]:[func:SetMaxDiskSpaceToUseMB],[line:807],[oper:set max disk use],[use:1222]
12-29 16:26:02.039  2666 11296 E storage_operate: HCDN_LOG: LevelF [2018/12/29 16:26:02:039][tid:11296]:[func:SetCommonDiskIOSwitch],[line:815],[oper:set disk IO switch],[old_type:3],[old_switch:1],[type:3],[state:1]
12-29 16:26:02.039  2666 11290 E hcdn_downloadengine: HCDN_LOG: LevelE [2018/12/29 16:26:02:039][tid:11290]:OnRecvDiskIoState,2065     disk_io_state : 1 
12-29 16:26:02.040  2666 11296 E storage_operate: HCDN_LOG: LevelF [2018/12/29 16:26:02:040][tid:11296]:[func:SetDiskOffMemUse],[line:1143],[oper:set disk off max block count],[disk_off_max_count:45]
12-29 16:26:03.054  2666 11290 E hcdn_downloadengine: HCDN_LOG: LevelE [2018/12/29 16:26:03:054][tid:11290]:OnRecvGetStoreDataSizeResponse,1815     store data size:0 MB,max date size:1258MB,volume total size:4076MB!
12-29 16:26:08.544  2666  2666 E ScreenSaverImageProvider: [TID 2666] readLocalScreenSaverModelList, read screen saver data failed
12-29 16:26:08.544  2666  2666 E ScreenSaverImageProvider: java.io.EOFException
12-29 16:26:08.544  2666  2666 E ScreenSaverImageProvider: 	at libcore.io.Streams.readFully(Streams.java:83)
12-29 16:26:08.544  2666  2666 E ScreenSaverImageProvider: 	at java.io.DataInputStream.readShort(DataInputStream.java:152)
12-29 16:26:08.544  2666  2666 E ScreenSaverImageProvider: 	at java.io.ObjectInputStream.readStreamHeader(ObjectInputStream.java:2061)
12-29 16:26:08.544  2666  2666 E ScreenSaverImageProvider: 	at java.io.ObjectInputStream.<init>(ObjectInputStream.java:371)
12-29 16:26:08.544  2666  2666 E ScreenSaverImageProvider: 	at com.gala.video.lib.framework.core.utils.SerializableUtils.read(SerializableUtils.java:71)
12-29 16:26:08.544  2666  2666 E ScreenSaverImageProvider: 	at com.gala.video.app.epg.k.g.h(ScreenSaverImageProvider.java:233)
12-29 16:26:08.544  2666  2666 E ScreenSaverImageProvider: 	at com.gala.video.app.epg.k.g.b(ScreenSaverImageProvider.java:68)
12-29 16:26:08.544  2666  2666 E ScreenSaverImageProvider: 	at com.gala.video.app.epg.k.g.e(ScreenSaverImageProvider.java:196)
12-29 16:26:08.544  2666  2666 E ScreenSaverImageProvider: 	at com.gala.video.app.epg.k.h$1.handleMessage(ScreenSaverOperator.java:74)
12-29 16:26:08.544  2666  2666 E ScreenSaverImageProvider: 	at android.os.Handler.dispatchMessage(Handler.java:102)
12-29 16:26:08.544  2666  2666 E ScreenSaverImageProvider: 	at android.os.Looper.loop(Looper.java:148)
12-29 16:26:08.544  2666  2666 E ScreenSaverImageProvider: 	at android.app.ActivityThread.main(ActivityThread.java:5417)
12-29 16:26:08.544  2666  2666 E ScreenSaverImageProvider: 	at java.lang.reflect.Method.invoke(Native Method)
12-29 16:26:08.544  2666  2666 E ScreenSaverImageProvider: 	at com.android.internal.os.ZygoteInit$MethodAndArgsCaller.run(ZygoteInit.java:731)
12-29 16:26:08.544  2666  2666 E ScreenSaverImageProvider: 	at com.android.internal.os.ZygoteInit.main(ZygoteInit.java:621)
12-29 16:26:12.818 16791 16807 E DeviceLoadService: [ (DeviceLoadService.java:216)#HandleMessage ] CHECK_MOUNT_STATUS>>>>>>>>>>>>>>>>>>>>>>>>>>>>>>false
12-29 16:26:12.821 16791 16807 E DeviceLoadService: [ (DeviceLoadService.java:234)#CheckMountState ] mountPath/storage/emulated/0
12-29 16:26:12.824 16791 16807 E DeviceLoadService: [ (DeviceLoadService.java:258)#NotifyCheckChanged ] notifyCheckChanged>>>>>>>>>>>>>>>>>>>>>>
12-29 16:26:18.454  2666  2666 E ScreenSaverImageProvider: [TID 2666] readLocalScreenSaverModelList, read screen saver data failed
12-29 16:26:18.454  2666  2666 E ScreenSaverImageProvider: java.io.EOFException
12-29 16:26:18.454  2666  2666 E ScreenSaverImageProvider: 	at libcore.io.Streams.readFully(Streams.java:83)
12-29 16:26:18.454  2666  2666 E ScreenSaverImageProvider: 	at java.io.DataInputStream.readShort(DataInputStream.java:152)
12-29 16:26:18.454  2666  2666 E ScreenSaverImageProvider: 	at java.io.ObjectInputStream.readStreamHeader(ObjectInputStream.java:2061)
12-29 16:26:18.454  2666  2666 E ScreenSaverImageProvider: 	at java.io.ObjectInputStream.<init>(ObjectInputStream.java:371)
12-29 16:26:18.454  2666  2666 E ScreenSaverImageProvider: 	at com.gala.video.lib.framework.core.utils.SerializableUtils.read(SerializableUtils.java:71)
12-29 16:26:18.454  2666  2666 E ScreenSaverImageProvider: 	at com.gala.video.app.epg.k.g.h(ScreenSaverImageProvider.java:233)
12-29 16:26:18.454  2666  2666 E ScreenSaverImageProvider: 	at com.gala.video.app.epg.k.g.b(ScreenSaverImageProvider.java:68)
12-29 16:26:18.454  2666  2666 E ScreenSaverImageProvider: 	at com.gala.video.app.epg.k.g.e(ScreenSaverImageProvider.java:196)
12-29 16:26:18.454  2666  2666 E ScreenSaverImageProvider: 	at com.gala.video.app.epg.k.h$1.handleMessage(ScreenSaverOperator.java:88)
12-29 16:26:18.454  2666  2666 E ScreenSaverImageProvider: 	at android.os.Handler.dispatchMessage(Handler.java:102)
12-29 16:26:18.454  2666  2666 E ScreenSaverImageProvider: 	at android.os.Looper.loop(Looper.java:148)
12-29 16:26:18.454  2666  2666 E ScreenSaverImageProvider: 	at android.app.ActivityThread.main(ActivityThread.java:5417)
12-29 16:26:18.454  2666  2666 E ScreenSaverImageProvider: 	at java.lang.reflect.Method.invoke(Native Method)
12-29 16:26:18.454  2666  2666 E ScreenSaverImageProvider: 	at com.android.internal.os.ZygoteInit$MethodAndArgsCaller.run(ZygoteInit.java:731)
12-29 16:26:18.454  2666  2666 E ScreenSaverImageProvider: 	at com.android.internal.os.ZygoteInit.main(ZygoteInit.java:621)
12-29 16:26:29.785  1801  3187 E ActivityManager: Yasin-dropcaches
12-29 16:26:30.060  1801  2544 E ActivityManager: Yasin-dropcaches
12-29 16:26:30.066  2666 11290 E HttpPost: HCDN_LOG: LevelF [2018/12/29 16:26:30:066][tid:11290]:add job,http://msg.ptqy.gitv.tv/v5/ypt/cdns?p1=3_31_312&u=6b4imacxozevja5oxodw5frukentwtr3&v=10.2.53.18&rn=15867835&stcf=0&skcf=0&lrcf=0&cpcf=0&bfcf=0&pupf=0&openup=1&htaskr=0&cpucnt=4&memts=915&diskts=4076&sbfcf=0&dkioswh=1&dkioran=3&kpdldswh=0&kpdldras=0&stmode=0&upmemhit=0&iotmmed=0&iotmiqr=0&dbflsmed=0&dbflsiqr=0&appclup=0&onlyuc=0&diskinsuf=0&as_st_cnt=0&sc_st_cnt=0&sc_stop_c=0&sc_cmpl_c=0&st_code=0&sc_cost=0&free_spc=2968&app_sz=0&app_adv=0&app_cnt=0&stor_sz=0&stor_adv=0&stor_cnt=0&cl_alc=0&app_cl=0&stor_cl=0&cl_ct=0&app_exts=0&app_extc=0&mem_s=0&a_mem=0&e_mem=0 
12-29 16:26:30.101  1801  2561 E ActivityManager: Yasin-dropcaches
12-29 16:26:30.161  1801  2560 E ActivityManager: Yasin-dropcaches
12-29 16:26:30.351 17126 17126 E Err     : [ (App.java:48)#OnCreate ] ErrLogService App onCreate
12-29 16:26:30.364 17126 17126 E Err     : [ (ErrLogUploadService.java:177)#OnCreate ] ErrLogUploadService onCreate
12-29 16:26:30.377 17115 17115 E ActivityThread: Failed to find provider info for com.xgimi.usercenter
12-29 16:26:30.385 17126 17126 E Err     : [ (ErrLogUploadService.java:232)#OnStartCommand ] onStartCommand
12-29 16:26:30.387 17126 17126 E Err     : [ (NetWorkChangeReceiver.java:51)#OnReceive ] NetWorkChangeReceiver action = android.net.conn.CONNECTIVITY_CHANGE
12-29 16:26:30.394 17126 17126 E Err     : [ (NetWorkUtils.java:86)#IsNetworkAvailable ] info.state = CONNECTED
12-29 16:26:30.395 17126 17126 E Err     : [ (ErrLogUploadService.java:420)#OnNetworkEnabled ] onNetworkEnabled
12-29 16:26:30.419 17115 17115 E App     : (App.java:64).onCreate():onReceive: install VControl
12-29 16:26:30.422 17115 17115 E App     : (App.java:65).onCreate():App: start ActionService
12-29 16:26:30.426  2455  2455 E ActionService: (ActionService.java:111).onStartCommand():ActionService.onStartCommand
12-29 16:26:30.426  2455  2455 E onStartCommand: webServer.Alive>>>>>>
12-29 16:26:30.630 17115 17115 E DownloadService: (DownloadService.java:88).onStartCommand():onStartCommand: android.uid.system:1000
12-29 16:26:30.677  2666 11294 E p2p_limit: HCDN_LOG: LevelE [2018/12/29 16:26:30:677][tid:11294]:UploadLimitByCPU,p2p download limit speed 1024 kb 
12-29 16:26:30.940  2666 11296 E storage_operate: HCDN_LOG: LevelF [2018/12/29 16:26:30:940][tid:11296]:[func:GetPgfCapacityChange],[line:76],[oper:get pgf capacity change],[total_space:4076],[free_space:2984]
12-29 16:26:30.940  2666 11296 E storage_operate: HCDN_LOG: LevelF [2018/12/29 16:26:30:940][tid:11296]:[func:UpdatePgfCapacity],[line:1020],[oper:update pgf capacity],[state:1]
12-29 16:26:31.440 17126 17126 E Err     : [ (ErrLogUploadService.java:436)#DealLogFile ] 4,logDir = /sdcard/syslog/zip/
12-29 16:26:31.490 17126 17126 E Err     : [ (ErrLogUploadService.java:436)#DealLogFile ] 3,logDir = /sdcard/syslog/zip/
12-29 16:26:31.494 17126 17183 E Err     : [ (ErrLogUploadService.java:444)#Subscribe ] list = [Ljava.io.File;@c239a3
12-29 16:26:31.495 17126 17126 E Err     : [ (ErrLogUploadService.java:436)#DealLogFile ] 1,logDir = /sdcard/syslog/zip/
12-29 16:26:31.500 17126 17182 E Err     : [ (ErrLogUploadService.java:444)#Subscribe ] list = [Ljava.io.File;@4cc04d2
12-29 16:26:31.504 17126 17184 E Err     : [ (ErrLogUploadService.java:444)#Subscribe ] list = [Ljava.io.File;@cab2acc
12-29 16:26:31.505 17126 17126 E Err     : [ (RxExecutorUtil.java:47)#Accept ] RxExecutorUtil err = java.lang.NullPointerException: onNext called with null. Null values are generally not allowed in 2.x operators and sources.
12-29 16:26:31.506 17126 17126 E Err     : [ (RxExecutorUtil.java:47)#Accept ] RxExecutorUtil err = java.lang.NullPointerException: onNext called with null. Null values are generally not allowed in 2.x operators and sources.
12-29 16:26:31.506 17126 17126 E Err     : [ (RxExecutorUtil.java:47)#Accept ] RxExecutorUtil err = java.lang.NullPointerException: onNext called with null. Null values are generally not allowed in 2.x operators and sources.
12-29 16:26:31.677  2666 11294 E p2p_limit: HCDN_LOG: LevelE [2018/12/29 16:26:31:677][tid:11294]:UploadLimitByCPU,p2p download limit speed 1024 kb 
12-29 16:26:32.677  2666 11294 E p2p_limit: HCDN_LOG: LevelE [2018/12/29 16:26:32:677][tid:11294]:UploadLimitByCPU,p2p download limit speed 1024 kb 
12-29 16:26:32.861 16791 16807 E DeviceLoadService: [ (DeviceLoadService.java:216)#HandleMessage ] CHECK_MOUNT_STATUS>>>>>>>>>>>>>>>>>>>>>>>>>>>>>>false
12-29 16:26:32.869 16791 16807 E DeviceLoadService: [ (DeviceLoadService.java:234)#CheckMountState ] mountPath/storage/emulated/0
12-29 16:26:32.882 16791 16807 E DeviceLoadService: [ (DeviceLoadService.java:258)#NotifyCheckChanged ] notifyCheckChanged>>>>>>>>>>>>>>>>>>>>>>
12-29 16:26:33.679  2666 11294 E p2p_limit: HCDN_LOG: LevelE [2018/12/29 16:26:33:679][tid:11294]:UploadLimitByCPU,p2p download limit speed 1024 kb 
12-29 16:26:34.679  2666 11294 E p2p_limit: HCDN_LOG: LevelE [2018/12/29 16:26:34:679][tid:11294]:UploadLimitByCPU,p2p download limit speed 1024 kb 
12-29 16:26:36.679  2666 11294 E p2p_limit: HCDN_LOG: LevelE [2018/12/29 16:26:36:679][tid:11294]:UploadLimitByCPU,p2p download limit speed 1024 kb 
12-29 16:26:41.679  2666 11294 E p2p_limit: HCDN_LOG: LevelE [2018/12/29 16:26:41:679][tid:11294]:UploadLimitByCPU,p2p download limit speed 1024 kb 
12-29 16:26:42.362  1801  1849 E InputDispatcher: channel '354ecc2 com.xgimi.home/com.xgimi.home.ui.MainActivity (server)' ~ Channel is unrecoverably broken and will be disposed!
12-29 16:26:43.315 17285 17285 E launcher3.0 DownloadHelper.java: [ (DownloadHelper.java:-1)#Init ] init DownloadManager
12-29 16:26:43.379 17285 17285 E Err     : [ (MyApp.java:-1)#OnCreate ] MyApp onCreate time = 116
12-29 16:26:43.529 17285 17285 E Err     : [ (Xgimi4KUtils.java:-1)#AppReg ] uid = null
12-29 16:26:43.529 17285 17285 E SkGarden: params should not null
12-29 16:26:43.563 17285 17285 E Err     : [ (BaseActivity.java:-1)#BootSourceCheck ] bootsourcename = 
12-29 16:26:43.564 17285 17285 E Err     : [ (MiddleWareUtils.java:-1)#SwitchToSignalSource ] switchToSignalSource = null
12-29 16:26:43.565 17285 17285 E Err     : [ (MiddleWareUtils.java:-1)#SwitchToSignalSource ] isDoubleScreenMode or sw is empty
12-29 16:26:43.680 17256 17271 E QueryController: Got null root node from accessibility - Retrying...
12-29 16:26:43.680  2666 11294 E p2p_limit: HCDN_LOG: LevelE [2018/12/29 16:26:43:680][tid:11294]:UploadLimitByCPU,p2p download limit speed 1024 kb 
12-29 16:26:43.820 17285 17285 E NetWorkIcon: [ (TitleFragment.java:-1)#OnCreateView ] onCreateView lastNetwork = ,prop = false
12-29 16:26:43.835 17285 17285 E Err     : [ (MainActivity.java:-2)#OnCreate ] MainActivity onCreate time 5= 435
12-29 16:26:43.850 17285 17285 E Err     : [ (MiddleWareUtils.java:-1)#IsSupportBattery ] globalConfig = {    "model": "Z4V",    "signal": [        {            "name": "HDMI1",            "source": "E_INPUT_SOURCE_HDMI",            "sw": "HDMI1"        },		{            "name": "HDMI2",            "source": "E_INPUT_SOURCE_HDMI2",            "sw": "HDMI2"        },        {            "name": "USB2.0",            "source": "",            "sw": ""        }    ],	"systemMemoryInfo":{		"memory":"1GB",		"system_storage":"4GB",		"builtin_storage":"4GB"	},	"videoCustomerDefault": [		{			"source": "storage",			"brightness": 50,			"contrast": 50,			"saturation": 50,			"sharpness": 26,			"colorTemp": 1		}	],	"Bluetooth": [		{			"ble_pair_rssi": -62,			"bt_name":"Gimi Z4V BT Speaker",			"sounder_Mode_light":"false"		}	]}
12-29 16:26:43.892 17285 17285 E Err     : [ (MyAppGlideModule.java:-1)#ApplyOptions ] 内置缓存路径 
12-29 16:26:43.914 17285 17285 E Err     : [ (BaseActivity.java:-1)#OnResume ] BaseActivity onResume
12-29 16:26:43.931 17256 17271 E QueryController: Got null root node from accessibility - Retrying...
12-29 16:26:44.016 17285 17285 E launcher3.0 IQiYiUtils.java: [ (IQiYiUtils.java:-1)#OnConnected ] onConnected478
12-29 16:26:44.017 17285 17313 E Err     : [ (InitializeService.java:-1)#PerformInit ] performInit begin:1546072004017
12-29 16:26:44.039  2666  2682 E EPG/home/DeviceCheckResult: [TID 2682] isDevCheckPass() ApiKey is bbf05a0eb71413ceda9b0803c757b5e9
12-29 16:26:44.182 17256 17271 E QueryController: Got null root node from accessibility - Retrying...
12-29 16:26:44.193 17285 17313 E Err     : [ (InitializeService.java:-1)#PerformInit ] performInit end:1546072004186
12-29 16:26:44.193 17285 17331 E Err     : [ (ChildModeUtil.java:-1)#Call ] setDefaultVoiceProp = 1
12-29 16:26:44.402 13237 13263 E JErr    : [ (WeatherManager.java:177)#GetLocationParams ] country = 中国,province = 四川省,city = 成都市,district = 武侯区
12-29 16:26:44.422 17285 17338 E Err     : [ (MiddleWareUtils.java:-1)#Call ] bondDevices = [name::BLuetooth 4.0 RC  address::8B:67:5B:32:4D:8A  pro_type::3  statue_type::0  bt_type::8]
12-29 16:26:44.438 17256 17271 E QueryController: Cannot proceed when root node is null. Aborted search
12-29 16:26:44.458 17285 17339 E Err     : [ (MsgUtils.java:-1)#Call ] 雪,3℃-0℃
12-29 16:26:44.570 13237 13249 E JErr    : [ (WeatherManager.java:177)#GetLocationParams ] country = 中国,province = 四川省,city = 成都市,district = 武侯区
12-29 16:26:44.598 17285 17285 E launcher3.0 IQiYiUtils.java: [ (IQiYiUtils.java:-1)#OnAuthSuccess ] onAuthSuccess1065
12-29 16:26:44.608 17285 17341 E Err     : [ (MiddleWareUtils.java:-1)#Call ] bondDevices = [name::BLuetooth 4.0 RC  address::8B:67:5B:32:4D:8A  pro_type::3  statue_type::0  bt_type::8]
12-29 16:26:44.628 17285 17338 E Err     : [ (MiddleWareUtils.java:-1)#Call ] bondDevices = [name::BLuetooth 4.0 RC  address::8B:67:5B:32:4D:8A  pro_type::3  statue_type::0  bt_type::8]
12-29 16:26:44.636 17285 17285 E Err     : [ (LogReportService.java:-1)#OnStartCommand ] service upload log report
12-29 16:26:44.639 17285 17339 E Err     : [ (MsgUtils.java:-1)#Call ] 雪,3℃-0℃
12-29 16:26:44.651 17285 17285 E Err     : [ (BackgroundService.java:-1)#OnStartCommand ] start dependAppDownload service
12-29 16:26:44.681  2666 11294 E p2p_limit: HCDN_LOG: LevelE [2018/12/29 16:26:44:681][tid:11294]:UploadLimitByCPU,p2p download limit speed 1024 kb 
12-29 16:26:44.981 17285 17285 E Err     : [ (MiddleWareUtils.java:-1)#Call ] result = []
12-29 16:26:44.982 17285 17285 E Err     : [ (NetWorkChangeReceiver.java:-1)#OnReceive ] action = android.net.conn.CONNECTIVITY_CHANGE
12-29 16:26:44.986 17285 17285 E launcher3.0 NetWorkIcon.java: [ (NetWorkIcon.java:-1)#OnEthernetEnabled ] onEthernetEnabled
12-29 16:26:44.987 17285 17285 E NetWorkIcon: [ (NetWorkIcon.java:-1)#ToastNetWork ] lastToast = toast_disable,toast = 已连接到有线网络
12-29 16:26:45.018 17285 17285 E Err     : [ (MiddleWareUtils.java:-1)#Call ] result = []
12-29 16:26:45.018 17285 17285 E Err     : [ (MiddleWareUtils.java:-1)#Call ] result = []
12-29 16:26:45.119 17285 17350 E Err     : [ (HttpsUtil.java:-1)#CheckServerTrusted ] checkServerTrusted: SignatureException:null
12-29 16:26:45.123 17285 17350 E Err     : [ (HttpsUtil.java:-1)#CheckServerTrusted ] checkServerTrusted: SignatureException:null
12-29 16:26:45.128 17285 17350 E Err     : [ (HttpsUtil.java:-1)#CheckServerTrusted ] checkServerTrusted: SignatureException:null
12-29 16:26:45.139 17285 17285 E launcher3.0 CenterFragment.java: [ (CenterFragment.java:-1)#InitUI ] initUI force
12-29 16:26:45.247 17285 17285 E Err     : [ (PageDbUtils.java:-1)#IsDefaultSort ] showPages = [PageObject{tagid='110007', pagename='更多', index=0, isshown=true, homepage=false, cannothide=false} io.realm.PageObjectRealmProxy@53e2e6a8, PageObject{tagid='110000', pagename='我的', index=1, isshown=true, homepage=false, cannothide=false} io.realm.PageObjectRealmProxy@53e2e6a9, PageObject{tagid='110016', pagename='VIP', index=2, isshown=true, homepage=false, cannothide=false} io.realm.PageObjectRealmProxy@53e2e6aa, PageObject{tagid='110002', pagename='电影', index=3, isshown=true, homepage=false, cannothide=false} io.realm.PageObjectRealmProxy@53e2e6ab, PageObject{tagid='110011', pagename='少儿', index=4, isshown=true, homepage=false, cannothide=false} io.realm.PageObjectRealmProxy@53e2e6ac, PageObject{tagid='110003', pagename='电视剧', index=5, isshown=true, homepage=false, cannothide=false} io.realm.PageObjectRealmProxy@53e2e6ad, PageObject{tagid='110004', pagename='综艺', index=6, isshown=true, homepage=false, cannothide=false} io.realm.PageObjectRealmProxy@53e2e6ae, PageObject{tagid='110013', pagename='体育', index=7, isshown=true, homepage=false, cannothide=false} io.realm.PageObjectRealmProxy@53e2e6af, PageObject{tagid='110001', pagename='应用', index=8, isshown=true, homepage=false, cannothide=false} io.realm.PageObjectRealmProxy@53e2e6b0]
12-29 16:26:45.247 17285 17285 E Err     : [更多, 我的, VIP, 电影, 少儿, 电视剧, 综艺, 体育, 应用]
12-29 16:26:45.248 17285 17285 E Err     : [ (PageDbUtils.java:-1)#SetDefaultUITab ] setDefaultUITab = null
12-29 16:26:45.271 17285 17285 E Err     : [ (MainActivity.java:-1)#OnEventNetworkEnable ] onEventNetworkEnable
12-29 16:26:45.277 17285 17285 E Err     : [ (Xgimi4KUtils.java:-1)#AppReg ] uid = null
12-29 16:26:45.277 17285 17285 E SkGarden: params should not null
12-29 16:26:45.279 17285 17285 E Err     : [ (TitleFragment.java:-1)#OnEventNetworkEnable ] onEventNetworkEnable
12-29 16:26:45.286 17285 17285 E Err     : [ (CenterFragment.java:-1)#OnEventNetworkEnable ] onEventNetworkEnable
12-29 16:26:45.291 17285 17285 E Err     : [ (LogReporterUtil.java:-1)#SendLogsInitData ] sendLogsInitData prop = true
12-29 16:26:45.291 13237 13248 E JErr    : [ (WeatherManager.java:177)#GetLocationParams ] country = 中国,province = 四川省,city = 成都市,district = 武侯区
12-29 16:26:45.300 17285 17365 E Err     : [ (CommonUtil.java:-1)#Run ] country = 中国,province = 四川省,city = 成都市,district = 武侯区
12-29 16:26:45.304 17285 17365 E Err     : [ (CenterFragment.java:-1)#OnSuccess ] getAddress
12-29 16:26:45.304 17285 17365 E Err     : [ (CenterFragment.java:-1)#GetNetData ] params updatetime = 0
12-29 16:26:45.348 17285 17338 E Err     : [ (MsgUtils.java:-1)#Call ] 雪,3℃-0℃
12-29 16:26:45.437 17285 17285 E Err     : [ (CenterFragment.java:-1)#OnEventNetworkEnable ] queryScreenInfo
12-29 16:26:45.581 17285 17348 E Err     : [ (HttpsUtil.java:-1)#CheckServerTrusted ] checkServerTrusted: SignatureException:null
12-29 16:26:45.586 17285 17348 E Err     : [ (HttpsUtil.java:-1)#CheckServerTrusted ] checkServerTrusted: SignatureException:null
12-29 16:26:45.591 17285 17348 E Err     : [ (HttpsUtil.java:-1)#CheckServerTrusted ] checkServerTrusted: SignatureException:null
12-29 16:26:45.681  2666 11294 E p2p_limit: HCDN_LOG: LevelE [2018/12/29 16:26:45:681][tid:11294]:UploadLimitByCPU,p2p download limit speed 1024 kb 
12-29 16:26:45.717 17285 17285 E Err     : [ (SmartTabLayout.java:-1)#SelectTab ] selectTab = 2
12-29 16:26:45.752 17285 17369 E Err     : [ (IQiYiUtils.java:-1)#OnError ] onError = 2040208
12-29 16:26:45.770 17285 17285 E Err     : [ (HttpUtils.java:-1)#_onSuccess ] method:getRelyApks
12-29 16:26:45.770 17285 17285 E Err     : time:792
12-29 16:26:45.770 17285 17285 E Err     : [ (BackgroundService.java:-1)#_onSuccess ] getRelyApks = []
12-29 16:26:45.771 13237 13263 E JErr    : [ (WeatherManager.java:177)#GetLocationParams ] country = 中国,province = 四川省,city = 成都市,district = 武侯区
12-29 16:26:45.771 17285 17285 E Err     : [ (HttpUtils.java:-1)#_onSuccess ] method:getScreenInfo
12-29 16:26:45.771 17285 17285 E Err     : time:323
12-29 16:26:45.771 17285 17285 E launcher3.0 ScreenSaverHelper.java: [ (ScreenSaverHelper.java:-1)#_onSuccess ] queryScreenInfo no update
12-29 16:26:45.781 17285 17285 E Err     : [ (BackgroundService.java:-1)#OnStartCommand ] start dependAppDownload service
12-29 16:26:45.816 17285 17350 E Err     : [ (MsgUtils.java:-1)#Call ] 雪,3℃-0℃
12-29 16:26:46.115 17285 17285 E Err     : [ (TitleFragment.java:-1)#Call ] hdmiHandle  = false
12-29 16:26:46.118 17285 17285 E Err     : [ (MainActivity.java:-1)#OnEventPageSelect ] onEventPageSelect = 110000
12-29 16:26:46.209 17285 17285 E Err     : [ (HistoryCacheUtil.java:-1)#GetIQiYiHistory ] getIQiYiHistory = 18
12-29 16:26:46.210 17285 17285 E Err     : [ (IQiYiUtils.java:-1)#FilterPic ] picUrl = http://pic9.ptqy.gitv.tv/image/20181227/be/91/v_115506010_m_600_m2_260_360.jpg
12-29 16:26:46.210 17285 17285 E Err     : [ (IQiYiUtils.java:-1)#FilterPic ] pic = 5
12-29 16:26:46.210 17285 17285 E Err     : pic = false
12-29 16:26:46.211 17285 17285 E Err     : [ (IQiYiUtils.java:-1)#FilterPic ] pic = 5
12-29 16:26:46.211 17285 17285 E Err     : pic = false
12-29 16:26:46.211 17285 17285 E Err     : [ (IQiYiUtils.java:-1)#FilterPic ] pic = 5
12-29 16:26:46.211 17285 17285 E Err     : pic = true
12-29 16:26:46.216 17285 17285 E Err     : [ (HistoryCacheUtil.java:-1)#GetHistorySync ] mediaPic = http://pic9.ptqy.gitv.tv/image/20181227/be/91/v_115506010_m_600_m2.jpg
12-29 16:26:46.216 17285 17285 E Err     : getMediaPic = http://pic8.ptqy.gitv.tv/image/20181227/0a/a3/v_115506010_m_601_m12_260_360.jpg
12-29 16:26:46.217 17285 17285 E Err     : [ (IQiYiUtils.java:-1)#FilterPic ] picUrl = http://pic0.ptqy.gitv.tv/image/20170803/f6/50/v_113008102_m_600_260_360.jpg
12-29 16:26:46.217 17285 17285 E Err     : [ (IQiYiUtils.java:-1)#FilterPic ] pic = 5
12-29 16:26:46.217 17285 17285 E Err     : pic = false
12-29 16:26:46.217 17285 17285 E Err     : [ (IQiYiUtils.java:-1)#FilterPic ] pic = 5
12-29 16:26:46.217 17285 17285 E Err     : pic = false
12-29 16:26:46.218 17285 17285 E Err     : [ (IQiYiUtils.java:-1)#FilterPic ] pic = 5
12-29 16:26:46.218 17285 17285 E Err     : pic = true
12-29 16:26:46.221 17285 17285 E Err     : [ (HistoryCacheUtil.java:-1)#GetHistorySync ] mediaPic = http://pic0.ptqy.gitv.tv/image/20170803/f6/50/v_113008102_m_600.jpg
12-29 16:26:46.221 17285 17285 E Err     : getMediaPic = http://pic0.ptqy.gitv.tv/image/20170803/f6/50/v_113008102_m_600_260_360.jpg
12-29 16:26:46.222 17285 17285 E Err     : [ (IQiYiUtils.java:-1)#FilterPic ] picUrl = http://pic2.ptqy.gitv.tv/image/20180711/ae/06/v_116495556_m_600_m3_260_360.jpg
12-29 16:26:46.222 17285 17285 E Err     : [ (IQiYiUtils.java:-1)#FilterPic ] pic = 5
12-29 16:26:46.222 17285 17285 E Err     : pic = false
12-29 16:26:46.222 17285 17285 E Err     : [ (IQiYiUtils.java:-1)#FilterPic ] pic = 5
12-29 16:26:46.222 17285 17285 E Err     : pic = false
12-29 16:26:46.222 17285 17285 E Err     : [ (IQiYiUtils.java:-1)#FilterPic ] pic = 5
12-29 16:26:46.222 17285 17285 E Err     : pic = true
12-29 16:26:46.226 17285 17285 E Err     : [ (HistoryCacheUtil.java:-1)#GetHistorySync ] mediaPic = http://pic2.ptqy.gitv.tv/image/20180711/ae/06/v_116495556_m_600_m3.jpg
12-29 16:26:46.226 17285 17285 E Err     : getMediaPic = http://pic1.ptqy.gitv.tv/image/20180711/c2/a7/v_116495556_m_601_m3_260_360.jpg
12-29 16:26:46.226 17285 17285 E Err     : [ (IQiYiUtils.java:-1)#FilterPic ] picUrl = http://pic3.ptqy.gitv.tv/image/20180927/3b/73/v_50005982_m_600_m2_260_360.jpg
12-29 16:26:46.227 17285 17285 E Err     : [ (IQiYiUtils.java:-1)#FilterPic ] pic = 5
12-29 16:26:46.227 17285 17285 E Err     : pic = false
12-29 16:26:46.227 17285 17285 E Err     : [ (IQiYiUtils.java:-1)#FilterPic ] pic = 5
12-29 16:26:46.227 17285 17285 E Err     : pic = false
12-29 16:26:46.227 17285 17285 E Err     : [ (IQiYiUtils.java:-1)#FilterPic ] pic = 5
12-29 16:26:46.227 17285 17285 E Err     : pic = true
12-29 16:26:46.231 17285 17285 E Err     : [ (HistoryCacheUtil.java:-1)#GetHistorySync ] mediaPic = http://pic3.ptqy.gitv.tv/image/20180927/3b/73/v_50005982_m_600_m2.jpg
12-29 16:26:46.231 17285 17285 E Err     : getMediaPic = http://pic4.ptqy.gitv.tv/image/20181120/6f/12/v_50005982_m_601_m15_260_360.jpg
12-29 16:26:46.231 17285 17285 E Err     : [ (IQiYiUtils.java:-1)#FilterPic ] picUrl = http://pic0.ptqy.gitv.tv/image/20150723/60/fa/v_50113860_m_600_m6_260_360.jpg
12-29 16:26:46.231 17285 17285 E Err     : [ (IQiYiUtils.java:-1)#FilterPic ] pic = 5
12-29 16:26:46.231 17285 17285 E Err     : pic = false
12-29 16:26:46.231 17285 17285 E Err     : [ (IQiYiUtils.java:-1)#FilterPic ] pic = 5
12-29 16:26:46.231 17285 17285 E Err     : pic = false
12-29 16:26:46.232 17285 17285 E Err     : [ (IQiYiUtils.java:-1)#FilterPic ] pic = 5
12-29 16:26:46.232 17285 17285 E Err     : pic = true
12-29 16:26:46.232 17285 17340 E Err     : [ (HttpsUtil.java:-1)#CheckServerTrusted ] checkServerTrusted: SignatureException:null
12-29 16:26:46.235 17285 17285 E Err     : [ (HistoryCacheUtil.java:-1)#GetHistorySync ] mediaPic = http://pic0.ptqy.gitv.tv/image/20150723/60/fa/v_50113860_m_600_m6.jpg
12-29 16:26:46.235 17285 17285 E Err     : getMediaPic = http://pic1.ptqy.gitv.tv/image/20180211/8f/5f/v_50113860_m_601_m7_260_360.jpg
12-29 16:26:46.239 17285 17340 E Err     : [ (HttpsUtil.java:-1)#CheckServerTrusted ] checkServerTrusted: SignatureException:null
12-29 16:26:46.244 17285 17340 E Err     : [ (HttpsUtil.java:-1)#CheckServerTrusted ] checkServerTrusted: SignatureException:null
12-29 16:26:46.274 17285 17285 E Err     : [ (HttpUtils.java:-1)#_onSuccess ] method:getRelyApks
12-29 16:26:46.274 17285 17285 E Err     : time:192
12-29 16:26:46.274 17285 17285 E Err     : [ (BackgroundService.java:-1)#_onSuccess ] getRelyApks = []
12-29 16:26:46.284 17285 17285 E Err     : [ (SmartTabLayout.java:-1)#Run ] update tab == 我的
12-29 16:26:46.455 17285 17285 E Err     : [ (HttpUtils.java:-1)#_onSuccess ] method:getIndividualityVideoByPage
12-29 16:26:46.455 17285 17285 E Err     : time:186
12-29 16:26:46.455 17285 17285 E Err     : [ (PageFragment.java:-1)#_onSuccess ] mGuess = false
12-29 16:26:46.535 17285 17285 E Err     : [ (HttpUtils.java:-1)#_onSuccess ] method:getPkgRepl
12-29 16:26:46.535 17285 17285 E Err     : time:424
12-29 16:26:46.536 17285 17285 E Err     : [ (BackgroundService.java:-1)#_onSuccess ] appReplaceBeanList = AppReplaceBean{pkg_repls=[AppReplaceInfo{pkgNameList=[com.ktcp.video], channelPkgName='com.ktcp.tvvideo', channelKey='', channelValue='', op_type=2', op_url='#Intent;action=com.xgimi.appstore.appdetails;launchFlags=0x10000000;S.id=gimiqudaoqqvideo;i.autoDownload=1;end', downloadUrl='http://update03.xgimi.net/gimiapk/tv_video_3.1.0.2249_android_16008.apk'}]}
12-29 16:26:46.681  2666 11294 E p2p_limit: HCDN_LOG: LevelE [2018/12/29 16:26:46:681][tid:11294]:UploadLimitByCPU,p2p download limit speed 1024 kb 
12-29 16:26:47.010 17285 17285 E Err     : [ (HttpUtils.java:-1)#_onSuccess ] method:getOperateBeanInfo
12-29 16:26:47.010 17285 17285 E Err     : time:1541
12-29 16:26:47.011 17285 17285 E Err     : [ (CenterFragment.java:-1)#_onSuccess ] getNetData success
12-29 16:26:47.011 17285 17285 E launcher3.0 CenterFragment.java: [ (CenterFragment.java:-1)#InitUI ] initUI with update time is 1546071683
12-29 16:26:47.144 17285 17285 E Err     : [ (PageDbUtils.java:-1)#IsDefaultSort ] showPages = [PageObject{tagid='110007', pagename='更多', index=0, isshown=true, homepage=false, cannothide=false} io.realm.PageObjectRealmProxy@53e2e6a8, PageObject{tagid='110000', pagename='我的', index=1, isshown=true, homepage=false, cannothide=false} io.realm.PageObjectRealmProxy@53e2e6a9, PageObject{tagid='110016', pagename='VIP', index=2, isshown=true, homepage=false, cannothide=false} io.realm.PageObjectRealmProxy@53e2e6aa, PageObject{tagid='110002', pagename='电影', index=3, isshown=true, homepage=false, cannothide=false} io.realm.PageObjectRealmProxy@53e2e6ab, PageObject{tagid='110011', pagename='少儿', index=4, isshown=true, homepage=false, cannothide=false} io.realm.PageObjectRealmProxy@53e2e6ac, PageObject{tagid='110003', pagename='电视剧', index=5, isshown=true, homepage=false, cannothide=false} io.realm.PageObjectRealmProxy@53e2e6ad, PageObject{tagid='110004', pagename='综艺', index=6, isshown=true, homepage=false, cannothide=false} io.realm.PageObjectRealmProxy@53e2e6ae, PageObject{tagid='110013', pagename='体育', index=7, isshown=true, homepage=false, cannothide=false} io.realm.PageObjectRealmProxy@53e2e6af, PageObject{tagid='110001', pagename='应用', index=8, isshown=true, homepage=false, cannothide=false} io.realm.PageObjectRealmProxy@53e2e6b0]
12-29 16:26:47.144 17285 17285 E Err     : [更多, 我的, VIP, 电影, 少儿, 电视剧, 综艺, 体育, 应用]
12-29 16:26:47.145 17285 17285 E Err     : [ (PageDbUtils.java:-1)#SetDefaultUITab ] setDefaultUITab = null
12-29 16:26:47.345 17285 17285 E Err     : [ (SmartTabLayout.java:-1)#SelectTab ] selectTab = 2
12-29 16:26:47.352 17285 17285 E Err     : [ (BackgroundService.java:-1)#OnStartCommand ] start dependAppDownload service
12-29 16:26:47.601 17285 17285 E Err     : [ (BackgroundService.java:-1)#LaunchUpdate ] launch launcher update service = 1800
12-29 16:26:47.614 17285 17285 E Err     : [ (MainActivity.java:-1)#OnEventPageSelect ] onEventPageSelect = 110000
12-29 16:26:47.626 17285 17285 E Err     : [ (SmartTabLayout.java:-1)#Run ] update tab == 我的
12-29 16:26:47.682  2666 11294 E p2p_limit: HCDN_LOG: LevelE [2018/12/29 16:26:47:682][tid:11294]:UploadLimitByCPU,p2p download limit speed 1024 kb 
12-29 16:26:47.683 17285 17285 E Err     : [ (HttpUtils.java:-1)#_onSuccess ] method:getRelyApks
12-29 16:26:47.683 17285 17285 E Err     : time:83
12-29 16:26:47.683 17285 17285 E Err     : [ (BackgroundService.java:-1)#_onSuccess ] getRelyApks = []
12-29 16:26:47.962 17285 17285 E Err     : [ (HistoryCacheUtil.java:-1)#GetIQiYiHistory ] getIQiYiHistory = 18
12-29 16:26:47.963 17285 17285 E Err     : [ (IQiYiUtils.java:-1)#FilterPic ] picUrl = http://pic9.ptqy.gitv.tv/image/20181227/be/91/v_115506010_m_600_m2_260_360.jpg
12-29 16:26:47.963 17285 17285 E Err     : [ (IQiYiUtils.java:-1)#FilterPic ] pic = 5
12-29 16:26:47.963 17285 17285 E Err     : pic = false
12-29 16:26:47.963 17285 17285 E Err     : [ (IQiYiUtils.java:-1)#FilterPic ] pic = 5
12-29 16:26:47.963 17285 17285 E Err     : pic = false
12-29 16:26:47.964 17285 17285 E Err     : [ (IQiYiUtils.java:-1)#FilterPic ] pic = 5
12-29 16:26:47.964 17285 17285 E Err     : pic = true
12-29 16:26:47.967 17285 17285 E Err     : [ (HistoryCacheUtil.java:-1)#GetHistorySync ] mediaPic = http://pic9.ptqy.gitv.tv/image/20181227/be/91/v_115506010_m_600_m2.jpg
12-29 16:26:47.967 17285 17285 E Err     : getMediaPic = http://pic8.ptqy.gitv.tv/image/20181227/0a/a3/v_115506010_m_601_m12_260_360.jpg
12-29 16:26:47.968 17285 17285 E Err     : [ (IQiYiUtils.java:-1)#FilterPic ] picUrl = http://pic0.ptqy.gitv.tv/image/20170803/f6/50/v_113008102_m_600_260_360.jpg
12-29 16:26:47.968 17285 17285 E Err     : [ (IQiYiUtils.java:-1)#FilterPic ] pic = 5
12-29 16:26:47.968 17285 17285 E Err     : pic = false
12-29 16:26:47.968 17285 17285 E Err     : [ (IQiYiUtils.java:-1)#FilterPic ] pic = 5
12-29 16:26:47.968 17285 17285 E Err     : pic = false
12-29 16:26:47.969 17285 17285 E Err     : [ (IQiYiUtils.java:-1)#FilterPic ] pic = 5
12-29 16:26:47.969 17285 17285 E Err     : pic = true
12-29 16:26:47.972 17285 17285 E Err     : [ (HistoryCacheUtil.java:-1)#GetHistorySync ] mediaPic = http://pic0.ptqy.gitv.tv/image/20170803/f6/50/v_113008102_m_600.jpg
12-29 16:26:47.972 17285 17285 E Err     : getMediaPic = http://pic0.ptqy.gitv.tv/image/20170803/f6/50/v_113008102_m_600_260_360.jpg
12-29 16:26:47.973 17285 17285 E Err     : [ (IQiYiUtils.java:-1)#FilterPic ] picUrl = http://pic2.ptqy.gitv.tv/image/20180711/ae/06/v_116495556_m_600_m3_260_360.jpg
12-29 16:26:47.973 17285 17285 E Err     : [ (IQiYiUtils.java:-1)#FilterPic ] pic = 5
12-29 16:26:47.973 17285 17285 E Err     : pic = false
12-29 16:26:47.973 17285 17285 E Err     : [ (IQiYiUtils.java:-1)#FilterPic ] pic = 5
12-29 16:26:47.973 17285 17285 E Err     : pic = false
12-29 16:26:47.974 17285 17285 E Err     : [ (IQiYiUtils.java:-1)#FilterPic ] pic = 5
12-29 16:26:47.974 17285 17285 E Err     : pic = true
12-29 16:26:47.978 17285 17285 E Err     : [ (HistoryCacheUtil.java:-1)#GetHistorySync ] mediaPic = http://pic2.ptqy.gitv.tv/image/20180711/ae/06/v_116495556_m_600_m3.jpg
12-29 16:26:47.978 17285 17285 E Err     : getMediaPic = http://pic1.ptqy.gitv.tv/image/20180711/c2/a7/v_116495556_m_601_m3_260_360.jpg
12-29 16:26:47.978 17285 17285 E Err     : [ (IQiYiUtils.java:-1)#FilterPic ] picUrl = http://pic3.ptqy.gitv.tv/image/20180927/3b/73/v_50005982_m_600_m2_260_360.jpg
12-29 16:26:47.978 17285 17285 E Err     : [ (IQiYiUtils.java:-1)#FilterPic ] pic = 5
12-29 16:26:47.978 17285 17285 E Err     : pic = false
12-29 16:26:47.979 17285 17285 E Err     : [ (IQiYiUtils.java:-1)#FilterPic ] pic = 5
12-29 16:26:47.979 17285 17285 E Err     : pic = false
12-29 16:26:47.979 17285 17285 E Err     : [ (IQiYiUtils.java:-1)#FilterPic ] pic = 5
12-29 16:26:47.979 17285 17285 E Err     : pic = true
12-29 16:26:47.982 17285 17285 E Err     : [ (HistoryCacheUtil.java:-1)#GetHistorySync ] mediaPic = http://pic3.ptqy.gitv.tv/image/20180927/3b/73/v_50005982_m_600_m2.jpg
12-29 16:26:47.982 17285 17285 E Err     : getMediaPic = http://pic4.ptqy.gitv.tv/image/20181120/6f/12/v_50005982_m_601_m15_260_360.jpg
12-29 16:26:47.983 17285 17285 E Err     : [ (IQiYiUtils.java:-1)#FilterPic ] picUrl = http://pic0.ptqy.gitv.tv/image/20150723/60/fa/v_50113860_m_600_m6_260_360.jpg
12-29 16:26:47.983 17285 17285 E Err     : [ (IQiYiUtils.java:-1)#FilterPic ] pic = 5
12-29 16:26:47.983 17285 17285 E Err     : pic = false
12-29 16:26:47.983 17285 17285 E Err     : [ (IQiYiUtils.java:-1)#FilterPic ] pic = 5
12-29 16:26:47.983 17285 17285 E Err     : pic = false
12-29 16:26:47.984 17285 17285 E Err     : [ (IQiYiUtils.java:-1)#FilterPic ] pic = 5
12-29 16:26:47.984 17285 17285 E Err     : pic = true
12-29 16:26:47.987 17285 17285 E Err     : [ (HistoryCacheUtil.java:-1)#GetHistorySync ] mediaPic = http://pic0.ptqy.gitv.tv/image/20150723/60/fa/v_50113860_m_600_m6.jpg
12-29 16:26:47.987 17285 17285 E Err     : getMediaPic = http://pic1.ptqy.gitv.tv/image/20180211/8f/5f/v_50113860_m_601_m7_260_360.jpg
12-29 16:26:48.151 17285 17285 E Err     : [ (HttpUtils.java:-1)#_onSuccess ] method:getIndividualityVideoByPage
12-29 16:26:48.151 17285 17285 E Err     : time:157
12-29 16:26:48.152 17285 17285 E Err     : [ (PageFragment.java:-1)#_onSuccess ] mGuess = false
12-29 16:26:49.037 17285 17285 E Err     : [ (LazyFragment.java:-1)#OnEventTabLongKeyPress ] onEventTabLongKeyPress reload pageName = VIP
12-29 16:26:49.047 17285 17285 E Err     : [ (MainActivity.java:-1)#OnEventPageSelect ] onEventPageSelect = 110016
12-29 16:26:49.118  1287  1875 E AudioFlinger: PlaybackThread::Track::getNextBuffer:There is not enough data from AudioTrack!!!
12-29 16:26:49.558 17285 17285 E Err     : [ (LazySearchFragment.java:-1)#HandleMessage ] release pageName = com.xgimi.home.ui.fragment.SearchFragment
12-29 16:26:49.634 17285 17285 E Err     : [ (MainActivity.java:-1)#HandleMessage ] MainActivity WHAT_DELAY_LAUNCHER
12-29 16:26:51.037 17285 17285 E Err     : [ (LazyFragment.java:-1)#HandleMessage ] release pageName = 更多
12-29 16:26:51.038 17285 17285 E Err     : [ (LazyFragment.java:-1)#HandleMessage ] release pageName = 我的
12-29 16:26:51.039 17285 17285 E Err     : [ (LazyFragment.java:-1)#HandleMessage ] release pageName = 电影
12-29 16:26:51.039 17285 17285 E Err     : [ (LazyFragment.java:-1)#HandleMessage ] release pageName = 少儿
12-29 16:26:51.040 17285 17285 E Err     : [ (LazyFragment.java:-1)#HandleMessage ] release pageName = 电视剧
12-29 16:26:51.040 17285 17285 E Err     : [ (LazyFragment.java:-1)#HandleMessage ] release pageName = 综艺
12-29 16:26:51.041 17285 17285 E Err     : [ (LazyFragment.java:-1)#HandleMessage ] release pageName = 体育
12-29 16:26:51.041 17285 17285 E Err     : [ (LazyFragment.java:-1)#HandleMessage ] release pageName = 应用
12-29 16:26:51.763  1287  1875 E AudioFlinger: PlaybackThread::Track::getNextBuffer:There is not enough data from AudioTrack!!!
12-29 16:26:52.808  1287  1875 E AudioFlinger: PlaybackThread::Track::getNextBuffer:There is not enough data from AudioTrack!!!
12-29 16:26:52.921 16791 16807 E DeviceLoadService: [ (DeviceLoadService.java:216)#HandleMessage ] CHECK_MOUNT_STATUS>>>>>>>>>>>>>>>>>>>>>>>>>>>>>>false
12-29 16:26:52.924 16791 16807 E DeviceLoadService: [ (DeviceLoadService.java:234)#CheckMountState ] mountPath/storage/emulated/0
12-29 16:26:52.927 16791 16807 E DeviceLoadService: [ (DeviceLoadService.java:258)#NotifyCheckChanged ] notifyCheckChanged>>>>>>>>>>>>>>>>>>>>>>
12-29 16:26:55.767 17285 17285 E launcher3.0 CardView.java: [ (CardView.java:-1)#OnClick ] ItemBean{title='', tip='null',tips='*#*#*#*', img='https://static.xgimi.com/images/1545960270381.jpg', w='548', h='348',layer_img='',layer_location='1',background='null',is_circle_frame='0',activity_end_time=1',item_type=null',updatetime=1546049613',item_id=9468802', op_type='2, op_url='#Intent;action=com.xgimi.home.special;launchFlags=0x10000000;i.itemId=9468802;S.subject_id=1286;end', op_apktip='正在下载', op_apkurl='http://apk.xgimi.com/zhushou/gitvjimi20161028.apk', op_apkname='爱奇艺奇异果', op_apkpackage='com.gitvjimi.video', log='影视:VIP:VIP顶部:1306:2'}
12-29 16:26:55.859  1287  1875 E AudioFlinger: PlaybackThread::Track::getNextBuffer:There is not enough data from AudioTrack!!!
12-29 16:26:56.361 17285 17285 E Err     : [ (HttpUtils.java:-1)#_onSuccess ] method:getSubjectDetails
12-29 16:26:56.361 17285 17285 E Err     : time:197
12-29 16:26:56.648 17285 17285 E NetWorkIcon: [ (TitleFragment.java:-1)#OnSaveInstanceState ] onSaveInstanceState = 已连接到有线网络
12-29 16:27:00.804  2666 11296 E storage_operate: HCDN_LOG: LevelF [2018/12/29 16:27:00:804][tid:11296]:[func:UpdateWriteBlockCount],[line:901],[oper:update write count],[new write:0]
12-29 16:27:00.941  2666 11296 E storage_operate: HCDN_LOG: LevelF [2018/12/29 16:27:00:941][tid:11296]:[func:GetPgfCapacityChange],[line:76],[oper:get pgf capacity change],[total_space:4076],[free_space:2984]
12-29 16:27:00.941  2666 11296 E storage_operate: HCDN_LOG: LevelF [2018/12/29 16:27:00:941][tid:11296]:[func:UpdatePgfCapacity],[line:1020],[oper:update pgf capacity],[state:1]
12-29 16:27:01.687  2666 11293 E MutiHost: HCDN_LOG: LevelF [2018/12/29 16:27:01:687][tid:11293]:SetNodeString,65  GetHostByName() success domain:flux.hcdn.ptqy.gitv.tv 
12-29 16:27:01.689  2666 11293 E MutiHost: HCDN_LOG: LevelF [2018/12/29 16:27:01:689][tid:11293]:SetNodeString,65  GetHostByName() success domain:flux.hcdn.ptqy.gitv.tv 
12-29 16:27:03.839 17285 17285 E launcher3.0 CardView.java: [ (CardView.java:-1)#OnClick ] ItemBean{title='', tip='null',tips='*#*#*#*', img='https://static.xgimi.com/images/1545805600557.png', w='548', h='349',layer_img='',layer_location='1',background='',is_circle_frame='0',activity_end_time=0',item_type=null',updatetime=1545805600',item_id=9480911', op_type='12, op_url='#Intent;i.pageType=10019;end', op_apktip='', op_apkurl='http://apk.xgimi.com/zhushou/gitvjimi20161028.apk', op_apkname='爱奇艺奇异果', op_apkpackage='com.gitvjimi.video', log='影视:VIP::9900110038:2'}
12-29 16:27:03.944  1287  1875 E AudioFlinger: PlaybackThread::Track::getNextBuffer:There is not enough data from AudioTrack!!!
12-29 16:27:03.990  2666  2666 E EPG/WebDataUtils: [TID 2666] parseWebUrl domain pageUrl:vip/memberpackage.html,domainNameptqy.gitv.tv
12-29 16:27:03.990  2666  2666 E EPG/WebDataUtils: [TID 2666] parseWebUrl domain pageUrl end:http://cms.ptqy.gitv.tv/common/tv/vip/memberpackage.html
12-29 16:27:05.687  2666 11294 E p2p_limit: HCDN_LOG: LevelE [2018/12/29 16:27:05:686][tid:11294]:UploadLimitByCPU,p2p download limit speed 1024 kb 
12-29 16:27:05.997 17285 17285 E Err     : [ (MyApp.java:-1)#OnTrimMemory ] onTrimMemory = 20
12-29 16:27:05.997 17285 17285 E Err     : [ (MyApp.java:-1)#OnTrimMemory ] onTrimMemory = 20
12-29 16:27:06.289  2666  3016 E PingbackLog: id = 26-failed:http://pb.bi.gitv.tv/gitv_pb/b?pf=3&p=31&p1=312&p2=3121&mac=00-30-1B-BA-02-DB&u=tv_d5a16f6202abf6a25bb71967170ec18e&deviceid=tv_d5a16f6202abf6a25bb71967170ec18e_1167652832482&rn=00301bba02db1546072025265&nu=1&v=8.1.0.73748&dt=20160926193012472taNEFFYF11492&firmver=aosp_bennet_qqx-userdebug+6.0+MRA58K+v1.0.18+test-keys&hwver=XGIMI-TV&window_disable=0&chip=mainz&mod=cn_s&memory=915M&processid=2666&re=1280x720&os=23&core=4&channel=jimi.qiyiguo&entermode=4&hostv=8.1.0.73748&launchmode=one&ap_mac=&enableCrosswalk=0&rammode=normal&ploadtime=1907&ct=170629_h5pageload&wvctime=37&pu=&network=wired&filename=vip%2Fmemberpackage.html&t=11&hu=
12-29 16:27:06.687  2666 11294 E p2p_limit: HCDN_LOG: LevelE [2018/12/29 16:27:06:687][tid:11294]:UploadLimitByCPU,p2p download limit speed 1024 kb 
12-29 16:27:07.084 17285 17285 E Err     : [ (MyApp.java:-1)#OnTrimMemory ] onTrimMemory = 15
12-29 16:27:07.084 17285 17285 E Err     : [ (MyApp.java:-1)#OnTrimMemory ] onTrimMemory = 15
12-29 16:27:07.135  1801  1812 E ActivityManager: Yasin-dropcaches
12-29 16:27:07.436  1801  1812 E ActivityManager: Yasin-dropcaches
12-29 16:27:07.484  1801  2582 E ActivityManager: Yasin-dropcaches
12-29 16:27:07.554  1801  2054 E ActivityManager: Yasin-dropcaches
12-29 16:27:07.687  2666 11294 E p2p_limit: HCDN_LOG: LevelE [2018/12/29 16:27:07:687][tid:11294]:UploadLimitByCPU,p2p download limit speed 1024 kb 
12-29 16:27:07.761 17438 17438 E Err     : [ (App.java:48)#OnCreate ] ErrLogService App onCreate
12-29 16:27:07.823 17438 17438 E Err     : [ (ErrLogUploadService.java:177)#OnCreate ] ErrLogUploadService onCreate
12-29 16:27:07.858 17438 17438 E Err     : [ (ErrLogUploadService.java:232)#OnStartCommand ] onStartCommand
12-29 16:27:07.863 17438 17438 E Err     : [ (NetWorkChangeReceiver.java:51)#OnReceive ] NetWorkChangeReceiver action = android.net.conn.CONNECTIVITY_CHANGE
12-29 16:27:07.876 17438 17438 E Err     : [ (NetWorkUtils.java:86)#IsNetworkAvailable ] info.state = CONNECTED
12-29 16:27:07.878 17438 17438 E Err     : [ (ErrLogUploadService.java:420)#OnNetworkEnabled ] onNetworkEnabled
12-29 16:27:08.688  2666 11294 E p2p_limit: HCDN_LOG: LevelE [2018/12/29 16:27:08:688][tid:11294]:UploadLimitByCPU,p2p download limit speed 1024 kb 
12-29 16:27:08.922 17438 17438 E Err     : [ (ErrLogUploadService.java:436)#DealLogFile ] 4,logDir = /sdcard/syslog/zip/
12-29 16:27:08.969 17438 17438 E Err     : [ (ErrLogUploadService.java:436)#DealLogFile ] 3,logDir = /sdcard/syslog/zip/
12-29 16:27:08.974 17438 17438 E Err     : [ (ErrLogUploadService.java:436)#DealLogFile ] 1,logDir = /sdcard/syslog/zip/
12-29 16:27:08.984 17438 17470 E Err     : [ (ErrLogUploadService.java:444)#Subscribe ] list = [Ljava.io.File;@7419c1e
12-29 16:27:08.987 17438 17469 E Err     : [ (ErrLogUploadService.java:444)#Subscribe ] list = [Ljava.io.File;@1b4ccff
12-29 16:27:08.995 17438 17438 E Err     : [ (RxExecutorUtil.java:47)#Accept ] RxExecutorUtil err = java.lang.NullPointerException: onNext called with null. Null values are generally not allowed in 2.x operators and sources.
12-29 16:27:08.996 17438 17438 E Err     : [ (RxExecutorUtil.java:47)#Accept ] RxExecutorUtil err = java.lang.NullPointerException: onNext called with null. Null values are generally not allowed in 2.x operators and sources.
12-29 16:27:09.003 17438 17471 E Err     : [ (ErrLogUploadService.java:444)#Subscribe ] list = [Ljava.io.File;@cab2acc
12-29 16:27:09.005 17438 17438 E Err     : [ (RxExecutorUtil.java:47)#Accept ] RxExecutorUtil err = java.lang.NullPointerException: onNext called with null. Null values are generally not allowed in 2.x operators and sources.
12-29 16:27:09.689  2666 11294 E p2p_limit: HCDN_LOG: LevelE [2018/12/29 16:27:09:689][tid:11294]:UploadLimitByCPU,p2p download limit speed 1024 kb 
12-29 16:27:10.046  2666 11296 E storage_operate: HCDN_LOG: LevelF [2018/12/29 16:27:10:046][tid:11296]:[func:StatMemInfo],[line:625],[oper:stat_mem_info],[store:0],[avail:0],[extend:0]
12-29 16:27:10.689  2666 11294 E p2p_limit: HCDN_LOG: LevelE [2018/12/29 16:27:10:689][tid:11294]:UploadLimitByCPU,p2p download limit speed 1024 kb 
12-29 16:27:11.690  2666 11294 E p2p_limit: HCDN_LOG: LevelE [2018/12/29 16:27:11:689][tid:11294]:UploadLimitByCPU,p2p download limit speed 1024 kb 
12-29 16:27:12.690  2666 11294 E p2p_limit: HCDN_LOG: LevelE [2018/12/29 16:27:12:690][tid:11294]:UploadLimitByCPU,p2p download limit speed 1024 kb 
12-29 16:27:13.690  2666 11294 E p2p_limit: HCDN_LOG: LevelE [2018/12/29 16:27:13:690][tid:11294]:UploadLimitByCPU,p2p download limit speed 1024 kb 
12-29 16:27:14.690  2666 11294 E p2p_limit: HCDN_LOG: LevelE [2018/12/29 16:27:14:690][tid:11294]:UploadLimitByCPU,p2p download limit speed 1024 kb 
12-29 16:27:14.736  1280  1280 E DIP DRV : [Utopia][MDrv_XC_DIP_SetWinProperty:1398] Clear Buffer info
12-29 16:27:15.691  2666 11294 E p2p_limit: HCDN_LOG: LevelE [2018/12/29 16:27:15:691][tid:11294]:UploadLimitByCPU,p2p download limit speed 1024 kb 
12-29 16:27:16.691  2666 11294 E p2p_limit: HCDN_LOG: LevelE [2018/12/29 16:27:16:691][tid:11294]:UploadLimitByCPU,p2p download limit speed 1024 kb 
12-29 16:27:17.692  2666 11294 E p2p_limit: HCDN_LOG: LevelE [2018/12/29 16:27:17:691][tid:11294]:UploadLimitByCPU,p2p download limit speed 1024 kb 
