12-29 15:30:43.834 13324 13348 E DeviceLoadService: [ (DeviceLoadService.java:216)#HandleMessage ] CHECK_MOUNT_STATUS>>>>>>>>>>>>>>>>>>>>>>>>>>>>>>false
12-29 15:30:43.837 13324 13348 E DeviceLoadService: [ (DeviceLoadService.java:234)#CheckMountState ] mountPath/storage/emulated/0
12-29 15:30:43.840 13324 13348 E DeviceLoadService: [ (DeviceLoadService.java:258)#NotifyCheckChanged ] notifyCheckChanged>>>>>>>>>>>>>>>>>>>>>>
12-29 15:30:46.974  2522  2792 E ContentHelper: getLocalInfo:count==1
12-29 15:30:46.974  2522  2792 E ContentHelper: getLocalInfo:config==null
12-29 15:30:46.975  2522  2792 E ContentHelper: getLocalInfo:count==1
12-29 15:30:46.975  2522  2792 E ContentHelper: getLocalInfo:config==null
12-29 15:30:46.988  2522  2792 E Err     : [ (DeviceUtil.java:36)#GetGimiPid ] getGimiPid = XGIMI0000333
12-29 15:31:03.880 13324 13348 E DeviceLoadService: [ (DeviceLoadService.java:216)#HandleMessage ] CHECK_MOUNT_STATUS>>>>>>>>>>>>>>>>>>>>>>>>>>>>>>false
12-29 15:31:03.883 13324 13348 E DeviceLoadService: [ (DeviceLoadService.java:234)#CheckMountState ] mountPath/storage/emulated/0
12-29 15:31:03.886 13324 13348 E DeviceLoadService: [ (DeviceLoadService.java:258)#NotifyCheckChanged ] notifyCheckChanged>>>>>>>>>>>>>>>>>>>>>>
12-29 15:31:14.910 14277 14993 E Err     : [ (HttpsUtil.java:-1)#CheckServerTrusted ] checkServerTrusted: SignatureException:null
12-29 15:31:14.915 14277 14993 E Err     : [ (HttpsUtil.java:-1)#CheckServerTrusted ] checkServerTrusted: SignatureException:null
12-29 15:31:14.921 14277 14993 E Err     : [ (HttpsUtil.java:-1)#CheckServerTrusted ] checkServerTrusted: SignatureException:null
12-29 15:31:15.259 14277 14277 E Err     : [ (HttpUtils.java:-1)#_onSuccess ] method:getOperateBeanInfo
12-29 15:31:15.259 14277 14277 E Err     : time:456
12-29 15:31:15.260 14277 14277 E Err     : [ (BackgroundService.java:-1)#_onSuccess ] update = com.xgimi.home.bean.OperateBean@704f64
12-29 15:31:15.260 14277 14277 E Err     : [ (BackgroundService.java:-1)#_onSuccess ] update UI data
12-29 15:31:15.356 14277 14277 E launcher3.0 CenterFragment.java: [ (CenterFragment.java:-1)#OnEventDataUpdated ] onEventDataUpdated
12-29 15:31:15.462 14277 14277 E Err     : [ (CenterFragment.java:-1)#OnEventDataUpdated ] pageItem has updated
12-29 15:31:15.462 14277 14277 E Err     : [ (CenterFragment.java:-1)#OnEventDataUpdated ] pageItem has updated
12-29 15:31:15.462 14277 14277 E Err     : [ (CenterFragment.java:-1)#OnEventDataUpdated ] pageItem has updated
12-29 15:31:15.462 14277 14277 E Err     : [ (CenterFragment.java:-1)#OnEventDataUpdated ] pageItem has updated
12-29 15:31:15.463 14277 14277 E Err     : [ (CenterFragment.java:-1)#OnEventDataUpdated ] pageItem has updated
12-29 15:31:15.463 14277 14277 E Err     : [ (CenterFragment.java:-1)#OnEventDataUpdated ] pageItem has updated
12-29 15:31:15.463 14277 14277 E Err     : [ (CenterFragment.java:-1)#OnEventDataUpdated ] pageItem has updated
12-29 15:31:15.464 14277 14277 E Err     : [ (CenterFragment.java:-1)#OnEventDataUpdated ] pageItem has updated
12-29 15:31:15.464 14277 14277 E Err     : [ (CenterFragment.java:-1)#OnEventDataUpdated ] pageItem has updated
12-29 15:31:15.464 14277 14277 E launcher3.0 PageFragment.java: [ (PageFragment.java:-1)#OnEventDataUpdated ] onEventDataUpdated
12-29 15:31:15.464 14277 14277 E launcher3.0 PageFragment.java: [ (PageFragment.java:-1)#OnEventDataUpdated ] onEventDataUpdated
12-29 15:31:15.465 14277 14277 E launcher3.0 PageFragment.java: [ (PageFragment.java:-1)#OnEventDataUpdated ] onEventDataUpdated
12-29 15:31:15.465 14277 14277 E launcher3.0 PageFragment.java: [ (PageFragment.java:-1)#OnEventDataUpdated ] onEventDataUpdated
12-29 15:31:15.465 14277 14277 E launcher3.0 PageFragment.java: [ (PageFragment.java:-1)#OnEventDataUpdated ] onEventDataUpdated
12-29 15:31:15.465 14277 14277 E launcher3.0 PageFragment.java: [ (PageFragment.java:-1)#OnEventDataUpdated ] onEventDataUpdated
12-29 15:31:15.465 14277 14277 E launcher3.0 PageFragment.java: [ (PageFragment.java:-1)#OnEventDataUpdated ] onEventDataUpdated
12-29 15:31:15.466 14277 14277 E launcher3.0 PageFragment.java: [ (PageFragment.java:-1)#OnEventDataUpdated ] onEventDataUpdated
12-29 15:31:15.466 14277 14277 E launcher3.0 PageFragment.java: [ (PageFragment.java:-1)#OnEventDataUpdated ] onEventDataUpdated
12-29 15:31:23.925 13324 13348 E DeviceLoadService: [ (DeviceLoadService.java:216)#HandleMessage ] CHECK_MOUNT_STATUS>>>>>>>>>>>>>>>>>>>>>>>>>>>>>>false
12-29 15:31:23.928 13324 13348 E DeviceLoadService: [ (DeviceLoadService.java:234)#CheckMountState ] mountPath/storage/emulated/0
12-29 15:31:23.930 13324 13348 E DeviceLoadService: [ (DeviceLoadService.java:258)#NotifyCheckChanged ] notifyCheckChanged>>>>>>>>>>>>>>>>>>>>>>
12-29 15:31:43.961 13324 13348 E DeviceLoadService: [ (DeviceLoadService.java:216)#HandleMessage ] CHECK_MOUNT_STATUS>>>>>>>>>>>>>>>>>>>>>>>>>>>>>>false
12-29 15:31:43.963 13324 13348 E DeviceLoadService: [ (DeviceLoadService.java:234)#CheckMountState ] mountPath/storage/emulated/0
12-29 15:31:43.966 13324 13348 E DeviceLoadService: [ (DeviceLoadService.java:258)#NotifyCheckChanged ] notifyCheckChanged>>>>>>>>>>>>>>>>>>>>>>
12-29 15:32:04.002 13324 13348 E DeviceLoadService: [ (DeviceLoadService.java:216)#HandleMessage ] CHECK_MOUNT_STATUS>>>>>>>>>>>>>>>>>>>>>>>>>>>>>>false
12-29 15:32:04.005 13324 13348 E DeviceLoadService: [ (DeviceLoadService.java:234)#CheckMountState ] mountPath/storage/emulated/0
12-29 15:32:04.007 13324 13348 E DeviceLoadService: [ (DeviceLoadService.java:258)#NotifyCheckChanged ] notifyCheckChanged>>>>>>>>>>>>>>>>>>>>>>
12-29 15:32:24.048 13324 13348 E DeviceLoadService: [ (DeviceLoadService.java:216)#HandleMessage ] CHECK_MOUNT_STATUS>>>>>>>>>>>>>>>>>>>>>>>>>>>>>>false
12-29 15:32:24.050 13324 13348 E DeviceLoadService: [ (DeviceLoadService.java:234)#CheckMountState ] mountPath/storage/emulated/0
12-29 15:32:24.053 13324 13348 E DeviceLoadService: [ (DeviceLoadService.java:258)#NotifyCheckChanged ] notifyCheckChanged>>>>>>>>>>>>>>>>>>>>>>
12-29 15:32:44.113 13324 13348 E DeviceLoadService: [ (DeviceLoadService.java:216)#HandleMessage ] CHECK_MOUNT_STATUS>>>>>>>>>>>>>>>>>>>>>>>>>>>>>>false
12-29 15:32:44.116 13324 13348 E DeviceLoadService: [ (DeviceLoadService.java:234)#CheckMountState ] mountPath/storage/emulated/0
12-29 15:32:44.118 13324 13348 E DeviceLoadService: [ (DeviceLoadService.java:258)#NotifyCheckChanged ] notifyCheckChanged>>>>>>>>>>>>>>>>>>>>>>
12-29 15:33:04.155 13324 13348 E DeviceLoadService: [ (DeviceLoadService.java:216)#HandleMessage ] CHECK_MOUNT_STATUS>>>>>>>>>>>>>>>>>>>>>>>>>>>>>>false
12-29 15:33:04.160 13324 13348 E DeviceLoadService: [ (DeviceLoadService.java:234)#CheckMountState ] mountPath/storage/emulated/0
12-29 15:33:04.163 13324 13348 E DeviceLoadService: [ (DeviceLoadService.java:258)#NotifyCheckChanged ] notifyCheckChanged>>>>>>>>>>>>>>>>>>>>>>
12-29 15:33:24.203 13324 13348 E DeviceLoadService: [ (DeviceLoadService.java:216)#HandleMessage ] CHECK_MOUNT_STATUS>>>>>>>>>>>>>>>>>>>>>>>>>>>>>>false
12-29 15:33:24.206 13324 13348 E DeviceLoadService: [ (DeviceLoadService.java:234)#CheckMountState ] mountPath/storage/emulated/0
12-29 15:33:24.208 13324 13348 E DeviceLoadService: [ (DeviceLoadService.java:258)#NotifyCheckChanged ] notifyCheckChanged>>>>>>>>>>>>>>>>>>>>>>
12-29 15:33:44.248 13324 13348 E DeviceLoadService: [ (DeviceLoadService.java:216)#HandleMessage ] CHECK_MOUNT_STATUS>>>>>>>>>>>>>>>>>>>>>>>>>>>>>>false
12-29 15:33:44.251 13324 13348 E DeviceLoadService: [ (DeviceLoadService.java:234)#CheckMountState ] mountPath/storage/emulated/0
12-29 15:33:44.253 13324 13348 E DeviceLoadService: [ (DeviceLoadService.java:258)#NotifyCheckChanged ] notifyCheckChanged>>>>>>>>>>>>>>>>>>>>>>
12-29 15:33:47.073  2522  2792 E ContentHelper: getLocalInfo:count==1
12-29 15:33:47.073  2522  2792 E ContentHelper: getLocalInfo:config==null
12-29 15:33:47.074  2522  2792 E ContentHelper: getLocalInfo:count==1
12-29 15:33:47.074  2522  2792 E ContentHelper: getLocalInfo:config==null
12-29 15:33:47.084  2522  2792 E Err     : [ (DeviceUtil.java:36)#GetGimiPid ] getGimiPid = XGIMI0000333
12-29 15:33:47.284  2522  2522 E LocalReporter: [ (StringUploader.java:94)#_onSuccess ] upload Success = []
12-29 15:34:03.431  2249  2249 E RcPair  : BLuetooth 4.0 RC  pair cmd 
12-29 15:34:03.497  2249  2249 E RcPair  : BLuetooth 4.0 RC  pair cmd 
12-29 15:34:04.293 13324 13348 E DeviceLoadService: [ (DeviceLoadService.java:216)#HandleMessage ] CHECK_MOUNT_STATUS>>>>>>>>>>>>>>>>>>>>>>>>>>>>>>false
12-29 15:34:04.296 13324 13348 E DeviceLoadService: [ (DeviceLoadService.java:234)#CheckMountState ] mountPath/storage/emulated/0
12-29 15:34:04.299 13324 13348 E DeviceLoadService: [ (DeviceLoadService.java:258)#NotifyCheckChanged ] notifyCheckChanged>>>>>>>>>>>>>>>>>>>>>>
12-29 15:34:24.337 13324 13348 E DeviceLoadService: [ (DeviceLoadService.java:216)#HandleMessage ] CHECK_MOUNT_STATUS>>>>>>>>>>>>>>>>>>>>>>>>>>>>>>false
12-29 15:34:24.340 13324 13348 E DeviceLoadService: [ (DeviceLoadService.java:234)#CheckMountState ] mountPath/storage/emulated/0
12-29 15:34:24.342 13324 13348 E DeviceLoadService: [ (DeviceLoadService.java:258)#NotifyCheckChanged ] notifyCheckChanged>>>>>>>>>>>>>>>>>>>>>>
12-29 15:34:44.384 13324 13348 E DeviceLoadService: [ (DeviceLoadService.java:216)#HandleMessage ] CHECK_MOUNT_STATUS>>>>>>>>>>>>>>>>>>>>>>>>>>>>>>false
12-29 15:34:44.387 13324 13348 E DeviceLoadService: [ (DeviceLoadService.java:234)#CheckMountState ] mountPath/storage/emulated/0
12-29 15:34:44.389 13324 13348 E DeviceLoadService: [ (DeviceLoadService.java:258)#NotifyCheckChanged ] notifyCheckChanged>>>>>>>>>>>>>>>>>>>>>>
12-29 15:35:04.428 13324 13348 E DeviceLoadService: [ (DeviceLoadService.java:216)#HandleMessage ] CHECK_MOUNT_STATUS>>>>>>>>>>>>>>>>>>>>>>>>>>>>>>false
12-29 15:35:04.431 13324 13348 E DeviceLoadService: [ (DeviceLoadService.java:234)#CheckMountState ] mountPath/storage/emulated/0
12-29 15:35:04.433 13324 13348 E DeviceLoadService: [ (DeviceLoadService.java:258)#NotifyCheckChanged ] notifyCheckChanged>>>>>>>>>>>>>>>>>>>>>>
12-29 15:35:24.473 13324 13348 E DeviceLoadService: [ (DeviceLoadService.java:216)#HandleMessage ] CHECK_MOUNT_STATUS>>>>>>>>>>>>>>>>>>>>>>>>>>>>>>false
12-29 15:35:24.476 13324 13348 E DeviceLoadService: [ (DeviceLoadService.java:234)#CheckMountState ] mountPath/storage/emulated/0
12-29 15:35:24.478 13324 13348 E DeviceLoadService: [ (DeviceLoadService.java:258)#NotifyCheckChanged ] notifyCheckChanged>>>>>>>>>>>>>>>>>>>>>>
12-29 15:35:44.518 13324 13348 E DeviceLoadService: [ (DeviceLoadService.java:216)#HandleMessage ] CHECK_MOUNT_STATUS>>>>>>>>>>>>>>>>>>>>>>>>>>>>>>false
12-29 15:35:44.521 13324 13348 E DeviceLoadService: [ (DeviceLoadService.java:234)#CheckMountState ] mountPath/storage/emulated/0
12-29 15:35:44.523 13324 13348 E DeviceLoadService: [ (DeviceLoadService.java:258)#NotifyCheckChanged ] notifyCheckChanged>>>>>>>>>>>>>>>>>>>>>>
12-29 15:36:04.562 13324 13348 E DeviceLoadService: [ (DeviceLoadService.java:216)#HandleMessage ] CHECK_MOUNT_STATUS>>>>>>>>>>>>>>>>>>>>>>>>>>>>>>false
12-29 15:36:04.565 13324 13348 E DeviceLoadService: [ (DeviceLoadService.java:234)#CheckMountState ] mountPath/storage/emulated/0
12-29 15:36:04.567 13324 13348 E DeviceLoadService: [ (DeviceLoadService.java:258)#NotifyCheckChanged ] notifyCheckChanged>>>>>>>>>>>>>>>>>>>>>>
12-29 15:36:24.601 13324 13348 E DeviceLoadService: [ (DeviceLoadService.java:216)#HandleMessage ] CHECK_MOUNT_STATUS>>>>>>>>>>>>>>>>>>>>>>>>>>>>>>false
12-29 15:36:24.604 13324 13348 E DeviceLoadService: [ (DeviceLoadService.java:234)#CheckMountState ] mountPath/storage/emulated/0
12-29 15:36:24.607 13324 13348 E DeviceLoadService: [ (DeviceLoadService.java:258)#NotifyCheckChanged ] notifyCheckChanged>>>>>>>>>>>>>>>>>>>>>>
12-29 15:36:44.641 13324 13348 E DeviceLoadService: [ (DeviceLoadService.java:216)#HandleMessage ] CHECK_MOUNT_STATUS>>>>>>>>>>>>>>>>>>>>>>>>>>>>>>false
12-29 15:36:44.644 13324 13348 E DeviceLoadService: [ (DeviceLoadService.java:234)#CheckMountState ] mountPath/storage/emulated/0
12-29 15:36:44.646 13324 13348 E DeviceLoadService: [ (DeviceLoadService.java:258)#NotifyCheckChanged ] notifyCheckChanged>>>>>>>>>>>>>>>>>>>>>>
12-29 15:36:47.394  2522  2792 E ContentHelper: getLocalInfo:count==1
12-29 15:36:47.394  2522  2792 E ContentHelper: getLocalInfo:config==null
12-29 15:36:47.395  2522  2792 E ContentHelper: getLocalInfo:count==1
12-29 15:36:47.395  2522  2792 E ContentHelper: getLocalInfo:config==null
12-29 15:36:47.407  2522  2792 E Err     : [ (DeviceUtil.java:36)#GetGimiPid ] getGimiPid = XGIMI0000333
12-29 15:37:04.686 13324 13348 E DeviceLoadService: [ (DeviceLoadService.java:216)#HandleMessage ] CHECK_MOUNT_STATUS>>>>>>>>>>>>>>>>>>>>>>>>>>>>>>false
12-29 15:37:04.689 13324 13348 E DeviceLoadService: [ (DeviceLoadService.java:234)#CheckMountState ] mountPath/storage/emulated/0
12-29 15:37:04.692 13324 13348 E DeviceLoadService: [ (DeviceLoadService.java:258)#NotifyCheckChanged ] notifyCheckChanged>>>>>>>>>>>>>>>>>>>>>>
12-29 15:37:24.734 13324 13348 E DeviceLoadService: [ (DeviceLoadService.java:216)#HandleMessage ] CHECK_MOUNT_STATUS>>>>>>>>>>>>>>>>>>>>>>>>>>>>>>false
12-29 15:37:24.737 13324 13348 E DeviceLoadService: [ (DeviceLoadService.java:234)#CheckMountState ] mountPath/storage/emulated/0
12-29 15:37:24.741 13324 13348 E DeviceLoadService: [ (DeviceLoadService.java:258)#NotifyCheckChanged ] notifyCheckChanged>>>>>>>>>>>>>>>>>>>>>>
12-29 15:37:44.781 13324 13348 E DeviceLoadService: [ (DeviceLoadService.java:216)#HandleMessage ] CHECK_MOUNT_STATUS>>>>>>>>>>>>>>>>>>>>>>>>>>>>>>false
12-29 15:37:44.783 13324 13348 E DeviceLoadService: [ (DeviceLoadService.java:234)#CheckMountState ] mountPath/storage/emulated/0
12-29 15:37:44.786 13324 13348 E DeviceLoadService: [ (DeviceLoadService.java:258)#NotifyCheckChanged ] notifyCheckChanged>>>>>>>>>>>>>>>>>>>>>>
12-29 15:38:04.824 13324 13348 E DeviceLoadService: [ (DeviceLoadService.java:216)#HandleMessage ] CHECK_MOUNT_STATUS>>>>>>>>>>>>>>>>>>>>>>>>>>>>>>false
12-29 15:38:04.827 13324 13348 E DeviceLoadService: [ (DeviceLoadService.java:234)#CheckMountState ] mountPath/storage/emulated/0
12-29 15:38:04.831 13324 13348 E DeviceLoadService: [ (DeviceLoadService.java:258)#NotifyCheckChanged ] notifyCheckChanged>>>>>>>>>>>>>>>>>>>>>>
12-29 15:38:24.870 13324 13348 E DeviceLoadService: [ (DeviceLoadService.java:216)#HandleMessage ] CHECK_MOUNT_STATUS>>>>>>>>>>>>>>>>>>>>>>>>>>>>>>false
12-29 15:38:24.873 13324 13348 E DeviceLoadService: [ (DeviceLoadService.java:234)#CheckMountState ] mountPath/storage/emulated/0
12-29 15:38:24.877 13324 13348 E DeviceLoadService: [ (DeviceLoadService.java:258)#NotifyCheckChanged ] notifyCheckChanged>>>>>>>>>>>>>>>>>>>>>>
12-29 15:38:44.918 13324 13348 E DeviceLoadService: [ (DeviceLoadService.java:216)#HandleMessage ] CHECK_MOUNT_STATUS>>>>>>>>>>>>>>>>>>>>>>>>>>>>>>false
12-29 15:38:44.922 13324 13348 E DeviceLoadService: [ (DeviceLoadService.java:234)#CheckMountState ] mountPath/storage/emulated/0
12-29 15:38:44.924 13324 13348 E DeviceLoadService: [ (DeviceLoadService.java:258)#NotifyCheckChanged ] notifyCheckChanged>>>>>>>>>>>>>>>>>>>>>>
12-29 15:39:04.965 13324 13348 E DeviceLoadService: [ (DeviceLoadService.java:216)#HandleMessage ] CHECK_MOUNT_STATUS>>>>>>>>>>>>>>>>>>>>>>>>>>>>>>false
12-29 15:39:04.968 13324 13348 E DeviceLoadService: [ (DeviceLoadService.java:234)#CheckMountState ] mountPath/storage/emulated/0
12-29 15:39:04.973 13324 13348 E DeviceLoadService: [ (DeviceLoadService.java:258)#NotifyCheckChanged ] notifyCheckChanged>>>>>>>>>>>>>>>>>>>>>>
12-29 15:39:25.013 13324 13348 E DeviceLoadService: [ (DeviceLoadService.java:216)#HandleMessage ] CHECK_MOUNT_STATUS>>>>>>>>>>>>>>>>>>>>>>>>>>>>>>false
12-29 15:39:25.015 13324 13348 E DeviceLoadService: [ (DeviceLoadService.java:234)#CheckMountState ] mountPath/storage/emulated/0
12-29 15:39:25.018 13324 13348 E DeviceLoadService: [ (DeviceLoadService.java:258)#NotifyCheckChanged ] notifyCheckChanged>>>>>>>>>>>>>>>>>>>>>>
12-29 15:39:45.056 13324 13348 E DeviceLoadService: [ (DeviceLoadService.java:216)#HandleMessage ] CHECK_MOUNT_STATUS>>>>>>>>>>>>>>>>>>>>>>>>>>>>>>false
12-29 15:39:45.059 13324 13348 E DeviceLoadService: [ (DeviceLoadService.java:234)#CheckMountState ] mountPath/storage/emulated/0
12-29 15:39:45.061 13324 13348 E DeviceLoadService: [ (DeviceLoadService.java:258)#NotifyCheckChanged ] notifyCheckChanged>>>>>>>>>>>>>>>>>>>>>>
12-29 15:39:47.504  2522  2792 E ContentHelper: getLocalInfo:count==1
12-29 15:39:47.504  2522  2792 E ContentHelper: getLocalInfo:config==null
12-29 15:39:47.505  2522  2792 E ContentHelper: getLocalInfo:count==1
12-29 15:39:47.505  2522  2792 E ContentHelper: getLocalInfo:config==null
12-29 15:39:47.515  2522  2792 E Err     : [ (DeviceUtil.java:36)#GetGimiPid ] getGimiPid = XGIMI0000333
12-29 15:39:57.536  2522 15066 E LocalReporter: [ (RetryWithDelay.java:37)#Apply ] retry count = 1
12-29 15:40:05.101 13324 13348 E DeviceLoadService: [ (DeviceLoadService.java:216)#HandleMessage ] CHECK_MOUNT_STATUS>>>>>>>>>>>>>>>>>>>>>>>>>>>>>>false
12-29 15:40:05.103 13324 13348 E DeviceLoadService: [ (DeviceLoadService.java:234)#CheckMountState ] mountPath/storage/emulated/0
12-29 15:40:05.106 13324 13348 E DeviceLoadService: [ (DeviceLoadService.java:258)#NotifyCheckChanged ] notifyCheckChanged>>>>>>>>>>>>>>>>>>>>>>
12-29 15:40:12.551  2522  3964 E LocalReporter: [ (RetryWithDelay.java:37)#Apply ] retry count = 2
12-29 15:40:25.146 13324 13348 E DeviceLoadService: [ (DeviceLoadService.java:216)#HandleMessage ] CHECK_MOUNT_STATUS>>>>>>>>>>>>>>>>>>>>>>>>>>>>>>false
12-29 15:40:25.149 13324 13348 E DeviceLoadService: [ (DeviceLoadService.java:234)#CheckMountState ] mountPath/storage/emulated/0
12-29 15:40:25.151 13324 13348 E DeviceLoadService: [ (DeviceLoadService.java:258)#NotifyCheckChanged ] notifyCheckChanged>>>>>>>>>>>>>>>>>>>>>>
12-29 15:40:27.564  2522  3670 E LocalReporter: [ (RetryWithDelay.java:37)#Apply ] retry count = 3
12-29 15:40:42.580  2522  2522 E LocalReporter: [ (HttpUtils.java:85)#_onError ] 
12-29 15:40:42.580  2522  2522 E LocalReporter: errorMsg:java.net.SocketTimeoutException: failed to connect to analytics.xgimi.com/114.55.183.44 (port 80) after 10000ms
12-29 15:40:42.580  2522  2522 E LocalReporter: method:writeLog
12-29 15:40:42.580  2522  2522 E LocalReporter: params:ShxRx+lb/rlCmrsfqSyiSppSW2VT/O7J/hLEDFqqwUsj63sl6wDQJPg/gBfyuFDlX3JlZbieRNjJ8MzU9o7UHj/rVQ/ztlM88wkYBEPnsXcjz5KnsGWCQe6EmAEWOPtJ
12-29 15:40:42.581  2522  2522 E LocalReporter: [ (StringUploader.java:102)#_onError ] upload err = java.net.SocketTimeoutException: failed to connect to analytics.xgimi.com/114.55.183.44 (port 80) after 10000ms
12-29 15:40:45.191 13324 13348 E DeviceLoadService: [ (DeviceLoadService.java:216)#HandleMessage ] CHECK_MOUNT_STATUS>>>>>>>>>>>>>>>>>>>>>>>>>>>>>>false
12-29 15:40:45.194 13324 13348 E DeviceLoadService: [ (DeviceLoadService.java:234)#CheckMountState ] mountPath/storage/emulated/0
12-29 15:40:45.197 13324 13348 E DeviceLoadService: [ (DeviceLoadService.java:258)#NotifyCheckChanged ] notifyCheckChanged>>>>>>>>>>>>>>>>>>>>>>
12-29 15:41:05.237 13324 13348 E DeviceLoadService: [ (DeviceLoadService.java:216)#HandleMessage ] CHECK_MOUNT_STATUS>>>>>>>>>>>>>>>>>>>>>>>>>>>>>>false
12-29 15:41:05.260 13324 13348 E DeviceLoadService: [ (DeviceLoadService.java:234)#CheckMountState ] mountPath/storage/emulated/0
12-29 15:41:05.263 13324 13348 E DeviceLoadService: [ (DeviceLoadService.java:258)#NotifyCheckChanged ] notifyCheckChanged>>>>>>>>>>>>>>>>>>>>>>
12-29 15:41:25.304 13324 13348 E DeviceLoadService: [ (DeviceLoadService.java:216)#HandleMessage ] CHECK_MOUNT_STATUS>>>>>>>>>>>>>>>>>>>>>>>>>>>>>>false
12-29 15:41:25.307 13324 13348 E DeviceLoadService: [ (DeviceLoadService.java:234)#CheckMountState ] mountPath/storage/emulated/0
12-29 15:41:25.311 13324 13348 E DeviceLoadService: [ (DeviceLoadService.java:258)#NotifyCheckChanged ] notifyCheckChanged>>>>>>>>>>>>>>>>>>>>>>
12-29 15:41:30.434  2666 11290 E HttpPost: HCDN_LOG: LevelF [2018/12/29 15:41:30:434][tid:11290]:add job,http://msg.ptqy.gitv.tv/v5/ypt/cdns?p1=3_31_312&u=6b4imacxozevja5oxodw5frukentwtr3&v=10.2.53.18&rn=13168203&stcf=0&skcf=0&lrcf=0&cpcf=0&bfcf=0&pupf=0&openup=1&htaskr=0&cpucnt=4&memts=915&diskts=4076&sbfcf=0&dkioswh=1&dkioran=3&kpdldswh=0&kpdldras=0&stmode=0&upmemhit=0&iotmmed=0&iotmiqr=0&dbflsmed=0&dbflsiqr=0&appclup=0&onlyuc=0&diskinsuf=0&as_st_cnt=0&sc_st_cnt=0&sc_stop_c=0&sc_cmpl_c=0&st_code=0&sc_cost=0&free_spc=2972&app_sz=0&app_adv=0&app_cnt=0&stor_sz=0&stor_adv=0&stor_cnt=0&cl_alc=0&app_cl=0&stor_cl=0&cl_ct=0&app_exts=0&app_extc=0&mem_s=0&a_mem=0&e_mem=0 
12-29 15:41:30.885  2666 11296 E storage_operate: HCDN_LOG: LevelF [2018/12/29 15:41:30:885][tid:11296]:[func:GetPgfCapacityChange],[line:76],[oper:get pgf capacity change],[total_space:4076],[free_space:2984]
12-29 15:41:30.885  2666 11296 E storage_operate: HCDN_LOG: LevelF [2018/12/29 15:41:30:885][tid:11296]:[func:UpdatePgfCapacity],[line:1020],[oper:update pgf capacity],[state:1]
12-29 15:41:45.352 13324 13348 E DeviceLoadService: [ (DeviceLoadService.java:216)#HandleMessage ] CHECK_MOUNT_STATUS>>>>>>>>>>>>>>>>>>>>>>>>>>>>>>false
12-29 15:41:45.356 13324 13348 E DeviceLoadService: [ (DeviceLoadService.java:234)#CheckMountState ] mountPath/storage/emulated/0
12-29 15:41:45.358 13324 13348 E DeviceLoadService: [ (DeviceLoadService.java:258)#NotifyCheckChanged ] notifyCheckChanged>>>>>>>>>>>>>>>>>>>>>>
12-29 15:41:45.954  2666 11296 E storage_operate: HCDN_LOG: LevelF [2018/12/29 15:41:45:954][tid:11296]:[func:StatMemInfo],[line:625],[oper:stat_mem_info],[store:0],[avail:0],[extend:0]
12-29 15:42:00.885  2666 11296 E storage_operate: HCDN_LOG: LevelF [2018/12/29 15:42:00:885][tid:11296]:[func:GetPgfCapacityChange],[line:76],[oper:get pgf capacity change],[total_space:4076],[free_space:2984]
12-29 15:42:00.885  2666 11296 E storage_operate: HCDN_LOG: LevelF [2018/12/29 15:42:00:885][tid:11296]:[func:UpdatePgfCapacity],[line:1020],[oper:update pgf capacity],[state:1]
12-29 15:42:05.398 13324 13348 E DeviceLoadService: [ (DeviceLoadService.java:216)#HandleMessage ] CHECK_MOUNT_STATUS>>>>>>>>>>>>>>>>>>>>>>>>>>>>>>false
12-29 15:42:05.401 13324 13348 E DeviceLoadService: [ (DeviceLoadService.java:234)#CheckMountState ] mountPath/storage/emulated/0
12-29 15:42:05.404 13324 13348 E DeviceLoadService: [ (DeviceLoadService.java:258)#NotifyCheckChanged ] notifyCheckChanged>>>>>>>>>>>>>>>>>>>>>>
12-29 15:42:08.401  2666  2666 E ScreenSaverImageProvider: [TID 2666] readLocalScreenSaverModelList, read screen saver data failed
12-29 15:42:08.401  2666  2666 E ScreenSaverImageProvider: java.io.EOFException
12-29 15:42:08.401  2666  2666 E ScreenSaverImageProvider: 	at libcore.io.Streams.readFully(Streams.java:83)
12-29 15:42:08.401  2666  2666 E ScreenSaverImageProvider: 	at java.io.DataInputStream.readShort(DataInputStream.java:152)
12-29 15:42:08.401  2666  2666 E ScreenSaverImageProvider: 	at java.io.ObjectInputStream.readStreamHeader(ObjectInputStream.java:2061)
12-29 15:42:08.401  2666  2666 E ScreenSaverImageProvider: 	at java.io.ObjectInputStream.<init>(ObjectInputStream.java:371)
12-29 15:42:08.401  2666  2666 E ScreenSaverImageProvider: 	at com.gala.video.lib.framework.core.utils.SerializableUtils.read(SerializableUtils.java:71)
12-29 15:42:08.401  2666  2666 E ScreenSaverImageProvider: 	at com.gala.video.app.epg.k.g.h(ScreenSaverImageProvider.java:233)
12-29 15:42:08.401  2666  2666 E ScreenSaverImageProvider: 	at com.gala.video.app.epg.k.g.b(ScreenSaverImageProvider.java:68)
12-29 15:42:08.401  2666  2666 E ScreenSaverImageProvider: 	at com.gala.video.app.epg.k.g.e(ScreenSaverImageProvider.java:196)
12-29 15:42:08.401  2666  2666 E ScreenSaverImageProvider: 	at com.gala.video.app.epg.k.h$1.handleMessage(ScreenSaverOperator.java:74)
12-29 15:42:08.401  2666  2666 E ScreenSaverImageProvider: 	at android.os.Handler.dispatchMessage(Handler.java:102)
12-29 15:42:08.401  2666  2666 E ScreenSaverImageProvider: 	at android.os.Looper.loop(Looper.java:148)
12-29 15:42:08.401  2666  2666 E ScreenSaverImageProvider: 	at android.app.ActivityThread.main(ActivityThread.java:5417)
12-29 15:42:08.401  2666  2666 E ScreenSaverImageProvider: 	at java.lang.reflect.Method.invoke(Native Method)
12-29 15:42:08.401  2666  2666 E ScreenSaverImageProvider: 	at com.android.internal.os.ZygoteInit$MethodAndArgsCaller.run(ZygoteInit.java:731)
12-29 15:42:08.401  2666  2666 E ScreenSaverImageProvider: 	at com.android.internal.os.ZygoteInit.main(ZygoteInit.java:621)
12-29 15:42:18.310  2666  2666 E ScreenSaverImageProvider: [TID 2666] readLocalScreenSaverModelList, read screen saver data failed
12-29 15:42:18.310  2666  2666 E ScreenSaverImageProvider: java.io.EOFException
12-29 15:42:18.310  2666  2666 E ScreenSaverImageProvider: 	at libcore.io.Streams.readFully(Streams.java:83)
12-29 15:42:18.310  2666  2666 E ScreenSaverImageProvider: 	at java.io.DataInputStream.readShort(DataInputStream.java:152)
12-29 15:42:18.310  2666  2666 E ScreenSaverImageProvider: 	at java.io.ObjectInputStream.readStreamHeader(ObjectInputStream.java:2061)
12-29 15:42:18.310  2666  2666 E ScreenSaverImageProvider: 	at java.io.ObjectInputStream.<init>(ObjectInputStream.java:371)
12-29 15:42:18.310  2666  2666 E ScreenSaverImageProvider: 	at com.gala.video.lib.framework.core.utils.SerializableUtils.read(SerializableUtils.java:71)
12-29 15:42:18.310  2666  2666 E ScreenSaverImageProvider: 	at com.gala.video.app.epg.k.g.h(ScreenSaverImageProvider.java:233)
12-29 15:42:18.310  2666  2666 E ScreenSaverImageProvider: 	at com.gala.video.app.epg.k.g.b(ScreenSaverImageProvider.java:68)
12-29 15:42:18.310  2666  2666 E ScreenSaverImageProvider: 	at com.gala.video.app.epg.k.g.e(ScreenSaverImageProvider.java:196)
12-29 15:42:18.310  2666  2666 E ScreenSaverImageProvider: 	at com.gala.video.app.epg.k.h$1.handleMessage(ScreenSaverOperator.java:88)
12-29 15:42:18.310  2666  2666 E ScreenSaverImageProvider: 	at android.os.Handler.dispatchMessage(Handler.java:102)
12-29 15:42:18.310  2666  2666 E ScreenSaverImageProvider: 	at android.os.Looper.loop(Looper.java:148)
12-29 15:42:18.310  2666  2666 E ScreenSaverImageProvider: 	at android.app.ActivityThread.main(ActivityThread.java:5417)
12-29 15:42:18.310  2666  2666 E ScreenSaverImageProvider: 	at java.lang.reflect.Method.invoke(Native Method)
12-29 15:42:18.310  2666  2666 E ScreenSaverImageProvider: 	at com.android.internal.os.ZygoteInit$MethodAndArgsCaller.run(ZygoteInit.java:731)
12-29 15:42:18.310  2666  2666 E ScreenSaverImageProvider: 	at com.android.internal.os.ZygoteInit.main(ZygoteInit.java:621)
12-29 15:42:20.119  2249  2249 E RcPair  : BLuetooth 4.0 RC  pair cmd 
12-29 15:42:25.443 13324 13348 E DeviceLoadService: [ (DeviceLoadService.java:216)#HandleMessage ] CHECK_MOUNT_STATUS>>>>>>>>>>>>>>>>>>>>>>>>>>>>>>false
12-29 15:42:25.446 13324 13348 E DeviceLoadService: [ (DeviceLoadService.java:234)#CheckMountState ] mountPath/storage/emulated/0
12-29 15:42:25.449 13324 13348 E DeviceLoadService: [ (DeviceLoadService.java:258)#NotifyCheckChanged ] notifyCheckChanged>>>>>>>>>>>>>>>>>>>>>>
12-29 15:42:30.886  2666 11296 E storage_operate: HCDN_LOG: LevelF [2018/12/29 15:42:30:886][tid:11296]:[func:GetPgfCapacityChange],[line:76],[oper:get pgf capacity change],[total_space:4076],[free_space:2984]
12-29 15:42:30.886  2666 11296 E storage_operate: HCDN_LOG: LevelF [2018/12/29 15:42:30:886][tid:11296]:[func:UpdatePgfCapacity],[line:1020],[oper:update pgf capacity],[state:1]
12-29 15:42:45.486 13324 13348 E DeviceLoadService: [ (DeviceLoadService.java:216)#HandleMessage ] CHECK_MOUNT_STATUS>>>>>>>>>>>>>>>>>>>>>>>>>>>>>>false
12-29 15:42:45.488 13324 13348 E DeviceLoadService: [ (DeviceLoadService.java:234)#CheckMountState ] mountPath/storage/emulated/0
12-29 15:42:45.491 13324 13348 E DeviceLoadService: [ (DeviceLoadService.java:258)#NotifyCheckChanged ] notifyCheckChanged>>>>>>>>>>>>>>>>>>>>>>
12-29 15:43:00.887  2666 11296 E storage_operate: HCDN_LOG: LevelF [2018/12/29 15:43:00:887][tid:11296]:[func:GetPgfCapacityChange],[line:76],[oper:get pgf capacity change],[total_space:4076],[free_space:2984]
12-29 15:43:00.887  2666 11296 E storage_operate: HCDN_LOG: LevelF [2018/12/29 15:43:00:887][tid:11296]:[func:UpdatePgfCapacity],[line:1020],[oper:update pgf capacity],[state:1]
12-29 15:43:01.217  2666 11293 E MutiHost: HCDN_LOG: LevelF [2018/12/29 15:43:01:217][tid:11293]:SetNodeString,65  GetHostByName() success domain:flux.hcdn.ptqy.gitv.tv 
12-29 15:43:01.219  2666 11293 E MutiHost: HCDN_LOG: LevelF [2018/12/29 15:43:01:219][tid:11293]:SetNodeString,65  GetHostByName() success domain:flux.hcdn.ptqy.gitv.tv 
12-29 15:43:02.186 14277 14277 E Err     : [ (BaseActivity.java:-1)#OnResume ] BaseActivity onResume
12-29 15:43:05.154  2666 11294 E p2p_limit: HCDN_LOG: LevelE [2018/12/29 15:43:05:154][tid:11294]:UploadLimitByCPU,p2p download limit speed 1024 kb 
12-29 15:43:05.532 13324 13348 E DeviceLoadService: [ (DeviceLoadService.java:216)#HandleMessage ] CHECK_MOUNT_STATUS>>>>>>>>>>>>>>>>>>>>>>>>>>>>>>false
12-29 15:43:05.535 13324 13348 E DeviceLoadService: [ (DeviceLoadService.java:234)#CheckMountState ] mountPath/storage/emulated/0
12-29 15:43:05.537 13324 13348 E DeviceLoadService: [ (DeviceLoadService.java:258)#NotifyCheckChanged ] notifyCheckChanged>>>>>>>>>>>>>>>>>>>>>>
12-29 15:43:08.952  1801  1849 E InputDispatcher: channel '1346d23 com.xgimi.home/com.xgimi.home.ui.MainActivity (server)' ~ Channel is unrecoverably broken and will be disposed!
12-29 15:43:09.115  1801  1812 E ActivityManager: Yasin-dropcaches
12-29 15:43:09.155  2666 11294 E p2p_limit: HCDN_LOG: LevelE [2018/12/29 15:43:09:155][tid:11294]:UploadLimitByCPU,p2p download limit speed 1024 kb 
12-29 15:43:09.378  1801  2563 E ActivityManager: Yasin-dropcaches
12-29 15:43:09.475  1801  2056 E ActivityManager: Yasin-dropcaches
12-29 15:43:09.517  1801  2560 E ActivityManager: Yasin-dropcaches
12-29 15:43:09.621  1801  2054 E ActivityManager: Yasin-dropcaches
12-29 15:43:09.665  1801  1812 E ActivityManager: Yasin-dropcaches
12-29 15:43:09.781 15239 15239 E ActivityThread: Failed to find provider info for com.xgimi.usercenter
12-29 15:43:09.796 15266 15266 E Err     : [ (App.java:48)#OnCreate ] ErrLogService App onCreate
12-29 15:43:09.809 15239 15239 E App     : (App.java:64).onCreate():onReceive: install VControl
12-29 15:43:09.810 15239 15239 E App     : (App.java:65).onCreate():App: start ActionService
12-29 15:43:09.815  2455  2455 E ActionService: (ActionService.java:111).onStartCommand():ActionService.onStartCommand
12-29 15:43:09.815  2455  2455 E onStartCommand: webServer.Alive>>>>>>
12-29 15:43:09.819 15266 15266 E Err     : [ (ErrLogUploadService.java:177)#OnCreate ] ErrLogUploadService onCreate
12-29 15:43:09.841 15266 15266 E Err     : [ (ErrLogUploadService.java:232)#OnStartCommand ] onStartCommand
12-29 15:43:09.843 15266 15266 E Err     : [ (NetWorkChangeReceiver.java:51)#OnReceive ] NetWorkChangeReceiver action = android.net.conn.CONNECTIVITY_CHANGE
12-29 15:43:09.847 15266 15266 E Err     : [ (NetWorkUtils.java:86)#IsNetworkAvailable ] info.state = CONNECTED
12-29 15:43:09.851 15266 15266 E Err     : [ (ErrLogUploadService.java:420)#OnNetworkEnabled ] onNetworkEnabled
12-29 15:43:09.929 15239 15239 E DownloadService: (DownloadService.java:88).onStartCommand():onStartCommand: android.uid.system:1000
12-29 15:43:10.155  2666 11294 E p2p_limit: HCDN_LOG: LevelE [2018/12/29 15:43:10:155][tid:11294]:UploadLimitByCPU,p2p download limit speed 1024 kb 
12-29 15:43:10.318 15255 15255 E launcher3.0 DownloadHelper.java: [ (DownloadHelper.java:-1)#Init ] init DownloadManager
12-29 15:43:10.365 15255 15255 E Err     : [ (MyApp.java:-1)#OnCreate ] MyApp onCreate time = 120
12-29 15:43:10.477 15255 15255 E Err     : [ (Xgimi4KUtils.java:-1)#AppReg ] uid = null
12-29 15:43:10.478 15255 15255 E SkGarden: params should not null
12-29 15:43:10.504 15255 15255 E Err     : [ (BaseActivity.java:-1)#BootSourceCheck ] bootsourcename = 
12-29 15:43:10.505 15255 15255 E Err     : [ (MiddleWareUtils.java:-1)#SwitchToSignalSource ] switchToSignalSource = null
12-29 15:43:10.506 15255 15255 E Err     : [ (MiddleWareUtils.java:-1)#SwitchToSignalSource ] isDoubleScreenMode or sw is empty
12-29 15:43:10.756 15255 15255 E NetWorkIcon: [ (TitleFragment.java:-1)#OnCreateView ] onCreateView lastNetwork = ,prop = false
12-29 15:43:10.771 15255 15255 E Err     : [ (MainActivity.java:-2)#OnCreate ] MainActivity onCreate time 5= 378
12-29 15:43:10.789 15255 15255 E Err     : [ (MiddleWareUtils.java:-1)#IsSupportBattery ] globalConfig = {    "model": "Z4V",    "signal": [        {            "name": "HDMI1",            "source": "E_INPUT_SOURCE_HDMI",            "sw": "HDMI1"        },		{            "name": "HDMI2",            "source": "E_INPUT_SOURCE_HDMI2",            "sw": "HDMI2"        },        {            "name": "USB2.0",            "source": "",            "sw": ""        }    ],	"systemMemoryInfo":{		"memory":"1GB",		"system_storage":"4GB",		"builtin_storage":"4GB"	},	"videoCustomerDefault": [		{			"source": "storage",			"brightness": 50,			"contrast": 50,			"saturation": 50,			"sharpness": 26,			"colorTemp": 1		}	],	"Bluetooth": [		{			"ble_pair_rssi": -62,			"bt_name":"Gimi Z4V BT Speaker",			"sounder_Mode_light":"false"		}	]}
12-29 15:43:10.851 15255 15255 E Err     : [ (MyAppGlideModule.java:-1)#ApplyOptions ] 内置缓存路径 
12-29 15:43:10.876 15255 15255 E Err     : [ (BaseActivity.java:-1)#OnResume ] BaseActivity onResume
12-29 15:43:10.896 15266 15266 E Err     : [ (ErrLogUploadService.java:436)#DealLogFile ] 4,logDir = /sdcard/syslog/zip/
12-29 15:43:10.924 15266 15266 E Err     : [ (ErrLogUploadService.java:436)#DealLogFile ] 3,logDir = /sdcard/syslog/zip/
12-29 15:43:10.927 15266 15316 E Err     : [ (ErrLogUploadService.java:444)#Subscribe ] list = [Ljava.io.File;@4cc04d2
12-29 15:43:10.929 15266 15317 E Err     : [ (ErrLogUploadService.java:444)#Subscribe ] list = [Ljava.io.File;@c239a3
12-29 15:43:10.931 15266 15266 E Err     : [ (ErrLogUploadService.java:436)#DealLogFile ] 1,logDir = /sdcard/syslog/zip/
12-29 15:43:10.935 15266 15318 E Err     : [ (ErrLogUploadService.java:444)#Subscribe ] list = [Ljava.io.File;@cab2acc
12-29 15:43:10.937 15266 15266 E Err     : [ (RxExecutorUtil.java:47)#Accept ] RxExecutorUtil err = java.lang.NullPointerException: onNext called with null. Null values are generally not allowed in 2.x operators and sources.
12-29 15:43:10.938 15266 15266 E Err     : [ (RxExecutorUtil.java:47)#Accept ] RxExecutorUtil err = java.lang.NullPointerException: onNext called with null. Null values are generally not allowed in 2.x operators and sources.
12-29 15:43:10.939 15266 15266 E Err     : [ (RxExecutorUtil.java:47)#Accept ] RxExecutorUtil err = java.lang.NullPointerException: onNext called with null. Null values are generally not allowed in 2.x operators and sources.
12-29 15:43:10.964 15255 15319 E Err     : [ (InitializeService.java:-1)#PerformInit ] performInit begin:1546069390964
12-29 15:43:10.965 15255 15255 E launcher3.0 IQiYiUtils.java: [ (IQiYiUtils.java:-1)#OnConnected ] onConnected483
12-29 15:43:10.971  2666  3066 E EPG/home/DeviceCheckResult: [TID 3066] isDevCheckPass() ApiKey is bbf05a0eb71413ceda9b0803c757b5e9
12-29 15:43:11.029 15255 15255 E launcher3.0 IQiYiUtils.java: [ (IQiYiUtils.java:-1)#OnAuthSuccess ] onAuthSuccess547
12-29 15:43:11.098 15255 15319 E Err     : [ (InitializeService.java:-1)#PerformInit ] performInit end:1546069391097
12-29 15:43:11.099 15255 15337 E Err     : [ (ChildModeUtil.java:-1)#Call ] setDefaultVoiceProp = 1
12-29 15:43:11.155  2666 11294 E p2p_limit: HCDN_LOG: LevelE [2018/12/29 15:43:11:155][tid:11294]:UploadLimitByCPU,p2p download limit speed 1024 kb 
12-29 15:43:11.206 13237 13248 E JErr    : [ (WeatherManager.java:177)#GetLocationParams ] country = 中国,province = 四川省,city = 成都市,district = 武侯区
12-29 15:43:11.231 15255 15341 E Err     : [ (MiddleWareUtils.java:-1)#Call ] bondDevices = [name::BLuetooth 4.0 RC  address::8B:67:5B:32:4D:8A  pro_type::3  statue_type::2  bt_type::8]
12-29 15:43:11.264 15255 15342 E Err     : [ (MsgUtils.java:-1)#Call ] 雪,3℃-0℃
12-29 15:43:11.312 15255 15344 E Err     : [ (MiddleWareUtils.java:-1)#Call ] bondDevices = [name::BLuetooth 4.0 RC  address::8B:67:5B:32:4D:8A  pro_type::3  statue_type::2  bt_type::8]
12-29 15:43:11.324 13237 13248 E JErr    : [ (WeatherManager.java:177)#GetLocationParams ] country = 中国,province = 四川省,city = 成都市,district = 武侯区
12-29 15:43:11.330 15255 15341 E Err     : [ (MiddleWareUtils.java:-1)#Call ] bondDevices = [name::BLuetooth 4.0 RC  address::8B:67:5B:32:4D:8A  pro_type::3  statue_type::2  bt_type::8]
12-29 15:43:11.376 15255 15255 E Err     : [ (LogReportService.java:-1)#OnStartCommand ] service upload log report
12-29 15:43:11.382 15255 15255 E Err     : [ (BackgroundService.java:-1)#OnStartCommand ] start dependAppDownload service
12-29 15:43:11.393 15255 15342 E Err     : [ (MsgUtils.java:-1)#Call ] 雪,3℃-0℃
12-29 15:43:11.702 15255 15255 E Err     : [ (MiddleWareUtils.java:-1)#Call ] result = [name::BLuetooth 4.0 RC  address::8B:67:5B:32:4D:8A  pro_type::3  statue_type::2  bt_type::8]
12-29 15:43:11.708 15255 15255 E Err     : [ (NetWorkChangeReceiver.java:-1)#OnReceive ] action = android.net.conn.CONNECTIVITY_CHANGE
12-29 15:43:11.710 15255 15255 E launcher3.0 NetWorkIcon.java: [ (NetWorkIcon.java:-1)#OnEthernetEnabled ] onEthernetEnabled
12-29 15:43:11.711 15255 15255 E NetWorkIcon: [ (NetWorkIcon.java:-1)#ToastNetWork ] lastToast = toast_disable,toast = 已连接到有线网络
12-29 15:43:11.739 15255 15255 E Err     : [ (MiddleWareUtils.java:-1)#Call ] result = [name::BLuetooth 4.0 RC  address::8B:67:5B:32:4D:8A  pro_type::3  statue_type::2  bt_type::8]
12-29 15:43:11.750 15255 15255 E Err     : [ (MiddleWareUtils.java:-1)#Call ] result = [name::BLuetooth 4.0 RC  address::8B:67:5B:32:4D:8A  pro_type::3  statue_type::2  bt_type::8]
12-29 15:43:11.875 15255 15255 E launcher3.0 CenterFragment.java: [ (CenterFragment.java:-1)#InitUI ] initUI force
12-29 15:43:11.919 15255 15344 E Err     : [ (HttpsUtil.java:-1)#CheckServerTrusted ] checkServerTrusted: SignatureException:null
12-29 15:43:11.924 15255 15344 E Err     : [ (HttpsUtil.java:-1)#CheckServerTrusted ] checkServerTrusted: SignatureException:null
12-29 15:43:11.928 15255 15344 E Err     : [ (HttpsUtil.java:-1)#CheckServerTrusted ] checkServerTrusted: SignatureException:null
12-29 15:43:12.010 15255 15255 E Err     : [ (PageDbUtils.java:-1)#IsDefaultSort ] showPages = [PageObject{tagid='110007', pagename='更多', index=0, isshown=true, homepage=false, cannothide=false} io.realm.PageObjectRealmProxy@53e2e6a8, PageObject{tagid='110000', pagename='我的', index=1, isshown=true, homepage=false, cannothide=false} io.realm.PageObjectRealmProxy@53e2e6a9, PageObject{tagid='110016', pagename='VIP', index=2, isshown=true, homepage=false, cannothide=false} io.realm.PageObjectRealmProxy@53e2e6aa, PageObject{tagid='110002', pagename='电影', index=3, isshown=true, homepage=false, cannothide=false} io.realm.PageObjectRealmProxy@53e2e6ab, PageObject{tagid='110011', pagename='少儿', index=4, isshown=true, homepage=false, cannothide=false} io.realm.PageObjectRealmProxy@53e2e6ac, PageObject{tagid='110003', pagename='电视剧', index=5, isshown=true, homepage=false, cannothide=false} io.realm.PageObjectRealmProxy@53e2e6ad, PageObject{tagid='110004', pagename='综艺', index=6, isshown=true, homepage=false, cannothide=false} io.realm.PageObjectRealmProxy@53e2e6ae, PageObject{tagid='110013', pagename='体育', index=7, isshown=true, homepage=false, cannothide=false} io.realm.PageObjectRealmProxy@53e2e6af, PageObject{tagid='110001', pagename='应用', index=8, isshown=true, homepage=false, cannothide=false} io.realm.PageObjectRealmProxy@53e2e6b0]
12-29 15:43:12.010 15255 15255 E Err     : [更多, 我的, VIP, 电影, 少儿, 电视剧, 综艺, 体育, 应用]
12-29 15:43:12.011 15255 15255 E Err     : [ (PageDbUtils.java:-1)#SetDefaultUITab ] setDefaultUITab = null
12-29 15:43:12.038 15255 15255 E Err     : [ (MainActivity.java:-1)#OnEventNetworkEnable ] onEventNetworkEnable
12-29 15:43:12.043 15255 15255 E Err     : [ (Xgimi4KUtils.java:-1)#AppReg ] uid = null
12-29 15:43:12.043 15255 15255 E SkGarden: params should not null
12-29 15:43:12.044 15255 15255 E Err     : [ (TitleFragment.java:-1)#OnEventNetworkEnable ] onEventNetworkEnable
12-29 15:43:12.051 15255 15255 E Err     : [ (CenterFragment.java:-1)#OnEventNetworkEnable ] onEventNetworkEnable
12-29 15:43:12.057 13237 13249 E JErr    : [ (WeatherManager.java:177)#GetLocationParams ] country = 中国,province = 四川省,city = 成都市,district = 武侯区
12-29 15:43:12.062 15255 15255 E Err     : [ (LogReporterUtil.java:-1)#SendLogsInitData ] sendLogsInitData prop = true
12-29 15:43:12.066 15255 15370 E Err     : [ (CommonUtil.java:-1)#Run ] country = 中国,province = 四川省,city = 成都市,district = 武侯区
12-29 15:43:12.072 15255 15370 E Err     : [ (CenterFragment.java:-1)#OnSuccess ] getAddress
12-29 15:43:12.073 15255 15370 E Err     : [ (CenterFragment.java:-1)#GetNetData ] params updatetime = 0
12-29 15:43:12.137 15255 15342 E Err     : [ (MsgUtils.java:-1)#Call ] 雪,3℃-0℃
12-29 15:43:12.155  2666 11294 E p2p_limit: HCDN_LOG: LevelE [2018/12/29 15:43:12:155][tid:11294]:UploadLimitByCPU,p2p download limit speed 1024 kb 
12-29 15:43:12.238 15255 15255 E Err     : [ (CenterFragment.java:-1)#OnEventNetworkEnable ] queryScreenInfo
12-29 15:43:12.446  1280  1280 E DIP DRV : [Utopia][MDrv_XC_DIP_SetWinProperty:1398] Clear Buffer info
12-29 15:43:12.474 15255 15344 E Err     : [ (HttpsUtil.java:-1)#CheckServerTrusted ] checkServerTrusted: SignatureException:null
12-29 15:43:12.480 15255 15344 E Err     : [ (HttpsUtil.java:-1)#CheckServerTrusted ] checkServerTrusted: SignatureException:null
12-29 15:43:12.486 15255 15344 E Err     : [ (HttpsUtil.java:-1)#CheckServerTrusted ] checkServerTrusted: SignatureException:null
12-29 15:43:12.580 15255 15255 E Err     : [ (SmartTabLayout.java:-1)#SelectTab ] selectTab = 2
12-29 15:43:12.644 15255 15255 E Err     : [ (HttpUtils.java:-1)#_onSuccess ] method:getRelyApks
12-29 15:43:12.644 15255 15255 E Err     : time:937
12-29 15:43:12.645 15255 15255 E Err     : [ (BackgroundService.java:-1)#_onSuccess ] getRelyApks = []
12-29 15:43:12.645 15255 15255 E Err     : [ (HttpUtils.java:-1)#_onSuccess ] method:getScreenInfo
12-29 15:43:12.645 15255 15255 E Err     : time:396
12-29 15:43:12.646 15255 15255 E launcher3.0 ScreenSaverHelper.java: [ (ScreenSaverHelper.java:-1)#_onSuccess ] queryScreenInfo no update
12-29 15:43:12.648 13237 13263 E JErr    : [ (WeatherManager.java:177)#GetLocationParams ] country = 中国,province = 四川省,city = 成都市,district = 武侯区
12-29 15:43:12.649 15255 15255 E Err     : [ (BackgroundService.java:-1)#OnStartCommand ] start dependAppDownload service
12-29 15:43:12.656 15255 15376 E Err     : [ (IQiYiUtils.java:-1)#OnError ] onError = 2040208
12-29 15:43:12.709 15255 15342 E Err     : [ (MsgUtils.java:-1)#Call ] 雪,3℃-0℃
12-29 15:43:12.929 15255 15255 E Err     : [ (TitleFragment.java:-1)#Call ] hdmiHandle  = false
12-29 15:43:12.933 15255 15255 E Err     : [ (MainActivity.java:-1)#OnEventPageSelect ] onEventPageSelect = 110000
12-29 15:43:13.022 15255 15255 E Err     : [ (HistoryCacheUtil.java:-1)#GetIQiYiHistory ] getIQiYiHistory = 18
12-29 15:43:13.023 15255 15255 E Err     : [ (IQiYiUtils.java:-1)#FilterPic ] picUrl = http://pic9.ptqy.gitv.tv/image/20181227/be/91/v_115506010_m_600_m2_260_360.jpg
12-29 15:43:13.027 15255 15255 E Err     : [ (IQiYiUtils.java:-1)#FilterPic ] pic = 5
12-29 15:43:13.027 15255 15255 E Err     : pic = false
12-29 15:43:13.027 15255 15255 E Err     : [ (IQiYiUtils.java:-1)#FilterPic ] pic = 5
12-29 15:43:13.027 15255 15255 E Err     : pic = false
12-29 15:43:13.027 15255 15255 E Err     : [ (IQiYiUtils.java:-1)#FilterPic ] pic = 5
12-29 15:43:13.027 15255 15255 E Err     : pic = true
12-29 15:43:13.032 15255 15349 E Err     : [ (HttpsUtil.java:-1)#CheckServerTrusted ] checkServerTrusted: SignatureException:null
12-29 15:43:13.035 15255 15255 E Err     : [ (HistoryCacheUtil.java:-1)#GetHistorySync ] mediaPic = http://pic9.ptqy.gitv.tv/image/20181227/be/91/v_115506010_m_600_m2.jpg
12-29 15:43:13.035 15255 15255 E Err     : getMediaPic = http://pic8.ptqy.gitv.tv/image/20181227/0a/a3/v_115506010_m_601_m12_260_360.jpg
12-29 15:43:13.036 15255 15255 E Err     : [ (IQiYiUtils.java:-1)#FilterPic ] picUrl = http://pic0.ptqy.gitv.tv/image/20170803/f6/50/v_113008102_m_600_260_360.jpg
12-29 15:43:13.036 15255 15255 E Err     : [ (IQiYiUtils.java:-1)#FilterPic ] pic = 5
12-29 15:43:13.036 15255 15255 E Err     : pic = false
12-29 15:43:13.036 15255 15255 E Err     : [ (IQiYiUtils.java:-1)#FilterPic ] pic = 5
12-29 15:43:13.036 15255 15255 E Err     : pic = false
12-29 15:43:13.036 15255 15255 E Err     : [ (IQiYiUtils.java:-1)#FilterPic ] pic = 5
12-29 15:43:13.036 15255 15255 E Err     : pic = true
12-29 15:43:13.037 15255 15349 E Err     : [ (HttpsUtil.java:-1)#CheckServerTrusted ] checkServerTrusted: SignatureException:null
12-29 15:43:13.040 15255 15255 E Err     : [ (HistoryCacheUtil.java:-1)#GetHistorySync ] mediaPic = http://pic0.ptqy.gitv.tv/image/20170803/f6/50/v_113008102_m_600.jpg
12-29 15:43:13.040 15255 15255 E Err     : getMediaPic = http://pic0.ptqy.gitv.tv/image/20170803/f6/50/v_113008102_m_600_260_360.jpg
12-29 15:43:13.040 15255 15255 E Err     : [ (IQiYiUtils.java:-1)#FilterPic ] picUrl = http://pic2.ptqy.gitv.tv/image/20180711/ae/06/v_116495556_m_600_m3_260_360.jpg
12-29 15:43:13.041 15255 15255 E Err     : [ (IQiYiUtils.java:-1)#FilterPic ] pic = 5
12-29 15:43:13.041 15255 15255 E Err     : pic = false
12-29 15:43:13.041 15255 15255 E Err     : [ (IQiYiUtils.java:-1)#FilterPic ] pic = 5
12-29 15:43:13.041 15255 15255 E Err     : pic = false
12-29 15:43:13.041 15255 15255 E Err     : [ (IQiYiUtils.java:-1)#FilterPic ] pic = 5
12-29 15:43:13.041 15255 15255 E Err     : pic = true
12-29 15:43:13.045 15255 15255 E Err     : [ (HistoryCacheUtil.java:-1)#GetHistorySync ] mediaPic = http://pic2.ptqy.gitv.tv/image/20180711/ae/06/v_116495556_m_600_m3.jpg
12-29 15:43:13.045 15255 15255 E Err     : getMediaPic = http://pic1.ptqy.gitv.tv/image/20180711/c2/a7/v_116495556_m_601_m3_260_360.jpg
12-29 15:43:13.045 15255 15255 E Err     : [ (IQiYiUtils.java:-1)#FilterPic ] picUrl = http://pic3.ptqy.gitv.tv/image/20180927/3b/73/v_50005982_m_600_m2_260_360.jpg
12-29 15:43:13.046 15255 15255 E Err     : [ (IQiYiUtils.java:-1)#FilterPic ] pic = 5
12-29 15:43:13.046 15255 15255 E Err     : pic = false
12-29 15:43:13.046 15255 15255 E Err     : [ (IQiYiUtils.java:-1)#FilterPic ] pic = 5
12-29 15:43:13.046 15255 15255 E Err     : pic = false
12-29 15:43:13.046 15255 15255 E Err     : [ (IQiYiUtils.java:-1)#FilterPic ] pic = 5
12-29 15:43:13.046 15255 15255 E Err     : pic = true
12-29 15:43:13.048 15255 15349 E Err     : [ (HttpsUtil.java:-1)#CheckServerTrusted ] checkServerTrusted: SignatureException:null
12-29 15:43:13.050 15255 15255 E Err     : [ (HistoryCacheUtil.java:-1)#GetHistorySync ] mediaPic = http://pic3.ptqy.gitv.tv/image/20180927/3b/73/v_50005982_m_600_m2.jpg
12-29 15:43:13.050 15255 15255 E Err     : getMediaPic = http://pic4.ptqy.gitv.tv/image/20181120/6f/12/v_50005982_m_601_m15_260_360.jpg
12-29 15:43:13.050 15255 15255 E Err     : [ (IQiYiUtils.java:-1)#FilterPic ] picUrl = http://pic0.ptqy.gitv.tv/image/20150723/60/fa/v_50113860_m_600_m6_260_360.jpg
12-29 15:43:13.050 15255 15255 E Err     : [ (IQiYiUtils.java:-1)#FilterPic ] pic = 5
12-29 15:43:13.050 15255 15255 E Err     : pic = false
12-29 15:43:13.051 15255 15255 E Err     : [ (IQiYiUtils.java:-1)#FilterPic ] pic = 5
12-29 15:43:13.051 15255 15255 E Err     : pic = false
12-29 15:43:13.051 15255 15255 E Err     : [ (IQiYiUtils.java:-1)#FilterPic ] pic = 5
12-29 15:43:13.051 15255 15255 E Err     : pic = true
12-29 15:43:13.068 15255 15255 E Err     : [ (HistoryCacheUtil.java:-1)#GetHistorySync ] mediaPic = http://pic0.ptqy.gitv.tv/image/20150723/60/fa/v_50113860_m_600_m6.jpg
12-29 15:43:13.068 15255 15255 E Err     : getMediaPic = http://pic1.ptqy.gitv.tv/image/20180211/8f/5f/v_50113860_m_601_m7_260_360.jpg
12-29 15:43:13.105 15255 15255 E Err     : [ (HttpUtils.java:-1)#_onSuccess ] method:getRelyApks
12-29 15:43:13.105 15255 15255 E Err     : time:205
12-29 15:43:13.105 15255 15255 E Err     : [ (BackgroundService.java:-1)#_onSuccess ] getRelyApks = []
12-29 15:43:13.105 15255 15255 E Err     : [ (SmartTabLayout.java:-1)#Run ] update tab == 我的
12-29 15:43:13.155  2666 11294 E p2p_limit: HCDN_LOG: LevelE [2018/12/29 15:43:13:155][tid:11294]:UploadLimitByCPU,p2p download limit speed 1024 kb 
12-29 15:43:13.265 15255 15255 E Err     : [ (HttpUtils.java:-1)#_onSuccess ] method:getIndividualityVideoByPage
12-29 15:43:13.265 15255 15255 E Err     : time:167
12-29 15:43:13.266 15255 15255 E Err     : [ (PageFragment.java:-1)#_onSuccess ] mGuess = false
12-29 15:43:13.357 15255 15255 E Err     : [ (HttpUtils.java:-1)#_onSuccess ] method:getPkgRepl
12-29 15:43:13.357 15255 15255 E Err     : time:431
12-29 15:43:13.358 15255 15255 E Err     : [ (BackgroundService.java:-1)#_onSuccess ] appReplaceBeanList = AppReplaceBean{pkg_repls=[AppReplaceInfo{pkgNameList=[com.ktcp.video], channelPkgName='com.ktcp.tvvideo', channelKey='', channelValue='', op_type=2', op_url='#Intent;action=com.xgimi.appstore.appdetails;launchFlags=0x10000000;S.id=gimiqudaoqqvideo;i.autoDownload=1;end', downloadUrl='http://update03.xgimi.net/gimiapk/tv_video_3.1.0.2249_android_16008.apk'}]}
